#
# There is insufficient memory for the Java Runtime Environment to continue.
# Native memory allocation (malloc) failed to allocate 1214736 bytes for Chunk::new
# Possible reasons:
#   The system is out of physical RAM or swap space
#   The process is running with CompressedOops enabled, and the Java Heap may be blocking the growth of the native heap
# Possible solutions:
#   Reduce memory load on the system
#   Increase physical memory or swap space
#   Check if swap backing store is full
#   Decrease Java heap size (-Xmx/-Xms)
#   Decrease number of Java threads
#   Decrease Java thread stack sizes (-Xss)
#   Set larger code cache with -XX:ReservedCodeCacheSize=
#   JVM is running with Unscaled Compressed Oops mode in which the Java heap is
#     placed in the first 4GB address space. The Java Heap base address is the
#     maximum limit for the native heap growth. Please use -XX:HeapBaseMinAddress
#     to set the Java Heap base and to place the Java Heap above 4GB virtual address.
# This output file may be truncated or incomplete.
#
#  Out of Memory Error (arena.cpp:168), pid=25164, tid=5888
#
# JRE version: Java(TM) SE Runtime Environment (21.0.8+12) (build 21.0.8+12-LTS-250)
# Java VM: Java HotSpot(TM) 64-Bit Server VM (21.0.8+12-LTS-250, mixed mode, sharing, tiered, compressed oops, compressed class ptrs, g1 gc, windows-amd64)
# No core dump will be written. Minidumps are not enabled by default on client versions of Windows
#

---------------  S U M M A R Y ------------

Command Line: --enable-native-access=ALL-UNNAMED -Dclassworlds.conf=C:\ProgramData\chocolatey\lib\maven\apache-maven-3.9.15\bin\m2.conf -Dmaven.home=C:\ProgramData\chocolatey\lib\maven\apache-maven-3.9.15 -Dlibrary.jansi.path=C:\ProgramData\chocolatey\lib\maven\apache-maven-3.9.15\lib\jansi-native -Dmaven.multiModuleProjectDirectory=C:\Users\natha\OneDrive\Documents\engineering\learning\nasa\nasaApodJob org.codehaus.plexus.classworlds.launcher.Launcher clean install

Host: 12th Gen Intel(R) Core(TM) i7-1255U, 12 cores, 7G,  Windows 11 , 64 bit Build 26100 (10.0.26100.8246)
Time: Thu May  7 22:38:25 2026 GMT Summer Time elapsed time: 22.528581 seconds (0d 0h 0m 22s)

---------------  T H R E A D  ---------------

Current thread (0x000001324f2dead0):  JavaThread "C2 CompilerThread0" daemon [_thread_in_native, id=5888, stack(0x0000001554d00000,0x0000001554e00000) (1024K)]


Current CompileTask:
C2:  22529 7660   !   4       java.nio.file.FileTreeWalker::next (144 bytes)

Stack: [0x0000001554d00000,0x0000001554e00000]
Native frames: (J=compiled Java code, j=interpreted, Vv=VM code, C=native code)
V  [jvm.dll+0x6cc179]
V  [jvm.dll+0x8584c1]
V  [jvm.dll+0x85a9ee]
V  [jvm.dll+0x85b0c3]
V  [jvm.dll+0x27ebf6]
V  [jvm.dll+0xc4f4d]
V  [jvm.dll+0xc5483]
V  [jvm.dll+0x3b6a82]
V  [jvm.dll+0x1e0363]
V  [jvm.dll+0x2477c2]
V  [jvm.dll+0x246c4f]
V  [jvm.dll+0x1c7a3e]
V  [jvm.dll+0x256359]
V  [jvm.dll+0x2548ea]
V  [jvm.dll+0x3efef6]
V  [jvm.dll+0x80279b]
V  [jvm.dll+0x6ca85d]
C  [ucrtbase.dll+0x37b0]
C  [KERNEL32.DLL+0x2e8d7]
C  [ntdll.dll+0x8c3fc]


---------------  P R O C E S S  ---------------

Threads class SMR info:
_java_thread_list=0x0000013296d451a0, length=23, elements={
0x0000013230300db0, 0x000001324f2b06d0, 0x000001324f2b1120, 0x000001324f2b8560,
0x000001324f2b9310, 0x000001324f2b9f10, 0x000001324f2bd2c0, 0x000001324f2dead0,
0x000001324f2e2ef0, 0x000001324f5790b0, 0x000001324f596540, 0x0000013296314b10,
0x0000013296464650, 0x0000013295558040, 0x00000132974c24e0, 0x00000132960551f0,
0x0000013296055850, 0x0000013296055eb0, 0x0000013296056510, 0x0000013296bcaeb0,
0x0000013296bcc260, 0x0000013296bcb540, 0x0000013296bcc8f0
}

Java Threads: ( => current thread )
  0x0000013230300db0 JavaThread "main"                              [_thread_in_native, id=30452, stack(0x0000001553f00000,0x0000001554000000) (1024K)]
  0x000001324f2b06d0 JavaThread "Reference Handler"          daemon [_thread_blocked, id=23932, stack(0x0000001554700000,0x0000001554800000) (1024K)]
  0x000001324f2b1120 JavaThread "Finalizer"                  daemon [_thread_blocked, id=4388, stack(0x0000001554800000,0x0000001554900000) (1024K)]
  0x000001324f2b8560 JavaThread "Signal Dispatcher"          daemon [_thread_blocked, id=16364, stack(0x0000001554900000,0x0000001554a00000) (1024K)]
  0x000001324f2b9310 JavaThread "Attach Listener"            daemon [_thread_blocked, id=24988, stack(0x0000001554a00000,0x0000001554b00000) (1024K)]
  0x000001324f2b9f10 JavaThread "Service Thread"             daemon [_thread_blocked, id=9324, stack(0x0000001554b00000,0x0000001554c00000) (1024K)]
  0x000001324f2bd2c0 JavaThread "Monitor Deflation Thread"   daemon [_thread_blocked, id=35344, stack(0x0000001554c00000,0x0000001554d00000) (1024K)]
=>0x000001324f2dead0 JavaThread "C2 CompilerThread0"         daemon [_thread_in_native, id=5888, stack(0x0000001554d00000,0x0000001554e00000) (1024K)]
  0x000001324f2e2ef0 JavaThread "C1 CompilerThread0"         daemon [_thread_blocked, id=35836, stack(0x0000001554e00000,0x0000001554f00000) (1024K)]
  0x000001324f5790b0 JavaThread "Notification Thread"        daemon [_thread_blocked, id=28620, stack(0x0000001554f00000,0x0000001555000000) (1024K)]
  0x000001324f596540 JavaThread "Common-Cleaner"             daemon [_thread_blocked, id=23148, stack(0x0000001555000000,0x0000001555100000) (1024K)]
  0x0000013296314b10 JavaThread "Thread-1"                   daemon [_thread_blocked, id=3936, stack(0x0000001555a00000,0x0000001555b00000) (1024K)]
  0x0000013296464650 JavaThread "ForkJoinPool.commonPool-worker-1" daemon [_thread_blocked, id=21040, stack(0x0000001555b00000,0x0000001555c00000) (1024K)]
  0x0000013295558040 JavaThread "ForkJoinPool.commonPool-worker-2" daemon [_thread_blocked, id=16000, stack(0x0000001555c00000,0x0000001555d00000) (1024K)]
  0x00000132974c24e0 JavaThread "ForkJoinPool.commonPool-worker-4" daemon [_thread_blocked, id=26336, stack(0x0000001555d00000,0x0000001555e00000) (1024K)]
  0x00000132960551f0 JavaThread "ForkJoinPool.commonPool-worker-3" daemon [_thread_blocked, id=35420, stack(0x0000001555e00000,0x0000001555f00000) (1024K)]
  0x0000013296055850 JavaThread "ForkJoinPool.commonPool-worker-5" daemon [_thread_blocked, id=36840, stack(0x0000001555f00000,0x0000001556000000) (1024K)]
  0x0000013296055eb0 JavaThread "ForkJoinPool.commonPool-worker-6" daemon [_thread_blocked, id=37300, stack(0x0000001556000000,0x0000001556100000) (1024K)]
  0x0000013296056510 JavaThread "ForkJoinPool.commonPool-worker-7" daemon [_thread_blocked, id=31332, stack(0x0000001556100000,0x0000001556200000) (1024K)]
  0x0000013296bcaeb0 JavaThread "ForkJoinPool.commonPool-worker-8" daemon [_thread_blocked, id=24112, stack(0x0000001556200000,0x0000001556300000) (1024K)]
  0x0000013296bcc260 JavaThread "ForkJoinPool.commonPool-worker-9" daemon [_thread_blocked, id=4888, stack(0x0000001556300000,0x0000001556400000) (1024K)]
  0x0000013296bcb540 JavaThread "ForkJoinPool.commonPool-worker-10" daemon [_thread_blocked, id=17156, stack(0x0000001556400000,0x0000001556500000) (1024K)]
  0x0000013296bcc8f0 JavaThread "ForkJoinPool.commonPool-worker-11" daemon [_thread_blocked, id=23004, stack(0x0000001556500000,0x0000001556600000) (1024K)]
Total: 23

Other Threads:
  0x000001324f2917d0 VMThread "VM Thread"                           [id=34204, stack(0x0000001554600000,0x0000001554700000) (1024K)]
  0x000001324f27fa90 WatcherThread "VM Periodic Task Thread"        [id=24912, stack(0x0000001554500000,0x0000001554600000) (1024K)]
  0x000001323086c760 WorkerThread "GC Thread#0"                     [id=38880, stack(0x0000001554000000,0x0000001554100000) (1024K)]
  0x00000132956c35d0 WorkerThread "GC Thread#1"                     [id=22752, stack(0x0000001555200000,0x0000001555300000) (1024K)]
  0x00000132957f7be0 WorkerThread "GC Thread#2"                     [id=27844, stack(0x0000001555300000,0x0000001555400000) (1024K)]
  0x0000013295a826b0 WorkerThread "GC Thread#3"                     [id=21768, stack(0x0000001555400000,0x0000001555500000) (1024K)]
  0x0000013295a82a50 WorkerThread "GC Thread#4"                     [id=33828, stack(0x0000001555500000,0x0000001555600000) (1024K)]
  0x000001329570bfa0 WorkerThread "GC Thread#5"                     [id=12972, stack(0x0000001555600000,0x0000001555700000) (1024K)]
  0x000001329570c340 WorkerThread "GC Thread#6"                     [id=31656, stack(0x0000001555700000,0x0000001555800000) (1024K)]
  0x000001329570c6e0 WorkerThread "GC Thread#7"                     [id=33712, stack(0x0000001555800000,0x0000001555900000) (1024K)]
  0x0000013295bb8640 WorkerThread "GC Thread#8"                     [id=35744, stack(0x0000001555100000,0x0000001555200000) (1024K)]
  0x0000013295bb7080 WorkerThread "GC Thread#9"                     [id=29244, stack(0x0000001555900000,0x0000001555a00000) (1024K)]
  0x000001323087d510 ConcurrentGCThread "G1 Main Marker"            [id=37292, stack(0x0000001554100000,0x0000001554200000) (1024K)]
  0x000001323087ee90 WorkerThread "G1 Conc#0"                       [id=30592, stack(0x0000001554200000,0x0000001554300000) (1024K)]
  0x0000013295c71370 WorkerThread "G1 Conc#1"                       [id=37980, stack(0x0000001556600000,0x0000001556700000) (1024K)]
  0x0000013295c72cd0 WorkerThread "G1 Conc#2"                       [id=39796, stack(0x0000001556700000,0x0000001556800000) (1024K)]
  0x000001324f146190 ConcurrentGCThread "G1 Refine#0"               [id=34512, stack(0x0000001554300000,0x0000001554400000) (1024K)]
  0x000001324f1489c0 ConcurrentGCThread "G1 Service"                [id=22076, stack(0x0000001554400000,0x0000001554500000) (1024K)]
Total: 18

Threads with active compile tasks:
C2 CompilerThread0    22587 7660   !   4       java.nio.file.FileTreeWalker::next (144 bytes)
Total: 1

VM state: not at safepoint (normal execution)

VM Mutex/Monitor currently owned by a thread: None

Heap address: 0x0000000085200000, size: 1966 MB, Compressed Oops mode: 32-bit

CDS archive(s) mapped at: [0x0000013250000000-0x0000013250c90000-0x0000013250c90000), size 13172736, SharedBaseAddress: 0x0000013250000000, ArchiveRelocationMode: 1.
Compressed class space mapped at: 0x0000013251000000-0x0000013291000000, reserved size: 1073741824
Narrow klass base: 0x0000013250000000, Narrow klass shift: 0, Narrow klass range: 0x100000000

GC Precious Log:
 CardTable entry size: 512
 Card Set container configuration: InlinePtr #cards 5 size 8 Array Of Cards #cards 12 size 40 Howl #buckets 4 coarsen threshold 1843 Howl Bitmap #cards 512 size 80 coarsen threshold 460 Card regions per heap region 1 cards per card region 2048
 CPUs: 12 total, 12 available
 Memory: 7863M
 Large Page Support: Disabled
 NUMA Support: Disabled
 Compressed Oops: Enabled (32-bit)
 Heap Region Size: 1M
 Heap Min Capacity: 8M
 Heap Initial Capacity: 124M
 Heap Max Capacity: 1966M
 Pre-touch: Disabled
 Parallel Workers: 10
 Concurrent Workers: 3
 Concurrent Refinement Workers: 10
 Periodic GC: Disabled

Heap:
 garbage-first heap   total 175104K, used 105472K [0x0000000085200000, 0x0000000100000000)
  region size 1024K, 29 young (29696K), 2 survivors (2048K)
 Metaspace       used 29844K, committed 30208K, reserved 1114112K
  class space    used 3295K, committed 3456K, reserved 1048576K

Heap Regions: E=young(eden), S=young(survivor), O=old, HS=humongous(starts), HC=humongous(continues), CS=collection set, F=free, TAMS=top-at-mark-start, PB=parsable bottom
|   0|0x0000000085200000, 0x0000000085300000, 0x0000000085300000|100%| O|  |TAMS 0x0000000085200000| PB 0x0000000085200000| Untracked 
|   1|0x0000000085300000, 0x0000000085400000, 0x0000000085400000|100%| O|  |TAMS 0x0000000085300000| PB 0x0000000085300000| Untracked 
|   2|0x0000000085400000, 0x0000000085500000, 0x0000000085500000|100%| O|  |TAMS 0x0000000085400000| PB 0x0000000085400000| Untracked 
|   3|0x0000000085500000, 0x0000000085600000, 0x0000000085600000|100%| O|  |TAMS 0x0000000085500000| PB 0x0000000085500000| Untracked 
|   4|0x0000000085600000, 0x0000000085700000, 0x0000000085700000|100%| O|  |TAMS 0x0000000085600000| PB 0x0000000085600000| Untracked 
|   5|0x0000000085700000, 0x0000000085800000, 0x0000000085800000|100%| O|  |TAMS 0x0000000085700000| PB 0x0000000085700000| Untracked 
|   6|0x0000000085800000, 0x0000000085900000, 0x0000000085900000|100%| O|  |TAMS 0x0000000085800000| PB 0x0000000085800000| Untracked 
|   7|0x0000000085900000, 0x0000000085a00000, 0x0000000085a00000|100%| O|  |TAMS 0x0000000085900000| PB 0x0000000085900000| Untracked 
|   8|0x0000000085a00000, 0x0000000085b00000, 0x0000000085b00000|100%| O|  |TAMS 0x0000000085a00000| PB 0x0000000085a00000| Untracked 
|   9|0x0000000085b00000, 0x0000000085c00000, 0x0000000085c00000|100%| O|  |TAMS 0x0000000085b00000| PB 0x0000000085b00000| Untracked 
|  10|0x0000000085c00000, 0x0000000085d00000, 0x0000000085d00000|100%| O|  |TAMS 0x0000000085c00000| PB 0x0000000085c00000| Untracked 
|  11|0x0000000085d00000, 0x0000000085e00000, 0x0000000085e00000|100%| O|  |TAMS 0x0000000085d00000| PB 0x0000000085d00000| Untracked 
|  12|0x0000000085e00000, 0x0000000085f00000, 0x0000000085f00000|100%| O|  |TAMS 0x0000000085e00000| PB 0x0000000085e00000| Untracked 
|  13|0x0000000085f00000, 0x0000000086000000, 0x0000000086000000|100%| O|  |TAMS 0x0000000085f00000| PB 0x0000000085f00000| Untracked 
|  14|0x0000000086000000, 0x0000000086100000, 0x0000000086100000|100%| O|  |TAMS 0x0000000086000000| PB 0x0000000086000000| Untracked 
|  15|0x0000000086100000, 0x0000000086200000, 0x0000000086200000|100%| O|  |TAMS 0x0000000086100000| PB 0x0000000086100000| Untracked 
|  16|0x0000000086200000, 0x0000000086300000, 0x0000000086300000|100%| O|  |TAMS 0x0000000086200000| PB 0x0000000086200000| Untracked 
|  17|0x0000000086300000, 0x0000000086400000, 0x0000000086400000|100%| O|  |TAMS 0x0000000086300000| PB 0x0000000086300000| Untracked 
|  18|0x0000000086400000, 0x0000000086500000, 0x0000000086500000|100%| O|  |TAMS 0x0000000086400000| PB 0x0000000086400000| Untracked 
|  19|0x0000000086500000, 0x0000000086600000, 0x0000000086600000|100%| O|  |TAMS 0x0000000086500000| PB 0x0000000086500000| Untracked 
|  20|0x0000000086600000, 0x0000000086700000, 0x0000000086700000|100%| O|  |TAMS 0x0000000086600000| PB 0x0000000086600000| Untracked 
|  21|0x0000000086700000, 0x0000000086800000, 0x0000000086800000|100%| O|  |TAMS 0x0000000086700000| PB 0x0000000086700000| Untracked 
|  22|0x0000000086800000, 0x0000000086900000, 0x0000000086900000|100%|HS|  |TAMS 0x0000000086800000| PB 0x0000000086800000| Complete 
|  23|0x0000000086900000, 0x0000000086a00000, 0x0000000086a00000|100%|HS|  |TAMS 0x0000000086900000| PB 0x0000000086900000| Complete 
|  24|0x0000000086a00000, 0x0000000086b00000, 0x0000000086b00000|100%|HC|  |TAMS 0x0000000086a00000| PB 0x0000000086a00000| Complete 
|  25|0x0000000086b00000, 0x0000000086c00000, 0x0000000086c00000|100%| O|  |TAMS 0x0000000086b00000| PB 0x0000000086b00000| Untracked 
|  26|0x0000000086c00000, 0x0000000086d00000, 0x0000000086d00000|100%| O|  |TAMS 0x0000000086c00000| PB 0x0000000086c00000| Untracked 
|  27|0x0000000086d00000, 0x0000000086e00000, 0x0000000086e00000|100%| O|  |TAMS 0x0000000086d00000| PB 0x0000000086d00000| Untracked 
|  28|0x0000000086e00000, 0x0000000086f00000, 0x0000000086f00000|100%| O|  |TAMS 0x0000000086e00000| PB 0x0000000086e00000| Untracked 
|  29|0x0000000086f00000, 0x0000000087000000, 0x0000000087000000|100%| O|  |TAMS 0x0000000086f00000| PB 0x0000000086f00000| Untracked 
|  30|0x0000000087000000, 0x0000000087100000, 0x0000000087100000|100%| O|  |TAMS 0x0000000087000000| PB 0x0000000087000000| Untracked 
|  31|0x0000000087100000, 0x0000000087200000, 0x0000000087200000|100%| O|  |TAMS 0x0000000087100000| PB 0x0000000087100000| Untracked 
|  32|0x0000000087200000, 0x0000000087300000, 0x0000000087300000|100%| O|  |TAMS 0x0000000087200000| PB 0x0000000087200000| Untracked 
|  33|0x0000000087300000, 0x0000000087400000, 0x0000000087400000|100%| O|  |TAMS 0x0000000087300000| PB 0x0000000087300000| Untracked 
|  34|0x0000000087400000, 0x0000000087500000, 0x0000000087500000|100%|HS|  |TAMS 0x0000000087400000| PB 0x0000000087400000| Complete 
|  35|0x0000000087500000, 0x0000000087600000, 0x0000000087600000|100%|HC|  |TAMS 0x0000000087500000| PB 0x0000000087500000| Complete 
|  36|0x0000000087600000, 0x0000000087700000, 0x0000000087700000|100%|HC|  |TAMS 0x0000000087600000| PB 0x0000000087600000| Complete 
|  37|0x0000000087700000, 0x0000000087800000, 0x0000000087800000|100%|HS|  |TAMS 0x0000000087700000| PB 0x0000000087700000| Complete 
|  38|0x0000000087800000, 0x0000000087900000, 0x0000000087900000|100%|HC|  |TAMS 0x0000000087800000| PB 0x0000000087800000| Complete 
|  39|0x0000000087900000, 0x0000000087a00000, 0x0000000087a00000|100%|HC|  |TAMS 0x0000000087900000| PB 0x0000000087900000| Complete 
|  40|0x0000000087a00000, 0x0000000087b00000, 0x0000000087b00000|100%|HS|  |TAMS 0x0000000087a00000| PB 0x0000000087a00000| Complete 
|  41|0x0000000087b00000, 0x0000000087c00000, 0x0000000087c00000|100%|HC|  |TAMS 0x0000000087b00000| PB 0x0000000087b00000| Complete 
|  42|0x0000000087c00000, 0x0000000087d00000, 0x0000000087d00000|100%|HS|  |TAMS 0x0000000087c00000| PB 0x0000000087c00000| Complete 
|  43|0x0000000087d00000, 0x0000000087e00000, 0x0000000087e00000|100%| O|  |TAMS 0x0000000087d00000| PB 0x0000000087d00000| Untracked 
|  44|0x0000000087e00000, 0x0000000087f00000, 0x0000000087f00000|100%| O|  |TAMS 0x0000000087e00000| PB 0x0000000087e00000| Untracked 
|  45|0x0000000087f00000, 0x0000000088000000, 0x0000000088000000|100%|HS|  |TAMS 0x0000000087f00000| PB 0x0000000087f00000| Complete 
|  46|0x0000000088000000, 0x0000000088100000, 0x0000000088100000|100%|HC|  |TAMS 0x0000000088000000| PB 0x0000000088000000| Complete 
|  47|0x0000000088100000, 0x0000000088200000, 0x0000000088200000|100%|HS|  |TAMS 0x0000000088100000| PB 0x0000000088100000| Complete 
|  48|0x0000000088200000, 0x0000000088200000, 0x0000000088300000|  0%| F|  |TAMS 0x0000000088200000| PB 0x0000000088200000| Untracked 
|  49|0x0000000088300000, 0x0000000088300000, 0x0000000088400000|  0%| F|  |TAMS 0x0000000088300000| PB 0x0000000088300000| Untracked 
|  50|0x0000000088400000, 0x0000000088400000, 0x0000000088500000|  0%| F|  |TAMS 0x0000000088400000| PB 0x0000000088400000| Untracked 
|  51|0x0000000088500000, 0x0000000088500000, 0x0000000088600000|  0%| F|  |TAMS 0x0000000088500000| PB 0x0000000088500000| Untracked 
|  52|0x0000000088600000, 0x0000000088700000, 0x0000000088700000|100%| O|  |TAMS 0x0000000088600000| PB 0x0000000088600000| Untracked 
|  53|0x0000000088700000, 0x0000000088800000, 0x0000000088800000|100%| O|  |TAMS 0x0000000088700000| PB 0x0000000088700000| Untracked 
|  54|0x0000000088800000, 0x0000000088900000, 0x0000000088900000|100%| O|  |TAMS 0x0000000088800000| PB 0x0000000088800000| Untracked 
|  55|0x0000000088900000, 0x0000000088a00000, 0x0000000088a00000|100%| O|  |TAMS 0x0000000088900000| PB 0x0000000088900000| Untracked 
|  56|0x0000000088a00000, 0x0000000088b00000, 0x0000000088b00000|100%| O|  |TAMS 0x0000000088a00000| PB 0x0000000088a00000| Untracked 
|  57|0x0000000088b00000, 0x0000000088b00000, 0x0000000088c00000|  0%| F|  |TAMS 0x0000000088b00000| PB 0x0000000088b00000| Untracked 
|  58|0x0000000088c00000, 0x0000000088c00000, 0x0000000088d00000|  0%| F|  |TAMS 0x0000000088c00000| PB 0x0000000088c00000| Untracked 
|  59|0x0000000088d00000, 0x0000000088d00000, 0x0000000088e00000|  0%| F|  |TAMS 0x0000000088d00000| PB 0x0000000088d00000| Untracked 
|  60|0x0000000088e00000, 0x0000000088e00000, 0x0000000088f00000|  0%| F|  |TAMS 0x0000000088e00000| PB 0x0000000088e00000| Untracked 
|  61|0x0000000088f00000, 0x0000000088f00000, 0x0000000089000000|  0%| F|  |TAMS 0x0000000088f00000| PB 0x0000000088f00000| Untracked 
|  62|0x0000000089000000, 0x0000000089000000, 0x0000000089100000|  0%| F|  |TAMS 0x0000000089000000| PB 0x0000000089000000| Untracked 
|  63|0x0000000089100000, 0x0000000089100000, 0x0000000089200000|  0%| F|  |TAMS 0x0000000089100000| PB 0x0000000089100000| Untracked 
|  64|0x0000000089200000, 0x0000000089200000, 0x0000000089300000|  0%| F|  |TAMS 0x0000000089200000| PB 0x0000000089200000| Untracked 
|  65|0x0000000089300000, 0x0000000089300000, 0x0000000089400000|  0%| F|  |TAMS 0x0000000089300000| PB 0x0000000089300000| Untracked 
|  66|0x0000000089400000, 0x0000000089400000, 0x0000000089500000|  0%| F|  |TAMS 0x0000000089400000| PB 0x0000000089400000| Untracked 
|  67|0x0000000089500000, 0x0000000089500000, 0x0000000089600000|  0%| F|  |TAMS 0x0000000089500000| PB 0x0000000089500000| Untracked 
|  68|0x0000000089600000, 0x0000000089600000, 0x0000000089700000|  0%| F|  |TAMS 0x0000000089600000| PB 0x0000000089600000| Untracked 
|  69|0x0000000089700000, 0x0000000089700000, 0x0000000089800000|  0%| F|  |TAMS 0x0000000089700000| PB 0x0000000089700000| Untracked 
|  70|0x0000000089800000, 0x0000000089800000, 0x0000000089900000|  0%| F|  |TAMS 0x0000000089800000| PB 0x0000000089800000| Untracked 
|  71|0x0000000089900000, 0x0000000089900000, 0x0000000089a00000|  0%| F|  |TAMS 0x0000000089900000| PB 0x0000000089900000| Untracked 
|  72|0x0000000089a00000, 0x0000000089a00000, 0x0000000089b00000|  0%| F|  |TAMS 0x0000000089a00000| PB 0x0000000089a00000| Untracked 
|  73|0x0000000089b00000, 0x0000000089b00000, 0x0000000089c00000|  0%| F|  |TAMS 0x0000000089b00000| PB 0x0000000089b00000| Untracked 
|  74|0x0000000089c00000, 0x0000000089c00000, 0x0000000089d00000|  0%| F|  |TAMS 0x0000000089c00000| PB 0x0000000089c00000| Untracked 
|  75|0x0000000089d00000, 0x0000000089d00000, 0x0000000089e00000|  0%| F|  |TAMS 0x0000000089d00000| PB 0x0000000089d00000| Untracked 
|  76|0x0000000089e00000, 0x0000000089e00000, 0x0000000089f00000|  0%| F|  |TAMS 0x0000000089e00000| PB 0x0000000089e00000| Untracked 
|  77|0x0000000089f00000, 0x0000000089f00000, 0x000000008a000000|  0%| F|  |TAMS 0x0000000089f00000| PB 0x0000000089f00000| Untracked 
|  78|0x000000008a000000, 0x000000008a000000, 0x000000008a100000|  0%| F|  |TAMS 0x000000008a000000| PB 0x000000008a000000| Untracked 
|  79|0x000000008a100000, 0x000000008a100000, 0x000000008a200000|  0%| F|  |TAMS 0x000000008a100000| PB 0x000000008a100000| Untracked 
|  80|0x000000008a200000, 0x000000008a200000, 0x000000008a300000|  0%| F|  |TAMS 0x000000008a200000| PB 0x000000008a200000| Untracked 
|  81|0x000000008a300000, 0x000000008a300000, 0x000000008a400000|  0%| F|  |TAMS 0x000000008a300000| PB 0x000000008a300000| Untracked 
|  82|0x000000008a400000, 0x000000008a400000, 0x000000008a500000|  0%| F|  |TAMS 0x000000008a400000| PB 0x000000008a400000| Untracked 
|  83|0x000000008a500000, 0x000000008a500000, 0x000000008a600000|  0%| F|  |TAMS 0x000000008a500000| PB 0x000000008a500000| Untracked 
|  84|0x000000008a600000, 0x000000008a600000, 0x000000008a700000|  0%| F|  |TAMS 0x000000008a600000| PB 0x000000008a600000| Untracked 
|  85|0x000000008a700000, 0x000000008a700000, 0x000000008a800000|  0%| F|  |TAMS 0x000000008a700000| PB 0x000000008a700000| Untracked 
|  86|0x000000008a800000, 0x000000008a800000, 0x000000008a900000|  0%| F|  |TAMS 0x000000008a800000| PB 0x000000008a800000| Untracked 
|  87|0x000000008a900000, 0x000000008a900000, 0x000000008aa00000|  0%| F|  |TAMS 0x000000008a900000| PB 0x000000008a900000| Untracked 
|  88|0x000000008aa00000, 0x000000008aa00000, 0x000000008ab00000|  0%| F|  |TAMS 0x000000008aa00000| PB 0x000000008aa00000| Untracked 
|  89|0x000000008ab00000, 0x000000008ab00000, 0x000000008ac00000|  0%| F|  |TAMS 0x000000008ab00000| PB 0x000000008ab00000| Untracked 
|  90|0x000000008ac00000, 0x000000008ac00000, 0x000000008ad00000|  0%| F|  |TAMS 0x000000008ac00000| PB 0x000000008ac00000| Untracked 
|  91|0x000000008ad00000, 0x000000008ad00000, 0x000000008ae00000|  0%| F|  |TAMS 0x000000008ad00000| PB 0x000000008ad00000| Untracked 
|  92|0x000000008ae00000, 0x000000008ae00000, 0x000000008af00000|  0%| F|  |TAMS 0x000000008ae00000| PB 0x000000008ae00000| Untracked 
|  93|0x000000008af00000, 0x000000008af00000, 0x000000008b000000|  0%| F|  |TAMS 0x000000008af00000| PB 0x000000008af00000| Untracked 
|  94|0x000000008b000000, 0x000000008b000000, 0x000000008b100000|  0%| F|  |TAMS 0x000000008b000000| PB 0x000000008b000000| Untracked 
|  95|0x000000008b100000, 0x000000008b100000, 0x000000008b200000|  0%| F|  |TAMS 0x000000008b100000| PB 0x000000008b100000| Untracked 
|  96|0x000000008b200000, 0x000000008b200000, 0x000000008b300000|  0%| F|  |TAMS 0x000000008b200000| PB 0x000000008b200000| Untracked 
|  97|0x000000008b300000, 0x000000008b300000, 0x000000008b400000|  0%| F|  |TAMS 0x000000008b300000| PB 0x000000008b300000| Untracked 
|  98|0x000000008b400000, 0x000000008b400000, 0x000000008b500000|  0%| F|  |TAMS 0x000000008b400000| PB 0x000000008b400000| Untracked 
|  99|0x000000008b500000, 0x000000008b500000, 0x000000008b600000|  0%| F|  |TAMS 0x000000008b500000| PB 0x000000008b500000| Untracked 
| 100|0x000000008b600000, 0x000000008b600000, 0x000000008b700000|  0%| F|  |TAMS 0x000000008b600000| PB 0x000000008b600000| Untracked 
| 101|0x000000008b700000, 0x000000008b700000, 0x000000008b800000|  0%| F|  |TAMS 0x000000008b700000| PB 0x000000008b700000| Untracked 
| 102|0x000000008b800000, 0x000000008b800000, 0x000000008b900000|  0%| F|  |TAMS 0x000000008b800000| PB 0x000000008b800000| Untracked 
| 103|0x000000008b900000, 0x000000008b900000, 0x000000008ba00000|  0%| F|  |TAMS 0x000000008b900000| PB 0x000000008b900000| Untracked 
| 104|0x000000008ba00000, 0x000000008ba00000, 0x000000008bb00000|  0%| F|  |TAMS 0x000000008ba00000| PB 0x000000008ba00000| Untracked 
| 105|0x000000008bb00000, 0x000000008bb00000, 0x000000008bc00000|  0%| F|  |TAMS 0x000000008bb00000| PB 0x000000008bb00000| Untracked 
| 106|0x000000008bc00000, 0x000000008bc00000, 0x000000008bd00000|  0%| F|  |TAMS 0x000000008bc00000| PB 0x000000008bc00000| Untracked 
| 107|0x000000008bd00000, 0x000000008bd00000, 0x000000008be00000|  0%| F|  |TAMS 0x000000008bd00000| PB 0x000000008bd00000| Untracked 
| 108|0x000000008be00000, 0x000000008be00000, 0x000000008bf00000|  0%| F|  |TAMS 0x000000008be00000| PB 0x000000008be00000| Untracked 
| 109|0x000000008bf00000, 0x000000008c000000, 0x000000008c000000|100%| S|CS|TAMS 0x000000008bf00000| PB 0x000000008bf00000| Complete 
| 110|0x000000008c000000, 0x000000008c100000, 0x000000008c100000|100%| S|CS|TAMS 0x000000008c000000| PB 0x000000008c000000| Complete 
| 111|0x000000008c100000, 0x000000008c100000, 0x000000008c200000|  0%| F|  |TAMS 0x000000008c100000| PB 0x000000008c100000| Untracked 
| 112|0x000000008c200000, 0x000000008c200000, 0x000000008c300000|  0%| F|  |TAMS 0x000000008c200000| PB 0x000000008c200000| Untracked 
| 113|0x000000008c300000, 0x000000008c300000, 0x000000008c400000|  0%| F|  |TAMS 0x000000008c300000| PB 0x000000008c300000| Untracked 
| 114|0x000000008c400000, 0x000000008c400000, 0x000000008c500000|  0%| F|  |TAMS 0x000000008c400000| PB 0x000000008c400000| Untracked 
| 115|0x000000008c500000, 0x000000008c500000, 0x000000008c600000|  0%| F|  |TAMS 0x000000008c500000| PB 0x000000008c500000| Untracked 
| 116|0x000000008c600000, 0x000000008c600000, 0x000000008c700000|  0%| F|  |TAMS 0x000000008c600000| PB 0x000000008c600000| Untracked 
| 117|0x000000008c700000, 0x000000008c700000, 0x000000008c800000|  0%| F|  |TAMS 0x000000008c700000| PB 0x000000008c700000| Untracked 
| 118|0x000000008c800000, 0x000000008c800000, 0x000000008c900000|  0%| F|  |TAMS 0x000000008c800000| PB 0x000000008c800000| Untracked 
| 119|0x000000008c900000, 0x000000008c900000, 0x000000008ca00000|  0%| F|  |TAMS 0x000000008c900000| PB 0x000000008c900000| Untracked 
| 120|0x000000008ca00000, 0x000000008ca00000, 0x000000008cb00000|  0%| F|  |TAMS 0x000000008ca00000| PB 0x000000008ca00000| Untracked 
| 121|0x000000008cb00000, 0x000000008cc00000, 0x000000008cc00000|100%| E|  |TAMS 0x000000008cb00000| PB 0x000000008cb00000| Complete 
| 122|0x000000008cc00000, 0x000000008cd00000, 0x000000008cd00000|100%| E|CS|TAMS 0x000000008cc00000| PB 0x000000008cc00000| Complete 
| 123|0x000000008cd00000, 0x000000008ce00000, 0x000000008ce00000|100%| E|CS|TAMS 0x000000008cd00000| PB 0x000000008cd00000| Complete 
| 124|0x000000008ce00000, 0x000000008cf00000, 0x000000008cf00000|100%| E|CS|TAMS 0x000000008ce00000| PB 0x000000008ce00000| Complete 
| 125|0x000000008cf00000, 0x000000008d000000, 0x000000008d000000|100%| E|CS|TAMS 0x000000008cf00000| PB 0x000000008cf00000| Complete 
| 126|0x000000008d000000, 0x000000008d100000, 0x000000008d100000|100%| E|CS|TAMS 0x000000008d000000| PB 0x000000008d000000| Complete 
| 127|0x000000008d100000, 0x000000008d200000, 0x000000008d200000|100%| E|CS|TAMS 0x000000008d100000| PB 0x000000008d100000| Complete 
| 128|0x000000008d200000, 0x000000008d300000, 0x000000008d300000|100%| E|CS|TAMS 0x000000008d200000| PB 0x000000008d200000| Complete 
| 129|0x000000008d300000, 0x000000008d400000, 0x000000008d400000|100%| E|CS|TAMS 0x000000008d300000| PB 0x000000008d300000| Complete 
| 130|0x000000008d400000, 0x000000008d500000, 0x000000008d500000|100%| E|  |TAMS 0x000000008d400000| PB 0x000000008d400000| Complete 
| 131|0x000000008d500000, 0x000000008d600000, 0x000000008d600000|100%| E|CS|TAMS 0x000000008d500000| PB 0x000000008d500000| Complete 
| 132|0x000000008d600000, 0x000000008d700000, 0x000000008d700000|100%| E|CS|TAMS 0x000000008d600000| PB 0x000000008d600000| Complete 
| 133|0x000000008d700000, 0x000000008d800000, 0x000000008d800000|100%| E|CS|TAMS 0x000000008d700000| PB 0x000000008d700000| Complete 
| 134|0x000000008d800000, 0x000000008d900000, 0x000000008d900000|100%| E|CS|TAMS 0x000000008d800000| PB 0x000000008d800000| Complete 
| 135|0x000000008d900000, 0x000000008da00000, 0x000000008da00000|100%| E|CS|TAMS 0x000000008d900000| PB 0x000000008d900000| Complete 
| 136|0x000000008da00000, 0x000000008db00000, 0x000000008db00000|100%| E|CS|TAMS 0x000000008da00000| PB 0x000000008da00000| Complete 
| 137|0x000000008db00000, 0x000000008dc00000, 0x000000008dc00000|100%| E|CS|TAMS 0x000000008db00000| PB 0x000000008db00000| Complete 
| 138|0x000000008dc00000, 0x000000008dd00000, 0x000000008dd00000|100%| E|CS|TAMS 0x000000008dc00000| PB 0x000000008dc00000| Complete 
| 139|0x000000008dd00000, 0x000000008de00000, 0x000000008de00000|100%| E|CS|TAMS 0x000000008dd00000| PB 0x000000008dd00000| Complete 
| 140|0x000000008de00000, 0x000000008df00000, 0x000000008df00000|100%| E|CS|TAMS 0x000000008de00000| PB 0x000000008de00000| Complete 
| 141|0x000000008df00000, 0x000000008e000000, 0x000000008e000000|100%| E|CS|TAMS 0x000000008df00000| PB 0x000000008df00000| Complete 
| 142|0x000000008e000000, 0x000000008e100000, 0x000000008e100000|100%| E|CS|TAMS 0x000000008e000000| PB 0x000000008e000000| Complete 
| 143|0x000000008e100000, 0x000000008e200000, 0x000000008e200000|100%| E|CS|TAMS 0x000000008e100000| PB 0x000000008e100000| Complete 
| 144|0x000000008e200000, 0x000000008e300000, 0x000000008e300000|100%| E|CS|TAMS 0x000000008e200000| PB 0x000000008e200000| Complete 
| 145|0x000000008e300000, 0x000000008e400000, 0x000000008e400000|100%| E|CS|TAMS 0x000000008e300000| PB 0x000000008e300000| Complete 
| 146|0x000000008e400000, 0x000000008e500000, 0x000000008e500000|100%| E|CS|TAMS 0x000000008e400000| PB 0x000000008e400000| Complete 
| 175|0x0000000090100000, 0x0000000090200000, 0x0000000090200000|100%| E|CS|TAMS 0x0000000090100000| PB 0x0000000090100000| Complete 
|1943|0x00000000fe900000, 0x00000000fea00000, 0x00000000fea00000|100%| O|  |TAMS 0x00000000fe900000| PB 0x00000000fe900000| Untracked 
|1944|0x00000000fea00000, 0x00000000feb00000, 0x00000000feb00000|100%| O|  |TAMS 0x00000000fea00000| PB 0x00000000fea00000| Untracked 
|1945|0x00000000feb00000, 0x00000000fec00000, 0x00000000fec00000|100%| O|  |TAMS 0x00000000feb00000| PB 0x00000000feb00000| Untracked 
|1946|0x00000000fec00000, 0x00000000fed00000, 0x00000000fed00000|100%| O|  |TAMS 0x00000000fec00000| PB 0x00000000fec00000| Untracked 
|1947|0x00000000fed00000, 0x00000000fee00000, 0x00000000fee00000|100%| O|  |TAMS 0x00000000fed00000| PB 0x00000000fed00000| Untracked 
|1948|0x00000000fee00000, 0x00000000fef00000, 0x00000000fef00000|100%| O|  |TAMS 0x00000000fee00000| PB 0x00000000fee00000| Untracked 
|1949|0x00000000fef00000, 0x00000000ff000000, 0x00000000ff000000|100%| O|  |TAMS 0x00000000fef00000| PB 0x00000000fef00000| Untracked 
|1950|0x00000000ff000000, 0x00000000ff100000, 0x00000000ff100000|100%| O|  |TAMS 0x00000000ff000000| PB 0x00000000ff000000| Untracked 
|1951|0x00000000ff100000, 0x00000000ff200000, 0x00000000ff200000|100%| O|  |TAMS 0x00000000ff100000| PB 0x00000000ff100000| Untracked 
|1952|0x00000000ff200000, 0x00000000ff300000, 0x00000000ff300000|100%| O|  |TAMS 0x00000000ff200000| PB 0x00000000ff200000| Untracked 
|1953|0x00000000ff300000, 0x00000000ff400000, 0x00000000ff400000|100%| O|  |TAMS 0x00000000ff300000| PB 0x00000000ff300000| Untracked 
|1954|0x00000000ff400000, 0x00000000ff500000, 0x00000000ff500000|100%| O|  |TAMS 0x00000000ff400000| PB 0x00000000ff400000| Untracked 
|1955|0x00000000ff500000, 0x00000000ff600000, 0x00000000ff600000|100%| O|  |TAMS 0x00000000ff500000| PB 0x00000000ff500000| Untracked 
|1956|0x00000000ff600000, 0x00000000ff700000, 0x00000000ff700000|100%| O|  |TAMS 0x00000000ff600000| PB 0x00000000ff600000| Untracked 
|1957|0x00000000ff700000, 0x00000000ff800000, 0x00000000ff800000|100%| O|  |TAMS 0x00000000ff700000| PB 0x00000000ff700000| Untracked 
|1958|0x00000000ff800000, 0x00000000ff900000, 0x00000000ff900000|100%| O|  |TAMS 0x00000000ff800000| PB 0x00000000ff800000| Untracked 
|1959|0x00000000ff900000, 0x00000000ffa00000, 0x00000000ffa00000|100%| O|  |TAMS 0x00000000ff900000| PB 0x00000000ff900000| Untracked 
|1960|0x00000000ffa00000, 0x00000000ffb00000, 0x00000000ffb00000|100%| O|  |TAMS 0x00000000ffa00000| PB 0x00000000ffa00000| Untracked 
|1961|0x00000000ffb00000, 0x00000000ffc00000, 0x00000000ffc00000|100%| O|  |TAMS 0x00000000ffb00000| PB 0x00000000ffb00000| Untracked 
|1962|0x00000000ffc00000, 0x00000000ffd00000, 0x00000000ffd00000|100%| O|  |TAMS 0x00000000ffc00000| PB 0x00000000ffc00000| Untracked 
|1963|0x00000000ffd00000, 0x00000000ffe00000, 0x00000000ffe00000|100%| O|  |TAMS 0x00000000ffd00000| PB 0x00000000ffd00000| Untracked 
|1964|0x00000000ffe00000, 0x00000000fff00000, 0x00000000fff00000|100%| O|  |TAMS 0x00000000ffe00000| PB 0x00000000ffe00000| Untracked 
|1965|0x00000000fff00000, 0x0000000100000000, 0x0000000100000000|100%| O|  |TAMS 0x00000000fff00000| PB 0x00000000fff00000| Untracked 

Card table byte_map: [0x000001324a330000,0x000001324a710000] _byte_map_base: 0x0000013249f07000

Marking Bits: (CMBitMap*) 0x000001323086d670
 Bits: [0x000001324a710000, 0x000001324c5c8000)

Polling page: 0x00000132308e0000

Metaspace:

Usage:
  Non-class:     25.93 MB used.
      Class:      3.22 MB used.
       Both:     29.15 MB used.

Virtual space:
  Non-class space:       64.00 MB reserved,      26.12 MB ( 41%) committed,  1 nodes.
      Class space:        1.00 GB reserved,       3.38 MB ( <1%) committed,  1 nodes.
             Both:        1.06 GB reserved,      29.50 MB (  3%) committed. 

Chunk freelists:
   Non-Class:  5.50 MB
       Class:  12.57 MB
        Both:  18.07 MB

MaxMetaspaceSize: unlimited
CompressedClassSpaceSize: 1.00 GB
Initial GC threshold: 21.00 MB
Current GC threshold: 35.31 MB
CDS: on
 - commit_granule_bytes: 65536.
 - commit_granule_words: 8192.
 - virtual_space_node_default_size: 8388608.
 - enlarge_chunks_in_place: 1.
 - use_allocation_guard: 0.


Internal statistics:

num_allocs_failed_limit: 3.
num_arena_births: 348.
num_arena_deaths: 0.
num_vsnodes_births: 2.
num_vsnodes_deaths: 0.
num_space_committed: 472.
num_space_uncommitted: 0.
num_chunks_returned_to_freelist: 3.
num_chunks_taken_from_freelist: 1433.
num_chunk_merges: 3.
num_chunk_splits: 1002.
num_chunks_enlarged: 772.
num_inconsistent_stats: 0.

CodeHeap 'non-profiled nmethods': size=120000Kb used=4425Kb max_used=4425Kb free=115575Kb
 bounds [0x0000013241da0000, 0x0000013242200000, 0x00000132492d0000]
CodeHeap 'profiled nmethods': size=120000Kb used=16529Kb max_used=16529Kb free=103470Kb
 bounds [0x000001323a2d0000, 0x000001323b300000, 0x0000013241800000]
CodeHeap 'non-nmethods': size=5760Kb used=1458Kb max_used=1491Kb free=4301Kb
 bounds [0x0000013241800000, 0x0000013241a70000, 0x0000013241da0000]
 total_blobs=8265 nmethods=7723 adapters=446
 compilation: enabled
              stopped_count=0, restarted_count=0
 full_count=0

Compilation events (20 events):
Event: 21.351 Thread 0x000001324f2e2ef0 7714       2       jdk.nio.zipfs.ZipFileSystem::findEND (523 bytes)
Event: 21.354 Thread 0x000001324f2e2ef0 nmethod 7714 0x000001323b2dd690 code [0x000001323b2dd9e0, 0x000001323b2dec70]
Event: 21.356 Thread 0x000001324f2e2ef0 7716       2       jdk.nio.zipfs.ZipConstants::ENDSIZ (7 bytes)
Event: 21.357 Thread 0x000001324f2e2ef0 nmethod 7716 0x000001323b2df890 code [0x000001323b2dfa40, 0x000001323b2dfbf8]
Event: 21.357 Thread 0x000001324f2e2ef0 7717       2       jdk.nio.zipfs.ZipConstants::ENDOFF (7 bytes)
Event: 21.357 Thread 0x000001324f2e2ef0 nmethod 7717 0x000001323b2dfd90 code [0x000001323b2dff40, 0x000001323b2e00f8]
Event: 21.358 Thread 0x000001324f2e2ef0 7718       2       jdk.nio.zipfs.ZipConstants::locator64SigAt (10 bytes)
Event: 21.358 Thread 0x000001324f2e2ef0 nmethod 7718 0x000001323b2e0290 code [0x000001323b2e0440, 0x000001323b2e0550]
Event: 21.358 Thread 0x000001324f2e2ef0 7715       2       jdk.nio.zipfs.ZipConstants::ENDTOT (7 bytes)
Event: 21.358 Thread 0x000001324f2e2ef0 nmethod 7715 0x000001323b2e0610 code [0x000001323b2e07a0, 0x000001323b2e08e0]
Event: 21.368 Thread 0x000001324f2e2ef0 7720   !   2       sun.nio.fs.WindowsNativeDispatcher::GetFileSecurity (60 bytes)
Event: 21.368 Thread 0x000001324f2e2ef0 nmethod 7720 0x000001323b2e0a10 code [0x000001323b2e0be0, 0x000001323b2e0e28]
Event: 21.369 Thread 0x000001324f2e2ef0 7725   !   2       sun.nio.fs.WindowsLinkSupport::getFinalPath (175 bytes)
Event: 21.370 Thread 0x000001324f2e2ef0 nmethod 7725 0x000001323b2e1090 code [0x000001323b2e1360, 0x000001323b2e1a70]
Event: 21.370 Thread 0x000001324f2e2ef0 7729       1       sun.nio.fs.WindowsNativeDispatcher$VolumeInformation::volumeName (5 bytes)
Event: 21.371 Thread 0x000001324f2e2ef0 nmethod 7729 0x00000132421f1e10 code [0x00000132421f1fa0, 0x00000132421f2068]
Event: 21.401 Thread 0x000001324f2e2ef0 7730  s!   2       com.sun.tools.javac.file.JavacFileManager::getContainer (211 bytes)
Event: 21.402 Thread 0x000001324f2e2ef0 nmethod 7730 0x000001323b2e2090 code [0x000001323b2e2380, 0x000001323b2e2ec0]
Event: 22.475 Thread 0x000001324f2e2ef0 7731 % !   3       java.nio.file.Files::walkFileTree @ 19 (297 bytes)
Event: 22.477 Thread 0x000001324f2e2ef0 nmethod 7731% 0x000001323b2e3310 code [0x000001323b2e37e0, 0x000001323b2e5f70]

GC Heap History (20 events):
Event: 10.304 GC heap before
{Heap before GC invocations=4 (full 0):
 garbage-first heap   total 126976K, used 87449K [0x0000000085200000, 0x0000000100000000)
  region size 1024K, 74 young (75776K), 4 survivors (4096K)
 Metaspace       used 18226K, committed 18496K, reserved 1114112K
  class space    used 2005K, committed 2112K, reserved 1048576K
}
Event: 10.319 GC heap after
{Heap after GC invocations=5 (full 0):
 garbage-first heap   total 126976K, used 21913K [0x0000000085200000, 0x0000000100000000)
  region size 1024K, 10 young (10240K), 10 survivors (10240K)
 Metaspace       used 18226K, committed 18496K, reserved 1114112K
  class space    used 2005K, committed 2112K, reserved 1048576K
}
Event: 11.215 GC heap before
{Heap before GC invocations=5 (full 0):
 garbage-first heap   total 126976K, used 87449K [0x0000000085200000, 0x0000000100000000)
  region size 1024K, 74 young (75776K), 10 survivors (10240K)
 Metaspace       used 18531K, committed 18816K, reserved 1114112K
  class space    used 2019K, committed 2112K, reserved 1048576K
}
Event: 11.233 GC heap after
{Heap after GC invocations=6 (full 0):
 garbage-first heap   total 126976K, used 25088K [0x0000000085200000, 0x0000000100000000)
  region size 1024K, 3 young (3072K), 3 survivors (3072K)
 Metaspace       used 18531K, committed 18816K, reserved 1114112K
  class space    used 2019K, committed 2112K, reserved 1048576K
}
Event: 12.826 GC heap before
{Heap before GC invocations=6 (full 0):
 garbage-first heap   total 126976K, used 97792K [0x0000000085200000, 0x0000000100000000)
  region size 1024K, 74 young (75776K), 3 survivors (3072K)
 Metaspace       used 18610K, committed 18944K, reserved 1114112K
  class space    used 2022K, committed 2176K, reserved 1048576K
}
Event: 12.836 GC heap after
{Heap after GC invocations=7 (full 0):
 garbage-first heap   total 126976K, used 26112K [0x0000000085200000, 0x0000000100000000)
  region size 1024K, 4 young (4096K), 4 survivors (4096K)
 Metaspace       used 18610K, committed 18944K, reserved 1114112K
  class space    used 2022K, committed 2176K, reserved 1048576K
}
Event: 15.335 GC heap before
{Heap before GC invocations=7 (full 0):
 garbage-first heap   total 126976K, used 100864K [0x0000000085200000, 0x0000000100000000)
  region size 1024K, 74 young (75776K), 4 survivors (4096K)
 Metaspace       used 20955K, committed 21376K, reserved 1114112K
  class space    used 2272K, committed 2432K, reserved 1048576K
}
Event: 15.355 GC heap after
{Heap after GC invocations=8 (full 0):
 garbage-first heap   total 126976K, used 33366K [0x0000000085200000, 0x0000000100000000)
  region size 1024K, 9 young (9216K), 9 survivors (9216K)
 Metaspace       used 20955K, committed 21376K, reserved 1114112K
  class space    used 2272K, committed 2432K, reserved 1048576K
}
Event: 15.562 GC heap before
{Heap before GC invocations=8 (full 0):
 garbage-first heap   total 126976K, used 99926K [0x0000000085200000, 0x0000000100000000)
  region size 1024K, 74 young (75776K), 9 survivors (9216K)
 Metaspace       used 21045K, committed 21440K, reserved 1114112K
  class space    used 2280K, committed 2432K, reserved 1048576K
}
Event: 15.589 GC heap after
{Heap after GC invocations=9 (full 0):
 garbage-first heap   total 126976K, used 31399K [0x0000000085200000, 0x0000000100000000)
  region size 1024K, 3 young (3072K), 3 survivors (3072K)
 Metaspace       used 21045K, committed 21440K, reserved 1114112K
  class space    used 2280K, committed 2432K, reserved 1048576K
}
Event: 15.752 GC heap before
{Heap before GC invocations=9 (full 0):
 garbage-first heap   total 126976K, used 104103K [0x0000000085200000, 0x0000000100000000)
  region size 1024K, 74 young (75776K), 3 survivors (3072K)
 Metaspace       used 21068K, committed 21440K, reserved 1114112K
  class space    used 2281K, committed 2432K, reserved 1048576K
}
Event: 15.764 GC heap after
{Heap after GC invocations=10 (full 0):
 garbage-first heap   total 180224K, used 31754K [0x0000000085200000, 0x0000000100000000)
  region size 1024K, 4 young (4096K), 4 survivors (4096K)
 Metaspace       used 21068K, committed 21440K, reserved 1114112K
  class space    used 2281K, committed 2432K, reserved 1048576K
}
Event: 16.174 GC heap before
{Heap before GC invocations=10 (full 0):
 garbage-first heap   total 180224K, used 111626K [0x0000000085200000, 0x0000000100000000)
  region size 1024K, 84 young (86016K), 4 survivors (4096K)
 Metaspace       used 21212K, committed 21504K, reserved 1114112K
  class space    used 2291K, committed 2432K, reserved 1048576K
}
Event: 16.178 GC heap after
{Heap after GC invocations=11 (full 0):
 garbage-first heap   total 180224K, used 29288K [0x0000000085200000, 0x0000000100000000)
  region size 1024K, 1 young (1024K), 1 survivors (1024K)
 Metaspace       used 21212K, committed 21504K, reserved 1114112K
  class space    used 2291K, committed 2432K, reserved 1048576K
}
Event: 17.976 GC heap before
{Heap before GC invocations=12 (full 0):
 garbage-first heap   total 102400K, used 100968K [0x0000000085200000, 0x0000000100000000)
  region size 1024K, 69 young (70656K), 1 survivors (1024K)
 Metaspace       used 21793K, committed 22144K, reserved 1114112K
  class space    used 2347K, committed 2496K, reserved 1048576K
}
Event: 18.005 GC heap after
{Heap after GC invocations=13 (full 0):
 garbage-first heap   total 125952K, used 54230K [0x0000000085200000, 0x0000000100000000)
  region size 1024K, 14 young (14336K), 14 survivors (14336K)
 Metaspace       used 21793K, committed 22144K, reserved 1114112K
  class space    used 2347K, committed 2496K, reserved 1048576K
}
Event: 20.422 GC heap before
{Heap before GC invocations=13 (full 0):
 garbage-first heap   total 125952K, used 115670K [0x0000000085200000, 0x0000000100000000)
  region size 1024K, 62 young (63488K), 14 survivors (14336K)
 Metaspace       used 29620K, committed 30080K, reserved 1114112K
  class space    used 3268K, committed 3456K, reserved 1048576K
}
Event: 20.467 GC heap after
{Heap after GC invocations=14 (full 0):
 garbage-first heap   total 141312K, used 73728K [0x0000000085200000, 0x0000000100000000)
  region size 1024K, 8 young (8192K), 8 survivors (8192K)
 Metaspace       used 29620K, committed 30080K, reserved 1114112K
  class space    used 3268K, committed 3456K, reserved 1048576K
}
Event: 20.607 GC heap before
{Heap before GC invocations=14 (full 0):
 garbage-first heap   total 141312K, used 75776K [0x0000000085200000, 0x0000000100000000)
  region size 1024K, 11 young (11264K), 8 survivors (8192K)
 Metaspace       used 29700K, committed 30144K, reserved 1114112K
  class space    used 3278K, committed 3456K, reserved 1048576K
}
Event: 20.620 GC heap after
{Heap after GC invocations=15 (full 0):
 garbage-first heap   total 175104K, used 76800K [0x0000000085200000, 0x0000000100000000)
  region size 1024K, 2 young (2048K), 2 survivors (2048K)
 Metaspace       used 29700K, committed 30144K, reserved 1114112K
  class space    used 3278K, committed 3456K, reserved 1048576K
}

Dll operation events (8 events):
Event: 0.009 Loaded shared library C:\Program Files\Java\jdk-21\bin\java.dll
Event: 0.035 Loaded shared library C:\Program Files\Java\jdk-21\bin\jsvml.dll
Event: 0.053 Loaded shared library C:\Program Files\Java\jdk-21\bin\net.dll
Event: 0.055 Loaded shared library C:\Program Files\Java\jdk-21\bin\nio.dll
Event: 0.060 Loaded shared library C:\Program Files\Java\jdk-21\bin\zip.dll
Event: 0.244 Loaded shared library C:\Program Files\Java\jdk-21\bin\jimage.dll
Event: 0.246 Loaded shared library C:\ProgramData\chocolatey\lib\maven\apache-maven-3.9.15\lib\jansi-native\Windows\x86_64\jansi.dll
Event: 0.274 Loaded shared library C:\Program Files\Java\jdk-21\bin\verify.dll

Deoptimization events (20 events):
Event: 21.478 Thread 0x0000013230300db0 DEOPT PACKING pc=0x000001323afd6db7 sp=0x0000001553ffcd40
Event: 21.478 Thread 0x0000013230300db0 DEOPT UNPACKING pc=0x0000013241854e42 sp=0x0000001553ffc1c8 mode 0
Event: 21.478 Thread 0x0000013230300db0 DEOPT PACKING pc=0x000001323afd6db7 sp=0x0000001553ffcd40
Event: 21.478 Thread 0x0000013230300db0 DEOPT UNPACKING pc=0x0000013241854e42 sp=0x0000001553ffc1c8 mode 0
Event: 21.478 Thread 0x0000013230300db0 DEOPT PACKING pc=0x000001323afd6db7 sp=0x0000001553ffcd40
Event: 21.478 Thread 0x0000013230300db0 DEOPT UNPACKING pc=0x0000013241854e42 sp=0x0000001553ffc1c8 mode 0
Event: 21.478 Thread 0x0000013230300db0 DEOPT PACKING pc=0x000001323afd6db7 sp=0x0000001553ffcd40
Event: 21.478 Thread 0x0000013230300db0 DEOPT UNPACKING pc=0x0000013241854e42 sp=0x0000001553ffc1c8 mode 0
Event: 21.479 Thread 0x0000013230300db0 DEOPT PACKING pc=0x000001323afd6db7 sp=0x0000001553ffcd40
Event: 21.479 Thread 0x0000013230300db0 DEOPT UNPACKING pc=0x0000013241854e42 sp=0x0000001553ffc1c8 mode 0
Event: 21.479 Thread 0x0000013230300db0 DEOPT PACKING pc=0x000001323afd6db7 sp=0x0000001553ffcd40
Event: 21.479 Thread 0x0000013230300db0 DEOPT UNPACKING pc=0x0000013241854e42 sp=0x0000001553ffc1c8 mode 0
Event: 21.479 Thread 0x0000013230300db0 DEOPT PACKING pc=0x000001323b0cfcf2 sp=0x0000001553ffcd80
Event: 21.479 Thread 0x0000013230300db0 DEOPT UNPACKING pc=0x0000013241854e42 sp=0x0000001553ffc2e8 mode 0
Event: 21.479 Thread 0x0000013230300db0 DEOPT PACKING pc=0x000001323afd6db7 sp=0x0000001553ffcde0
Event: 21.479 Thread 0x0000013230300db0 DEOPT UNPACKING pc=0x0000013241854e42 sp=0x0000001553ffc270 mode 0
Event: 21.480 Thread 0x0000013230300db0 DEOPT PACKING pc=0x000001323afd6db7 sp=0x0000001553ffcde0
Event: 21.480 Thread 0x0000013230300db0 DEOPT UNPACKING pc=0x0000013241854e42 sp=0x0000001553ffc270 mode 0
Event: 21.480 Thread 0x0000013230300db0 DEOPT PACKING pc=0x000001323afd6db7 sp=0x0000001553ffcde0
Event: 21.480 Thread 0x0000013230300db0 DEOPT UNPACKING pc=0x0000013241854e42 sp=0x0000001553ffc270 mode 0

Classes loaded (20 events):
Event: 20.262 Loading class java/lang/UnsupportedClassVersionError
Event: 20.263 Loading class java/lang/UnsupportedClassVersionError done
Event: 20.264 Loading class java/util/ImmutableCollections$Access
Event: 20.265 Loading class java/util/ImmutableCollections$Access done
Event: 20.265 Loading class java/util/ImmutableCollections$Access$1
Event: 20.265 Loading class jdk/internal/access/JavaUtilCollectionAccess
Event: 20.265 Loading class jdk/internal/access/JavaUtilCollectionAccess done
Event: 20.265 Loading class java/util/ImmutableCollections$Access$1 done
Event: 20.308 Loading class java/util/BitSet
Event: 20.309 Loading class java/util/BitSet done
Event: 20.373 Loading class java/util/regex/Pattern$Bound
Event: 20.373 Loading class java/util/regex/Pattern$Bound done
Event: 20.500 Loading class java/util/RegularEnumSet$EnumSetIterator
Event: 20.501 Loading class java/util/RegularEnumSet$EnumSetIterator done
Event: 20.511 Loading class java/nio/file/SimpleFileVisitor
Event: 20.512 Loading class java/nio/file/SimpleFileVisitor done
Event: 20.513 Loading class java/nio/file/Files$3
Event: 20.513 Loading class java/nio/file/Files$3 done
Event: 20.513 Loading class java/nio/file/FileVisitResult
Event: 20.513 Loading class java/nio/file/FileVisitResult done

Classes unloaded (0 events):
No events

Classes redefined (0 events):
No events

Internal exceptions (20 events):
Event: 15.039 Thread 0x0000013296464650 Exception <a 'java/lang/NoSuchMethodError'{0x0000000089db2d50}: 'java.lang.Object java.lang.invoke.DirectMethodHandle$Holder.invokeStatic(java.lang.Object, int, java.lang.Object)'> (0x0000000089db2d50) 
thrown [s\open\src\hotspot\share\interpreter\linkResolver.cpp, line 773]
Event: 16.242 Thread 0x0000013230300db0 Exception <a 'java/lang/NoSuchMethodError'{0x00000000901a4210}: 'java.lang.ClassLoader java.lang.ClassLoader.getPlatformClassLoader(java.lang.Class)'> (0x00000000901a4210) 
thrown [s\open\src\hotspot\share\interpreter\linkResolver.cpp, line 773]
Event: 16.244 Thread 0x0000013230300db0 Exception <a 'java/lang/NoSuchMethodError'{0x00000000901a9418}: 'java.lang.Object java.lang.invoke.DirectMethodHandle$Holder.invokeStatic(java.lang.Object, java.lang.Object, int)'> (0x00000000901a9418) 
thrown [s\open\src\hotspot\share\interpreter\linkResolver.cpp, line 773]
Event: 16.245 Thread 0x0000013230300db0 Exception <a 'java/lang/NoSuchMethodError'{0x00000000901ada20}: 'void java.lang.invoke.DirectMethodHandle$Holder.invokeStatic(java.lang.Object, java.lang.Object, int, java.lang.Object)'> (0x00000000901ada20) 
thrown [s\open\src\hotspot\share\interpreter\linkResolver.cpp, line 773]
Event: 16.247 Thread 0x0000013230300db0 Exception <a 'java/lang/NoSuchMethodError'{0x00000000901b4b20}: 'void java.lang.invoke.DelegatingMethodHandle$Holder.delegate(java.lang.Object, java.lang.Object, int, java.lang.Object)'> (0x00000000901b4b20) 
thrown [s\open\src\hotspot\share\interpreter\linkResolver.cpp, line 773]
Event: 16.742 Thread 0x0000013230300db0 Implicit null exception at 0x0000013242119d14 to 0x000001324211a70e
Event: 17.122 Thread 0x0000013230300db0 Exception <a 'java/lang/NoSuchMethodError'{0x000000008a3f3988}: 'void java.lang.invoke.DirectMethodHandle$Holder.invokeVirtual(java.lang.Object, java.lang.Object, java.lang.Object, java.lang.Object)'> (0x000000008a3f3988) 
thrown [s\open\src\hotspot\share\interpreter\linkResolver.cpp, line 773]
Event: 18.106 Thread 0x0000013230300db0 Exception <a 'java/lang/NoSuchMethodError'{0x000000008ac966f0}: 'void java.lang.invoke.DelegatingMethodHandle$Holder.reinvoke_L(java.lang.Object, java.lang.Object, java.lang.Object, java.lang.Object, java.lang.Object, java.lang.Object, java.lang.Object, java.lang.Object, java.lang.Object, int)'> (0x000000008ac966f0) 
thrown [s\open\src\hotspot\share\interpreter\linkResolver.cpp, line 773]
Event: 18.120 Thread 0x0000013230300db0 Exception <a 'java/lang/NoSuchMethodError'{0x000000008acdee08}: 'java.lang.Object java.lang.invoke.DirectMethodHandle$Holder.newInvokeSpecial(java.lang.Object, java.lang.Object, java.lang.Object, java.lang.Object, java.lang.Object, java.lang.Object, java.lang.Object, java.lang.Object)'> (0x000000008acdee08) 
thrown [s\open\src\hotspot\share\interpreter\linkResolver.cpp, line 773]
Event: 18.671 Thread 0x0000013230300db0 Exception <a 'sun/nio/fs/WindowsException'{0x000000008a0a8ce0}> (0x000000008a0a8ce0) 
thrown [s\open\src\hotspot\share\prims\jni.cpp, line 520]
Event: 18.695 Thread 0x0000013230300db0 Exception <a 'java/lang/IncompatibleClassChangeError'{0x000000008a0fb280}: Found class java.lang.Object, but interface was expected> (0x000000008a0fb280) 
thrown [s\open\src\hotspot\share\interpreter\linkResolver.cpp, line 840]
Event: 18.895 Thread 0x0000013230300db0 Exception <a 'java/lang/NoSuchMethodError'{0x0000000089e4ba70}: 'int java.lang.invoke.DirectMethodHandle$Holder.invokeInterface(java.lang.Object, java.lang.Object)'> (0x0000000089e4ba70) 
thrown [s\open\src\hotspot\share\interpreter\linkResolver.cpp, line 773]
Event: 19.443 Thread 0x0000013230300db0 Exception <a 'java/lang/NoSuchMethodError'{0x0000000089796cf8}: 'int java.lang.invoke.DirectMethodHandle$Holder.invokeVirtual(java.lang.Object, java.lang.Object, java.lang.Object)'> (0x0000000089796cf8) 
thrown [s\open\src\hotspot\share\interpreter\linkResolver.cpp, line 773]
Event: 19.449 Thread 0x0000013230300db0 Exception <a 'java/lang/NoSuchMethodError'{0x00000000897a3a70}: 'int java.lang.invoke.DirectMethodHandle$Holder.invokeStaticInit(java.lang.Object, java.lang.Object, java.lang.Object)'> (0x00000000897a3a70) 
thrown [s\open\src\hotspot\share\interpreter\linkResolver.cpp, line 773]
Event: 19.622 Thread 0x0000013230300db0 Exception <a 'sun/nio/fs/WindowsException'{0x0000000088d4cc20}> (0x0000000088d4cc20) 
thrown [s\open\src\hotspot\share\prims\jni.cpp, line 520]
Event: 20.024 Thread 0x0000013230300db0 Exception <a 'sun/nio/fs/WindowsException'{0x0000000088b4c480}> (0x0000000088b4c480) 
thrown [s\open\src\hotspot\share\prims\jni.cpp, line 520]
Event: 20.372 Thread 0x0000013230300db0 Exception <a 'sun/nio/fs/WindowsException'{0x00000000887f7df0}> (0x00000000887f7df0) 
thrown [s\open\src\hotspot\share\prims\jni.cpp, line 520]
Event: 20.372 Thread 0x0000013230300db0 Exception <a 'sun/nio/fs/WindowsException'{0x00000000887f8a80}> (0x00000000887f8a80) 
thrown [s\open\src\hotspot\share\prims\jni.cpp, line 520]
Event: 20.397 Thread 0x0000013230300db0 Exception <a 'java/lang/NoSuchMethodError'{0x0000000088686a40}: 'java.lang.Object java.lang.invoke.DirectMethodHandle$Holder.invokeSpecial(java.lang.Object, java.lang.Object, java.lang.Object, int, int)'> (0x0000000088686a40) 
thrown [s\open\src\hotspot\share\interpreter\linkResolver.cpp, line 773]
Event: 20.399 Thread 0x0000013230300db0 Exception <a 'java/lang/NoSuchMethodError'{0x000000008868ce88}: 'java.lang.Object java.lang.invoke.DirectMethodHandle$Holder.invokeVirtual(java.lang.Object, java.lang.Object, int)'> (0x000000008868ce88) 
thrown [s\open\src\hotspot\share\interpreter\linkResolver.cpp, line 773]

ZGC Phase Switch (0 events):
No events

VM Operations (20 events):
Event: 17.976 Executing VM operation: G1CollectForAllocation (G1 Evacuation Pause)
Event: 18.006 Executing VM operation: G1CollectForAllocation (G1 Evacuation Pause) done
Event: 18.091 Executing VM operation: HandshakeAllThreads (Deoptimize)
Event: 18.091 Executing VM operation: HandshakeAllThreads (Deoptimize) done
Event: 18.777 Executing VM operation: HandshakeAllThreads (Deoptimize)
Event: 18.777 Executing VM operation: HandshakeAllThreads (Deoptimize) done
Event: 18.890 Executing VM operation: HandshakeAllThreads (Deoptimize)
Event: 18.890 Executing VM operation: HandshakeAllThreads (Deoptimize) done
Event: 19.584 Executing VM operation: HandshakeAllThreads (Deoptimize)
Event: 19.585 Executing VM operation: HandshakeAllThreads (Deoptimize) done
Event: 19.585 Executing VM operation: Cleanup
Event: 19.585 Executing VM operation: Cleanup done
Event: 19.587 Executing VM operation: HandshakeAllThreads (Deoptimize)
Event: 19.587 Executing VM operation: HandshakeAllThreads (Deoptimize) done
Event: 20.422 Executing VM operation: G1CollectForAllocation (G1 Evacuation Pause)
Event: 20.467 Executing VM operation: G1CollectForAllocation (G1 Evacuation Pause) done
Event: 20.607 Executing VM operation: G1TryInitiateConcMark (G1 Humongous Allocation)
Event: 20.620 Executing VM operation: G1TryInitiateConcMark (G1 Humongous Allocation) done
Event: 21.625 Executing VM operation: Cleanup
Event: 21.625 Executing VM operation: Cleanup done

Events (20 events):
Event: 0.033 Thread 0x000001324f2dead0 Thread added: 0x000001324f2dead0
Event: 0.033 Thread 0x000001324f2e2ef0 Thread added: 0x000001324f2e2ef0
Event: 0.048 Thread 0x000001324f5790b0 Thread added: 0x000001324f5790b0
Event: 0.050 Thread 0x000001324f596540 Thread added: 0x000001324f596540
Event: 0.242 Thread 0x000001324f7b2b20 Thread added: 0x000001324f7b2b20
Event: 0.481 Thread 0x000001324f7b2b20 Thread exited: 0x000001324f7b2b20
Event: 0.525 Thread 0x00000132951b3820 Thread added: 0x00000132951b3820
Event: 1.600 Thread 0x00000132951b3820 Thread exited: 0x00000132951b3820
Event: 2.874 Thread 0x0000013296314b10 Thread added: 0x0000013296314b10
Event: 14.935 Thread 0x0000013296464650 Thread added: 0x0000013296464650
Event: 14.937 Thread 0x0000013295558040 Thread added: 0x0000013295558040
Event: 14.942 Thread 0x00000132974c24e0 Thread added: 0x00000132974c24e0
Event: 14.942 Thread 0x00000132960551f0 Thread added: 0x00000132960551f0
Event: 14.943 Thread 0x0000013296055850 Thread added: 0x0000013296055850
Event: 14.943 Thread 0x0000013296055eb0 Thread added: 0x0000013296055eb0
Event: 14.944 Thread 0x0000013296056510 Thread added: 0x0000013296056510
Event: 14.945 Thread 0x0000013296bcaeb0 Thread added: 0x0000013296bcaeb0
Event: 14.945 Thread 0x0000013296bcc260 Thread added: 0x0000013296bcc260
Event: 14.946 Thread 0x0000013296bcb540 Thread added: 0x0000013296bcb540
Event: 14.946 Thread 0x0000013296bcc8f0 Thread added: 0x0000013296bcc8f0


Dynamic libraries:
0x00007ff67d4b0000 - 0x00007ff67d4c0000 	C:\Program Files\Java\jdk-21\bin\java.exe
0x00007ffcf62a0000 - 0x00007ffcf6507000 	C:\WINDOWS\SYSTEM32\ntdll.dll
0x00007ffcf5910000 - 0x00007ffcf59d9000 	C:\WINDOWS\System32\KERNEL32.DLL
0x00007ffcf30f0000 - 0x00007ffcf34e4000 	C:\WINDOWS\System32\KERNELBASE.dll
0x00007ffcf2b70000 - 0x00007ffcf2cbb000 	C:\WINDOWS\System32\ucrtbase.dll
0x00007ffcce370000 - 0x00007ffcce389000 	C:\Program Files\Java\jdk-21\bin\jli.dll
0x00007ffcc4a10000 - 0x00007ffcc4a2b000 	C:\Program Files\Java\jdk-21\bin\VCRUNTIME140.dll
0x00007ffcf6160000 - 0x00007ffcf6216000 	C:\WINDOWS\System32\ADVAPI32.dll
0x00007ffcf5640000 - 0x00007ffcf56e9000 	C:\WINDOWS\System32\msvcrt.dll
0x00007ffcf5ff0000 - 0x00007ffcf6097000 	C:\WINDOWS\System32\sechost.dll
0x00007ffcf56f0000 - 0x00007ffcf5808000 	C:\WINDOWS\System32\RPCRT4.dll
0x00007ffcf5470000 - 0x00007ffcf5635000 	C:\WINDOWS\System32\USER32.dll
0x00007ffcf35a0000 - 0x00007ffcf35c7000 	C:\WINDOWS\System32\win32u.dll
0x00007ffcf5040000 - 0x00007ffcf506b000 	C:\WINDOWS\System32\GDI32.dll
0x00007ffcf35d0000 - 0x00007ffcf36fb000 	C:\WINDOWS\System32\gdi32full.dll
0x00007ffcf34f0000 - 0x00007ffcf3593000 	C:\WINDOWS\System32\msvcp_win.dll
0x00007ffcd0a70000 - 0x00007ffcd0d03000 	C:\WINDOWS\WinSxS\amd64_microsoft.windows.common-controls_6595b64144ccf1df_6.0.26100.8115_none_3e075c82e3354f9c\COMCTL32.dll
0x00007ffcded70000 - 0x00007ffcded7b000 	C:\WINDOWS\SYSTEM32\VERSION.dll
0x00007ffcf6220000 - 0x00007ffcf6252000 	C:\WINDOWS\System32\IMM32.DLL
0x00007ffcce360000 - 0x00007ffcce36c000 	C:\Program Files\Java\jdk-21\bin\vcruntime140_1.dll
0x00007ffc84f30000 - 0x00007ffc84fbe000 	C:\Program Files\Java\jdk-21\bin\msvcp140.dll
0x00007ffc46510000 - 0x00007ffc4722d000 	C:\Program Files\Java\jdk-21\bin\server\jvm.dll
0x00007ffcf5e70000 - 0x00007ffcf5ef0000 	C:\WINDOWS\System32\WS2_32.dll
0x00007ffcf29d0000 - 0x00007ffcf2a2e000 	C:\WINDOWS\SYSTEM32\POWRPROF.dll
0x00007ffcea320000 - 0x00007ffcea356000 	C:\WINDOWS\SYSTEM32\WINMM.dll
0x00007ffcf29b0000 - 0x00007ffcf29c4000 	C:\WINDOWS\SYSTEM32\UMPDC.dll
0x00007ffcf1840000 - 0x00007ffcf185b000 	C:\WINDOWS\SYSTEM32\kernel.appcore.dll
0x00007ffccc2a0000 - 0x00007ffccc2aa000 	C:\Program Files\Java\jdk-21\bin\jimage.dll
0x00007ffcf0a70000 - 0x00007ffcf0cb2000 	C:\WINDOWS\SYSTEM32\DBGHELP.DLL
0x00007ffcf47b0000 - 0x00007ffcf4b32000 	C:\WINDOWS\System32\combase.dll
0x00007ffcf5a00000 - 0x00007ffcf5ad8000 	C:\WINDOWS\System32\OLEAUT32.dll
0x00007ffccc2e0000 - 0x00007ffccc31b000 	C:\WINDOWS\SYSTEM32\dbgcore.DLL
0x00007ffcf2d50000 - 0x00007ffcf2df5000 	C:\WINDOWS\System32\bcryptPrimitives.dll
0x00007ffcc49f0000 - 0x00007ffcc4a0f000 	C:\Program Files\Java\jdk-21\bin\java.dll
0x00007ffcf4040000 - 0x00007ffcf47a7000 	C:\WINDOWS\System32\SHELL32.dll
0x00007ffcf2e00000 - 0x00007ffcf2f6a000 	C:\WINDOWS\System32\wintypes.dll
0x00007ffcf3700000 - 0x00007ffcf3f68000 	C:\WINDOWS\System32\windows.storage.dll
0x00007ffcf5810000 - 0x00007ffcf5908000 	C:\WINDOWS\System32\SHCORE.dll
0x00007ffcf4fd0000 - 0x00007ffcf5036000 	C:\WINDOWS\System32\shlwapi.dll
0x00007ffcf2a90000 - 0x00007ffcf2ab9000 	C:\WINDOWS\SYSTEM32\profapi.dll
0x00007ffc7f2f0000 - 0x00007ffc7f3c7000 	C:\Program Files\Java\jdk-21\bin\jsvml.dll
0x00007ffcc49e0000 - 0x00007ffcc49f0000 	C:\Program Files\Java\jdk-21\bin\net.dll
0x00007ffce6ac0000 - 0x00007ffce6bed000 	C:\WINDOWS\SYSTEM32\WINHTTP.dll
0x00007ffcf1e70000 - 0x00007ffcf1edc000 	C:\WINDOWS\system32\mswsock.dll
0x00007ffcbc880000 - 0x00007ffcbc896000 	C:\Program Files\Java\jdk-21\bin\nio.dll
0x00007ffcbc860000 - 0x00007ffcbc878000 	C:\Program Files\Java\jdk-21\bin\zip.dll
0x00007ffcb8680000 - 0x00007ffcb86a4000 	C:\ProgramData\chocolatey\lib\maven\apache-maven-3.9.15\lib\jansi-native\Windows\x86_64\jansi.dll
0x00007ffcc4910000 - 0x00007ffcc4920000 	C:\Program Files\Java\jdk-21\bin\verify.dll
0x00007ffcf1a20000 - 0x00007ffcf1a56000 	C:\WINDOWS\SYSTEM32\ntmarta.dll

dbghelp: loaded successfully - version: 4.0.5 - missing functions: none
symbol engine: initialized successfully - sym options: 0x614 - pdb path: .;C:\Program Files\Java\jdk-21\bin;C:\WINDOWS\SYSTEM32;C:\WINDOWS\WinSxS\amd64_microsoft.windows.common-controls_6595b64144ccf1df_6.0.26100.8115_none_3e075c82e3354f9c;C:\Program Files\Java\jdk-21\bin\server;C:\ProgramData\chocolatey\lib\maven\apache-maven-3.9.15\lib\jansi-native\Windows\x86_64

VM Arguments:
jvm_args: --enable-native-access=ALL-UNNAMED -Dclassworlds.conf=C:\ProgramData\chocolatey\lib\maven\apache-maven-3.9.15\bin\m2.conf -Dmaven.home=C:\ProgramData\chocolatey\lib\maven\apache-maven-3.9.15 -Dlibrary.jansi.path=C:\ProgramData\chocolatey\lib\maven\apache-maven-3.9.15\lib\jansi-native -Dmaven.multiModuleProjectDirectory=C:\Users\natha\OneDrive\Documents\engineering\learning\nasa\nasaApodJob 
java_command: org.codehaus.plexus.classworlds.launcher.Launcher clean install
java_class_path (initial): C:\ProgramData\chocolatey\lib\maven\apache-maven-3.9.15\boot\plexus-classworlds-2.9.0.jar
Launcher Type: SUN_STANDARD

[Global flags]
     intx CICompilerCount                          = 4                                         {product} {ergonomic}
     uint ConcGCThreads                            = 3                                         {product} {ergonomic}
     uint G1ConcRefinementThreads                  = 10                                        {product} {ergonomic}
   size_t G1HeapRegionSize                         = 1048576                                   {product} {ergonomic}
    uintx GCDrainStackTargetSize                   = 64                                        {product} {ergonomic}
   size_t InitialHeapSize                          = 130023424                                 {product} {ergonomic}
   size_t MarkStackSize                            = 4194304                                   {product} {ergonomic}
   size_t MaxHeapSize                              = 2061500416                                {product} {ergonomic}
   size_t MaxNewSize                               = 1236271104                                {product} {ergonomic}
   size_t MinHeapDeltaBytes                        = 1048576                                   {product} {ergonomic}
   size_t MinHeapSize                              = 8388608                                   {product} {ergonomic}
    uintx NonNMethodCodeHeapSize                   = 5839372                                {pd product} {ergonomic}
    uintx NonProfiledCodeHeapSize                  = 122909434                              {pd product} {ergonomic}
    uintx ProfiledCodeHeapSize                     = 122909434                              {pd product} {ergonomic}
    uintx ReservedCodeCacheSize                    = 251658240                              {pd product} {ergonomic}
     bool SegmentedCodeCache                       = true                                      {product} {ergonomic}
   size_t SoftMaxHeapSize                          = 2061500416                             {manageable} {ergonomic}
     bool UseCompressedOops                        = true                           {product lp64_product} {ergonomic}
     bool UseG1GC                                  = true                                      {product} {ergonomic}
     bool UseLargePagesIndividualAllocation        = false                                  {pd product} {ergonomic}

Logging:
Log output configuration:
 #0: stdout all=warning uptime,level,tags foldmultilines=false
 #1: stderr all=off uptime,level,tags foldmultilines=false

Environment Variables:
JAVA_HOME=C:\Program Files\Java\jdk-21
PATH=C:\Program Files\Common Files\Oracle\Java\javapath;C:\windows\system32;C:\windows;C:\windows\System32\Wbem;C:\windows\System32\WindowsPowerShell\v1.0\;C:\windows\System32\OpenSSH\;C:\Users\natha\AppData\Local\nvm;C:\nvm4w\nodejs;C:\Program Files\Git\cmd;C:\WINDOWS\system32;C:\WINDOWS;C:\WINDOWS\System32\Wbem;C:\WINDOWS\System32\WindowsPowerShell\v1.0\;C:\WINDOWS\System32\OpenSSH\;C:\Program Files\Docker\Docker\resources\bin;C:\Program Files\GitHub CLI\;C:\ProgramData\chocolatey\bin;C:\Users\natha\OneDrive\Desktop\Apps\apache-maven-3.9.11-bin\apache-maven-3.9.11\bin;C:\Program Files\Java\jdk-21\bin;C:\Users\natha\AppData\Local\Microsoft\WindowsApps;C:\Users\natha\AppData\Local\Programs\Microsoft VS Code\bin;C:\ProgramData\natha\GitHubDesktop\bin;C:\Users\natha\AppData\Local\GitHubDesktop\bin;C:\Users\natha\OneDrive\Desktop\Apps\terraform_1.12.0_windows_amd64;C:\Users\natha\AppData\Local\Google\Cloud SDK\google-cloud-sdk\bin;C:\ProgramData\chocolatey\lib\maven\apache-maven-3.9.15\bin
USERNAME=natha
OS=Windows_NT
PROCESSOR_IDENTIFIER=Intel64 Family 6 Model 154 Stepping 4, GenuineIntel
TMP=C:\Users\natha\AppData\Local\Temp
TEMP=C:\Users\natha\AppData\Local\Temp




Periodic native trim disabled

---------------  S Y S T E M  ---------------

OS:
 Windows 11 , 64 bit Build 26100 (10.0.26100.8246)
OS uptime: 8 days 17:04 hours
Hyper-V role detected

CPU: total 12 (initial active 12) (6 cores per cpu, 2 threads per core) family 6 model 154 stepping 4 microcode 0x434, cx8, cmov, fxsr, ht, mmx, 3dnowpref, sse, sse2, sse3, ssse3, sse4.1, sse4.2, popcnt, lzcnt, tsc, tscinvbit, avx, avx2, aes, erms, clmul, bmi1, bmi2, adx, sha, fma, vzeroupper, clflush, clflushopt, clwb, hv, serialize, rdtscp, rdpid, fsrm, f16c, cet_ibt, cet_ss
Processor Information for processor 0
  Max Mhz: 1700, Current Mhz: 1700, Mhz Limit: 1700
Processor Information for processor 1
  Max Mhz: 1700, Current Mhz: 1700, Mhz Limit: 1700
Processor Information for processor 2
  Max Mhz: 1700, Current Mhz: 1700, Mhz Limit: 1700
Processor Information for processor 3
  Max Mhz: 1700, Current Mhz: 1700, Mhz Limit: 1700
Processor Information for processor 4
  Max Mhz: 1700, Current Mhz: 1200, Mhz Limit: 1190
Processor Information for processor 5
  Max Mhz: 1700, Current Mhz: 1200, Mhz Limit: 1190
Processor Information for processor 6
  Max Mhz: 1700, Current Mhz: 1200, Mhz Limit: 1190
Processor Information for processor 7
  Max Mhz: 1700, Current Mhz: 1200, Mhz Limit: 1190
Processor Information for processor 8
  Max Mhz: 1700, Current Mhz: 1200, Mhz Limit: 1190
Processor Information for processor 9
  Max Mhz: 1700, Current Mhz: 1200, Mhz Limit: 1190
Processor Information for processor 10
  Max Mhz: 1700, Current Mhz: 1200, Mhz Limit: 1190
Processor Information for processor 11
  Max Mhz: 1700, Current Mhz: 1200, Mhz Limit: 1190

Memory: 4k page, system-wide physical 7863M (383M free)
TotalPageFile size 32439M (AvailPageFile size 14M)
current process WorkingSet (physical memory assigned to process): 304M, peak: 304M
current process commit charge ("private bytes"): 377M, peak: 379M

vm_info: Java HotSpot(TM) 64-Bit Server VM (21.0.8+12-LTS-250) for windows-amd64 JRE (21.0.8+12-LTS-250), built on 2025-06-27T08:11:22Z by "mach5one" with MS VC++ 17.6 (VS2022)

END.
