#
# There is insufficient memory for the Java Runtime Environment to continue.
# Native memory allocation (malloc) failed to allocate 904480 bytes for Chunk::new
# Possible reasons:
#   The system is out of physical RAM or swap space
#   The process is running with CompressedOops enabled, and the Java Heap may be blocking the growth of the native heap
# Possible solutions:
#   Reduce memory load on the system
#   Increase physical memory or swap space
#   Check if swap backing store is full
#   Decrease Java heap size (-Xmx/-Xms)
#   Decrease number of Java threads
#   Decrease Java thread stack sizes (-Xss)
#   Set larger code cache with -XX:ReservedCodeCacheSize=
#   JVM is running with Unscaled Compressed Oops mode in which the Java heap is
#     placed in the first 4GB address space. The Java Heap base address is the
#     maximum limit for the native heap growth. Please use -XX:HeapBaseMinAddress
#     to set the Java Heap base and to place the Java Heap above 4GB virtual address.
# This output file may be truncated or incomplete.
#
#  Out of Memory Error (arena.cpp:168), pid=14960, tid=38432
#
# JRE version: Java(TM) SE Runtime Environment (21.0.8+12) (build 21.0.8+12-LTS-250)
# Java VM: Java HotSpot(TM) 64-Bit Server VM (21.0.8+12-LTS-250, mixed mode, sharing, tiered, compressed oops, compressed class ptrs, g1 gc, windows-amd64)
# No core dump will be written. Minidumps are not enabled by default on client versions of Windows
#

---------------  S U M M A R Y ------------

Command Line: --enable-native-access=ALL-UNNAMED -Dclassworlds.conf=C:\ProgramData\chocolatey\lib\maven\apache-maven-3.9.15\bin\m2.conf -Dmaven.home=C:\ProgramData\chocolatey\lib\maven\apache-maven-3.9.15 -Dlibrary.jansi.path=C:\ProgramData\chocolatey\lib\maven\apache-maven-3.9.15\lib\jansi-native -Dmaven.multiModuleProjectDirectory=C:\Users\natha\OneDrive\Documents\engineering\learning\nasa\nasaApodJob org.codehaus.plexus.classworlds.launcher.Launcher clean install

Host: 12th Gen Intel(R) Core(TM) i7-1255U, 12 cores, 7G,  Windows 11 , 64 bit Build 26100 (10.0.26100.8246)
Time: Thu May  7 22:36:03 2026 GMT Summer Time elapsed time: 6.960430 seconds (0d 0h 0m 6s)

---------------  T H R E A D  ---------------

Current thread (0x00000223dd585350):  JavaThread "C2 CompilerThread0" daemon [_thread_in_native, id=38432, stack(0x0000009e99c00000,0x0000009e99d00000) (1024K)]


Current CompileTask:
C2:   6960 3162       4       org.codehaus.plexus.util.xml.Xpp3Dom::<init> (125 bytes)

Stack: [0x0000009e99c00000,0x0000009e99d00000]
Native frames: (J=compiled Java code, j=interpreted, Vv=VM code, C=native code)
V  [jvm.dll+0x6cc179]
V  [jvm.dll+0x8584c1]
V  [jvm.dll+0x85a9ee]
V  [jvm.dll+0x85b0c3]
V  [jvm.dll+0x27ebf6]
V  [jvm.dll+0xc4f4d]
V  [jvm.dll+0xc5483]
V  [jvm.dll+0x3b6abc]
V  [jvm.dll+0x382a35]
V  [jvm.dll+0x381eaa]
V  [jvm.dll+0x247670]
V  [jvm.dll+0x246c4f]
V  [jvm.dll+0x1c7a3e]
V  [jvm.dll+0x256359]
V  [jvm.dll+0x2548ea]
V  [jvm.dll+0x3efef6]
V  [jvm.dll+0x80279b]
V  [jvm.dll+0x6ca85d]
C  [ucrtbase.dll+0x37b0]
C  [KERNEL32.DLL+0x2e8d7]
C  [ntdll.dll+0x8c3fc]


---------------  P R O C E S S  ---------------

Threads class SMR info:
_java_thread_list=0x0000022423d28ac0, length=12, elements={
0x00000223be5f0db0, 0x00000223dd56fca0, 0x00000223dd5706f0, 0x00000223dd572150,
0x00000223dd572ba0, 0x00000223dd5761b0, 0x00000223dd582020, 0x00000223dd585350,
0x00000223dd589670, 0x00000223dd5833d0, 0x00000223dd5840f0, 0x00000223dd581990
}

Java Threads: ( => current thread )
  0x00000223be5f0db0 JavaThread "main"                              [_thread_in_native, id=33316, stack(0x0000009e98e00000,0x0000009e98f00000) (1024K)]
  0x00000223dd56fca0 JavaThread "Reference Handler"          daemon [_thread_blocked, id=9960, stack(0x0000009e99600000,0x0000009e99700000) (1024K)]
  0x00000223dd5706f0 JavaThread "Finalizer"                  daemon [_thread_blocked, id=35920, stack(0x0000009e99700000,0x0000009e99800000) (1024K)]
  0x00000223dd572150 JavaThread "Signal Dispatcher"          daemon [_thread_blocked, id=2860, stack(0x0000009e99800000,0x0000009e99900000) (1024K)]
  0x00000223dd572ba0 JavaThread "Attach Listener"            daemon [_thread_blocked, id=36344, stack(0x0000009e99900000,0x0000009e99a00000) (1024K)]
  0x00000223dd5761b0 JavaThread "Service Thread"             daemon [_thread_blocked, id=29832, stack(0x0000009e99a00000,0x0000009e99b00000) (1024K)]
  0x00000223dd582020 JavaThread "Monitor Deflation Thread"   daemon [_thread_blocked, id=15880, stack(0x0000009e99b00000,0x0000009e99c00000) (1024K)]
=>0x00000223dd585350 JavaThread "C2 CompilerThread0"         daemon [_thread_in_native, id=38432, stack(0x0000009e99c00000,0x0000009e99d00000) (1024K)]
  0x00000223dd589670 JavaThread "C1 CompilerThread0"         daemon [_thread_blocked, id=38944, stack(0x0000009e99d00000,0x0000009e99e00000) (1024K)]
  0x00000223dd5833d0 JavaThread "Notification Thread"        daemon [_thread_blocked, id=28272, stack(0x0000009e99e00000,0x0000009e99f00000) (1024K)]
  0x00000223dd5840f0 JavaThread "Common-Cleaner"             daemon [_thread_blocked, id=38292, stack(0x0000009e99f00000,0x0000009e9a000000) (1024K)]
  0x00000223dd581990 JavaThread "Thread-1"                   daemon [_thread_blocked, id=30656, stack(0x0000009e9a100000,0x0000009e9a200000) (1024K)]
Total: 12

Other Threads:
  0x00000223dd553420 VMThread "VM Thread"                           [id=16288, stack(0x0000009e99500000,0x0000009e99600000) (1024K)]
  0x00000223dd53a020 WatcherThread "VM Periodic Task Thread"        [id=25272, stack(0x0000009e99400000,0x0000009e99500000) (1024K)]
  0x00000223be96d210 WorkerThread "GC Thread#0"                     [id=30364, stack(0x0000009e98f00000,0x0000009e99000000) (1024K)]
  0x0000022423db5010 WorkerThread "GC Thread#1"                     [id=21528, stack(0x0000009e9a000000,0x0000009e9a100000) (1024K)]
  0x0000022423939d10 WorkerThread "GC Thread#2"                     [id=24940, stack(0x0000009e9a200000,0x0000009e9a300000) (1024K)]
  0x0000022423c43b10 WorkerThread "GC Thread#3"                     [id=30184, stack(0x0000009e9a300000,0x0000009e9a400000) (1024K)]
  0x0000022423ebaca0 WorkerThread "GC Thread#4"                     [id=32948, stack(0x0000009e9a400000,0x0000009e9a500000) (1024K)]
  0x0000022423ebb040 WorkerThread "GC Thread#5"                     [id=27812, stack(0x0000009e9a500000,0x0000009e9a600000) (1024K)]
  0x0000022423ebbbf0 WorkerThread "GC Thread#6"                     [id=26432, stack(0x0000009e9a600000,0x0000009e9a700000) (1024K)]
  0x0000022423ebc390 WorkerThread "GC Thread#7"                     [id=20696, stack(0x0000009e9a700000,0x0000009e9a800000) (1024K)]
  0x0000022423bd93d0 WorkerThread "GC Thread#8"                     [id=13804, stack(0x0000009e9a800000,0x0000009e9a900000) (1024K)]
  0x0000022423bd7e10 WorkerThread "GC Thread#9"                     [id=37236, stack(0x0000009e9a900000,0x0000009e9aa00000) (1024K)]
  0x00000223be97f6c0 ConcurrentGCThread "G1 Main Marker"            [id=33204, stack(0x0000009e99000000,0x0000009e99100000) (1024K)]
  0x00000223be982590 WorkerThread "G1 Conc#0"                       [id=30612, stack(0x0000009e99100000,0x0000009e99200000) (1024K)]
  0x00000223be9deb60 ConcurrentGCThread "G1 Refine#0"               [id=22772, stack(0x0000009e99200000,0x0000009e99300000) (1024K)]
  0x00000223dd40d630 ConcurrentGCThread "G1 Service"                [id=35480, stack(0x0000009e99300000,0x0000009e99400000) (1024K)]
Total: 16

Threads with active compile tasks:
C2 CompilerThread0     7016 3162       4       org.codehaus.plexus.util.xml.Xpp3Dom::<init> (125 bytes)
Total: 1

VM state: not at safepoint (normal execution)

VM Mutex/Monitor currently owned by a thread: None

Heap address: 0x0000000085200000, size: 1966 MB, Compressed Oops mode: 32-bit

CDS archive(s) mapped at: [0x00000223de000000-0x00000223dec90000-0x00000223dec90000), size 13172736, SharedBaseAddress: 0x00000223de000000, ArchiveRelocationMode: 1.
Compressed class space mapped at: 0x00000223df000000-0x000002241f000000, reserved size: 1073741824
Narrow klass base: 0x00000223de000000, Narrow klass shift: 0, Narrow klass range: 0x100000000

GC Precious Log:
 CardTable entry size: 512
 Card Set container configuration: InlinePtr #cards 5 size 8 Array Of Cards #cards 12 size 40 Howl #buckets 4 coarsen threshold 1843 Howl Bitmap #cards 512 size 80 coarsen threshold 460 Card regions per heap region 1 cards per card region 2048
 CPUs: 12 total, 12 available
 Memory: 7863M
 Large Page Support: Disabled
 NUMA Support: Disabled
 Compressed Oops: Enabled (32-bit)
 Heap Region Size: 1M
 Heap Min Capacity: 8M
 Heap Initial Capacity: 124M
 Heap Max Capacity: 1966M
 Pre-touch: Disabled
 Parallel Workers: 10
 Concurrent Workers: 3
 Concurrent Refinement Workers: 10
 Periodic GC: Disabled

Heap:
 garbage-first heap   total 126976K, used 41493K [0x0000000085200000, 0x0000000100000000)
  region size 1024K, 38 young (38912K), 2 survivors (2048K)
 Metaspace       used 15123K, committed 15360K, reserved 1114112K
  class space    used 1771K, committed 1920K, reserved 1048576K

Heap Regions: E=young(eden), S=young(survivor), O=old, HS=humongous(starts), HC=humongous(continues), CS=collection set, F=free, TAMS=top-at-mark-start, PB=parsable bottom
|   0|0x0000000085200000, 0x0000000085300000, 0x0000000085300000|100%| O|  |TAMS 0x0000000085200000| PB 0x0000000085200000| Untracked 
|   1|0x0000000085300000, 0x0000000085400000, 0x0000000085400000|100%| O|  |TAMS 0x0000000085300000| PB 0x0000000085300000| Untracked 
|   2|0x0000000085400000, 0x0000000085500000, 0x0000000085500000|100%| O|  |TAMS 0x0000000085400000| PB 0x0000000085400000| Untracked 
|   3|0x0000000085500000, 0x00000000855b8e60, 0x0000000085600000| 72%| O|  |TAMS 0x0000000085500000| PB 0x0000000085500000| Untracked 
|   4|0x0000000085600000, 0x0000000085600000, 0x0000000085700000|  0%| F|  |TAMS 0x0000000085600000| PB 0x0000000085600000| Untracked 
|   5|0x0000000085700000, 0x0000000085700000, 0x0000000085800000|  0%| F|  |TAMS 0x0000000085700000| PB 0x0000000085700000| Untracked 
|   6|0x0000000085800000, 0x0000000085800000, 0x0000000085900000|  0%| F|  |TAMS 0x0000000085800000| PB 0x0000000085800000| Untracked 
|   7|0x0000000085900000, 0x0000000085900000, 0x0000000085a00000|  0%| F|  |TAMS 0x0000000085900000| PB 0x0000000085900000| Untracked 
|   8|0x0000000085a00000, 0x0000000085a00000, 0x0000000085b00000|  0%| F|  |TAMS 0x0000000085a00000| PB 0x0000000085a00000| Untracked 
|   9|0x0000000085b00000, 0x0000000085b00000, 0x0000000085c00000|  0%| F|  |TAMS 0x0000000085b00000| PB 0x0000000085b00000| Untracked 
|  10|0x0000000085c00000, 0x0000000085c00000, 0x0000000085d00000|  0%| F|  |TAMS 0x0000000085c00000| PB 0x0000000085c00000| Untracked 
|  11|0x0000000085d00000, 0x0000000085d00000, 0x0000000085e00000|  0%| F|  |TAMS 0x0000000085d00000| PB 0x0000000085d00000| Untracked 
|  12|0x0000000085e00000, 0x0000000085e00000, 0x0000000085f00000|  0%| F|  |TAMS 0x0000000085e00000| PB 0x0000000085e00000| Untracked 
|  13|0x0000000085f00000, 0x0000000085f00000, 0x0000000086000000|  0%| F|  |TAMS 0x0000000085f00000| PB 0x0000000085f00000| Untracked 
|  14|0x0000000086000000, 0x0000000086000000, 0x0000000086100000|  0%| F|  |TAMS 0x0000000086000000| PB 0x0000000086000000| Untracked 
|  15|0x0000000086100000, 0x0000000086100000, 0x0000000086200000|  0%| F|  |TAMS 0x0000000086100000| PB 0x0000000086100000| Untracked 
|  16|0x0000000086200000, 0x0000000086200000, 0x0000000086300000|  0%| F|  |TAMS 0x0000000086200000| PB 0x0000000086200000| Untracked 
|  17|0x0000000086300000, 0x0000000086300000, 0x0000000086400000|  0%| F|  |TAMS 0x0000000086300000| PB 0x0000000086300000| Untracked 
|  18|0x0000000086400000, 0x0000000086400000, 0x0000000086500000|  0%| F|  |TAMS 0x0000000086400000| PB 0x0000000086400000| Untracked 
|  19|0x0000000086500000, 0x0000000086500000, 0x0000000086600000|  0%| F|  |TAMS 0x0000000086500000| PB 0x0000000086500000| Untracked 
|  20|0x0000000086600000, 0x0000000086600000, 0x0000000086700000|  0%| F|  |TAMS 0x0000000086600000| PB 0x0000000086600000| Untracked 
|  21|0x0000000086700000, 0x0000000086700000, 0x0000000086800000|  0%| F|  |TAMS 0x0000000086700000| PB 0x0000000086700000| Untracked 
|  22|0x0000000086800000, 0x0000000086800000, 0x0000000086900000|  0%| F|  |TAMS 0x0000000086800000| PB 0x0000000086800000| Untracked 
|  23|0x0000000086900000, 0x0000000086900000, 0x0000000086a00000|  0%| F|  |TAMS 0x0000000086900000| PB 0x0000000086900000| Untracked 
|  24|0x0000000086a00000, 0x0000000086a00000, 0x0000000086b00000|  0%| F|  |TAMS 0x0000000086a00000| PB 0x0000000086a00000| Untracked 
|  25|0x0000000086b00000, 0x0000000086b00000, 0x0000000086c00000|  0%| F|  |TAMS 0x0000000086b00000| PB 0x0000000086b00000| Untracked 
|  26|0x0000000086c00000, 0x0000000086c00000, 0x0000000086d00000|  0%| F|  |TAMS 0x0000000086c00000| PB 0x0000000086c00000| Untracked 
|  27|0x0000000086d00000, 0x0000000086d00000, 0x0000000086e00000|  0%| F|  |TAMS 0x0000000086d00000| PB 0x0000000086d00000| Untracked 
|  28|0x0000000086e00000, 0x0000000086e00000, 0x0000000086f00000|  0%| F|  |TAMS 0x0000000086e00000| PB 0x0000000086e00000| Untracked 
|  29|0x0000000086f00000, 0x0000000086f00000, 0x0000000087000000|  0%| F|  |TAMS 0x0000000086f00000| PB 0x0000000086f00000| Untracked 
|  30|0x0000000087000000, 0x0000000087000000, 0x0000000087100000|  0%| F|  |TAMS 0x0000000087000000| PB 0x0000000087000000| Untracked 
|  31|0x0000000087100000, 0x0000000087100000, 0x0000000087200000|  0%| F|  |TAMS 0x0000000087100000| PB 0x0000000087100000| Untracked 
|  32|0x0000000087200000, 0x0000000087200000, 0x0000000087300000|  0%| F|  |TAMS 0x0000000087200000| PB 0x0000000087200000| Untracked 
|  33|0x0000000087300000, 0x0000000087300000, 0x0000000087400000|  0%| F|  |TAMS 0x0000000087300000| PB 0x0000000087300000| Untracked 
|  34|0x0000000087400000, 0x0000000087400000, 0x0000000087500000|  0%| F|  |TAMS 0x0000000087400000| PB 0x0000000087400000| Untracked 
|  35|0x0000000087500000, 0x0000000087500000, 0x0000000087600000|  0%| F|  |TAMS 0x0000000087500000| PB 0x0000000087500000| Untracked 
|  36|0x0000000087600000, 0x0000000087600000, 0x0000000087700000|  0%| F|  |TAMS 0x0000000087600000| PB 0x0000000087600000| Untracked 
|  37|0x0000000087700000, 0x0000000087700000, 0x0000000087800000|  0%| F|  |TAMS 0x0000000087700000| PB 0x0000000087700000| Untracked 
|  38|0x0000000087800000, 0x0000000087800000, 0x0000000087900000|  0%| F|  |TAMS 0x0000000087800000| PB 0x0000000087800000| Untracked 
|  39|0x0000000087900000, 0x0000000087900000, 0x0000000087a00000|  0%| F|  |TAMS 0x0000000087900000| PB 0x0000000087900000| Untracked 
|  40|0x0000000087a00000, 0x0000000087a00000, 0x0000000087b00000|  0%| F|  |TAMS 0x0000000087a00000| PB 0x0000000087a00000| Untracked 
|  41|0x0000000087b00000, 0x0000000087b00000, 0x0000000087c00000|  0%| F|  |TAMS 0x0000000087b00000| PB 0x0000000087b00000| Untracked 
|  42|0x0000000087c00000, 0x0000000087c00000, 0x0000000087d00000|  0%| F|  |TAMS 0x0000000087c00000| PB 0x0000000087c00000| Untracked 
|  43|0x0000000087d00000, 0x0000000087d00000, 0x0000000087e00000|  0%| F|  |TAMS 0x0000000087d00000| PB 0x0000000087d00000| Untracked 
|  44|0x0000000087e00000, 0x0000000087e00000, 0x0000000087f00000|  0%| F|  |TAMS 0x0000000087e00000| PB 0x0000000087e00000| Untracked 
|  45|0x0000000087f00000, 0x0000000087f00000, 0x0000000088000000|  0%| F|  |TAMS 0x0000000087f00000| PB 0x0000000087f00000| Untracked 
|  46|0x0000000088000000, 0x0000000088000000, 0x0000000088100000|  0%| F|  |TAMS 0x0000000088000000| PB 0x0000000088000000| Untracked 
|  47|0x0000000088100000, 0x0000000088100000, 0x0000000088200000|  0%| F|  |TAMS 0x0000000088100000| PB 0x0000000088100000| Untracked 
|  48|0x0000000088200000, 0x0000000088200000, 0x0000000088300000|  0%| F|  |TAMS 0x0000000088200000| PB 0x0000000088200000| Untracked 
|  49|0x0000000088300000, 0x0000000088300000, 0x0000000088400000|  0%| F|  |TAMS 0x0000000088300000| PB 0x0000000088300000| Untracked 
|  50|0x0000000088400000, 0x0000000088400000, 0x0000000088500000|  0%| F|  |TAMS 0x0000000088400000| PB 0x0000000088400000| Untracked 
|  51|0x0000000088500000, 0x0000000088500000, 0x0000000088600000|  0%| F|  |TAMS 0x0000000088500000| PB 0x0000000088500000| Untracked 
|  52|0x0000000088600000, 0x0000000088600000, 0x0000000088700000|  0%| F|  |TAMS 0x0000000088600000| PB 0x0000000088600000| Untracked 
|  53|0x0000000088700000, 0x0000000088700000, 0x0000000088800000|  0%| F|  |TAMS 0x0000000088700000| PB 0x0000000088700000| Untracked 
|  54|0x0000000088800000, 0x0000000088800000, 0x0000000088900000|  0%| F|  |TAMS 0x0000000088800000| PB 0x0000000088800000| Untracked 
|  55|0x0000000088900000, 0x0000000088900000, 0x0000000088a00000|  0%| F|  |TAMS 0x0000000088900000| PB 0x0000000088900000| Untracked 
|  56|0x0000000088a00000, 0x0000000088a00000, 0x0000000088b00000|  0%| F|  |TAMS 0x0000000088a00000| PB 0x0000000088a00000| Untracked 
|  57|0x0000000088b00000, 0x0000000088b00000, 0x0000000088c00000|  0%| F|  |TAMS 0x0000000088b00000| PB 0x0000000088b00000| Untracked 
|  58|0x0000000088c00000, 0x0000000088c00000, 0x0000000088d00000|  0%| F|  |TAMS 0x0000000088c00000| PB 0x0000000088c00000| Untracked 
|  59|0x0000000088d00000, 0x0000000088d00000, 0x0000000088e00000|  0%| F|  |TAMS 0x0000000088d00000| PB 0x0000000088d00000| Untracked 
|  60|0x0000000088e00000, 0x0000000088e00000, 0x0000000088f00000|  0%| F|  |TAMS 0x0000000088e00000| PB 0x0000000088e00000| Untracked 
|  61|0x0000000088f00000, 0x0000000088f00000, 0x0000000089000000|  0%| F|  |TAMS 0x0000000088f00000| PB 0x0000000088f00000| Untracked 
|  62|0x0000000089000000, 0x0000000089000000, 0x0000000089100000|  0%| F|  |TAMS 0x0000000089000000| PB 0x0000000089000000| Untracked 
|  63|0x0000000089100000, 0x0000000089100000, 0x0000000089200000|  0%| F|  |TAMS 0x0000000089100000| PB 0x0000000089100000| Untracked 
|  64|0x0000000089200000, 0x0000000089200000, 0x0000000089300000|  0%| F|  |TAMS 0x0000000089200000| PB 0x0000000089200000| Untracked 
|  65|0x0000000089300000, 0x0000000089300000, 0x0000000089400000|  0%| F|  |TAMS 0x0000000089300000| PB 0x0000000089300000| Untracked 
|  66|0x0000000089400000, 0x0000000089400000, 0x0000000089500000|  0%| F|  |TAMS 0x0000000089400000| PB 0x0000000089400000| Untracked 
|  67|0x0000000089500000, 0x0000000089500000, 0x0000000089600000|  0%| F|  |TAMS 0x0000000089500000| PB 0x0000000089500000| Untracked 
|  68|0x0000000089600000, 0x0000000089600000, 0x0000000089700000|  0%| F|  |TAMS 0x0000000089600000| PB 0x0000000089600000| Untracked 
|  69|0x0000000089700000, 0x0000000089700000, 0x0000000089800000|  0%| F|  |TAMS 0x0000000089700000| PB 0x0000000089700000| Untracked 
|  70|0x0000000089800000, 0x0000000089800000, 0x0000000089900000|  0%| F|  |TAMS 0x0000000089800000| PB 0x0000000089800000| Untracked 
|  71|0x0000000089900000, 0x0000000089900000, 0x0000000089a00000|  0%| F|  |TAMS 0x0000000089900000| PB 0x0000000089900000| Untracked 
|  72|0x0000000089a00000, 0x0000000089a00000, 0x0000000089b00000|  0%| F|  |TAMS 0x0000000089a00000| PB 0x0000000089a00000| Untracked 
|  73|0x0000000089b00000, 0x0000000089b00000, 0x0000000089c00000|  0%| F|  |TAMS 0x0000000089b00000| PB 0x0000000089b00000| Untracked 
|  74|0x0000000089c00000, 0x0000000089c00000, 0x0000000089d00000|  0%| F|  |TAMS 0x0000000089c00000| PB 0x0000000089c00000| Untracked 
|  75|0x0000000089d00000, 0x0000000089d00000, 0x0000000089e00000|  0%| F|  |TAMS 0x0000000089d00000| PB 0x0000000089d00000| Untracked 
|  76|0x0000000089e00000, 0x0000000089e00000, 0x0000000089f00000|  0%| F|  |TAMS 0x0000000089e00000| PB 0x0000000089e00000| Untracked 
|  77|0x0000000089f00000, 0x0000000089f00000, 0x000000008a000000|  0%| F|  |TAMS 0x0000000089f00000| PB 0x0000000089f00000| Untracked 
|  78|0x000000008a000000, 0x000000008a000000, 0x000000008a100000|  0%| F|  |TAMS 0x000000008a000000| PB 0x000000008a000000| Untracked 
|  79|0x000000008a100000, 0x000000008a100000, 0x000000008a200000|  0%| F|  |TAMS 0x000000008a100000| PB 0x000000008a100000| Untracked 
|  80|0x000000008a200000, 0x000000008a200000, 0x000000008a300000|  0%| F|  |TAMS 0x000000008a200000| PB 0x000000008a200000| Untracked 
|  81|0x000000008a300000, 0x000000008a300000, 0x000000008a400000|  0%| F|  |TAMS 0x000000008a300000| PB 0x000000008a300000| Untracked 
|  82|0x000000008a400000, 0x000000008a400000, 0x000000008a500000|  0%| F|  |TAMS 0x000000008a400000| PB 0x000000008a400000| Untracked 
|  83|0x000000008a500000, 0x000000008a500000, 0x000000008a600000|  0%| F|  |TAMS 0x000000008a500000| PB 0x000000008a500000| Untracked 
|  84|0x000000008a600000, 0x000000008a600000, 0x000000008a700000|  0%| F|  |TAMS 0x000000008a600000| PB 0x000000008a600000| Untracked 
|  85|0x000000008a700000, 0x000000008a780000, 0x000000008a800000| 50%| E|  |TAMS 0x000000008a700000| PB 0x000000008a700000| Complete 
|  86|0x000000008a800000, 0x000000008a900000, 0x000000008a900000|100%| E|CS|TAMS 0x000000008a800000| PB 0x000000008a800000| Complete 
|  87|0x000000008a900000, 0x000000008aa00000, 0x000000008aa00000|100%| E|CS|TAMS 0x000000008a900000| PB 0x000000008a900000| Complete 
|  88|0x000000008aa00000, 0x000000008ab00000, 0x000000008ab00000|100%| E|CS|TAMS 0x000000008aa00000| PB 0x000000008aa00000| Complete 
|  89|0x000000008ab00000, 0x000000008abcc5a0, 0x000000008ac00000| 79%| S|CS|TAMS 0x000000008ab00000| PB 0x000000008ab00000| Complete 
|  90|0x000000008ac00000, 0x000000008ad00000, 0x000000008ad00000|100%| S|CS|TAMS 0x000000008ac00000| PB 0x000000008ac00000| Complete 
|  91|0x000000008ad00000, 0x000000008ae00000, 0x000000008ae00000|100%| E|CS|TAMS 0x000000008ad00000| PB 0x000000008ad00000| Complete 
|  92|0x000000008ae00000, 0x000000008af00000, 0x000000008af00000|100%| E|CS|TAMS 0x000000008ae00000| PB 0x000000008ae00000| Complete 
|  93|0x000000008af00000, 0x000000008b000000, 0x000000008b000000|100%| E|CS|TAMS 0x000000008af00000| PB 0x000000008af00000| Complete 
|  94|0x000000008b000000, 0x000000008b100000, 0x000000008b100000|100%| E|CS|TAMS 0x000000008b000000| PB 0x000000008b000000| Complete 
|  95|0x000000008b100000, 0x000000008b200000, 0x000000008b200000|100%| E|CS|TAMS 0x000000008b100000| PB 0x000000008b100000| Complete 
|  96|0x000000008b200000, 0x000000008b300000, 0x000000008b300000|100%| E|CS|TAMS 0x000000008b200000| PB 0x000000008b200000| Complete 
|  97|0x000000008b300000, 0x000000008b400000, 0x000000008b400000|100%| E|CS|TAMS 0x000000008b300000| PB 0x000000008b300000| Complete 
|  98|0x000000008b400000, 0x000000008b500000, 0x000000008b500000|100%| E|CS|TAMS 0x000000008b400000| PB 0x000000008b400000| Complete 
|  99|0x000000008b500000, 0x000000008b600000, 0x000000008b600000|100%| E|CS|TAMS 0x000000008b500000| PB 0x000000008b500000| Complete 
| 100|0x000000008b600000, 0x000000008b700000, 0x000000008b700000|100%| E|CS|TAMS 0x000000008b600000| PB 0x000000008b600000| Complete 
| 101|0x000000008b700000, 0x000000008b800000, 0x000000008b800000|100%| E|CS|TAMS 0x000000008b700000| PB 0x000000008b700000| Complete 
| 102|0x000000008b800000, 0x000000008b900000, 0x000000008b900000|100%| E|CS|TAMS 0x000000008b800000| PB 0x000000008b800000| Complete 
| 103|0x000000008b900000, 0x000000008ba00000, 0x000000008ba00000|100%| E|CS|TAMS 0x000000008b900000| PB 0x000000008b900000| Complete 
| 104|0x000000008ba00000, 0x000000008bb00000, 0x000000008bb00000|100%| E|CS|TAMS 0x000000008ba00000| PB 0x000000008ba00000| Complete 
| 105|0x000000008bb00000, 0x000000008bc00000, 0x000000008bc00000|100%| E|CS|TAMS 0x000000008bb00000| PB 0x000000008bb00000| Complete 
| 106|0x000000008bc00000, 0x000000008bd00000, 0x000000008bd00000|100%| E|CS|TAMS 0x000000008bc00000| PB 0x000000008bc00000| Complete 
| 107|0x000000008bd00000, 0x000000008be00000, 0x000000008be00000|100%| E|CS|TAMS 0x000000008bd00000| PB 0x000000008bd00000| Complete 
| 108|0x000000008be00000, 0x000000008bf00000, 0x000000008bf00000|100%| E|CS|TAMS 0x000000008be00000| PB 0x000000008be00000| Complete 
| 109|0x000000008bf00000, 0x000000008c000000, 0x000000008c000000|100%| E|CS|TAMS 0x000000008bf00000| PB 0x000000008bf00000| Complete 
| 110|0x000000008c000000, 0x000000008c100000, 0x000000008c100000|100%| E|CS|TAMS 0x000000008c000000| PB 0x000000008c000000| Complete 
| 111|0x000000008c100000, 0x000000008c200000, 0x000000008c200000|100%| E|CS|TAMS 0x000000008c100000| PB 0x000000008c100000| Complete 
| 112|0x000000008c200000, 0x000000008c300000, 0x000000008c300000|100%| E|CS|TAMS 0x000000008c200000| PB 0x000000008c200000| Complete 
| 113|0x000000008c300000, 0x000000008c400000, 0x000000008c400000|100%| E|CS|TAMS 0x000000008c300000| PB 0x000000008c300000| Complete 
| 114|0x000000008c400000, 0x000000008c500000, 0x000000008c500000|100%| E|CS|TAMS 0x000000008c400000| PB 0x000000008c400000| Complete 
| 115|0x000000008c500000, 0x000000008c600000, 0x000000008c600000|100%| E|CS|TAMS 0x000000008c500000| PB 0x000000008c500000| Complete 
| 116|0x000000008c600000, 0x000000008c700000, 0x000000008c700000|100%| E|CS|TAMS 0x000000008c600000| PB 0x000000008c600000| Complete 
| 117|0x000000008c700000, 0x000000008c800000, 0x000000008c800000|100%| E|CS|TAMS 0x000000008c700000| PB 0x000000008c700000| Complete 
| 118|0x000000008c800000, 0x000000008c900000, 0x000000008c900000|100%| E|CS|TAMS 0x000000008c800000| PB 0x000000008c800000| Complete 
| 119|0x000000008c900000, 0x000000008ca00000, 0x000000008ca00000|100%| E|CS|TAMS 0x000000008c900000| PB 0x000000008c900000| Complete 
| 120|0x000000008ca00000, 0x000000008cb00000, 0x000000008cb00000|100%| E|CS|TAMS 0x000000008ca00000| PB 0x000000008ca00000| Complete 
| 121|0x000000008cb00000, 0x000000008cc00000, 0x000000008cc00000|100%| E|CS|TAMS 0x000000008cb00000| PB 0x000000008cb00000| Complete 
| 122|0x000000008cc00000, 0x000000008cd00000, 0x000000008cd00000|100%| E|CS|TAMS 0x000000008cc00000| PB 0x000000008cc00000| Complete 
| 123|0x000000008cd00000, 0x000000008ce00000, 0x000000008ce00000|100%| E|CS|TAMS 0x000000008cd00000| PB 0x000000008cd00000| Complete 

Card table byte_map: [0x00000223d8600000,0x00000223d89e0000] _byte_map_base: 0x00000223d81d7000

Marking Bits: (CMBitMap*) 0x00000223be96f820
 Bits: [0x00000223d89e0000, 0x00000223da898000)

Polling page: 0x00000223be9e0000

Metaspace:

Usage:
  Non-class:     13.04 MB used.
      Class:      1.73 MB used.
       Both:     14.77 MB used.

Virtual space:
  Non-class space:       64.00 MB reserved,      13.19 MB ( 21%) committed,  1 nodes.
      Class space:        1.00 GB reserved,       1.88 MB ( <1%) committed,  1 nodes.
             Both:        1.06 GB reserved,      15.06 MB (  1%) committed. 

Chunk freelists:
   Non-Class:  2.25 MB
       Class:  13.98 MB
        Both:  16.23 MB

MaxMetaspaceSize: unlimited
CompressedClassSpaceSize: 1.00 GB
Initial GC threshold: 21.00 MB
Current GC threshold: 21.00 MB
CDS: on
 - commit_granule_bytes: 65536.
 - commit_granule_words: 8192.
 - virtual_space_node_default_size: 8388608.
 - enlarge_chunks_in_place: 1.
 - use_allocation_guard: 0.


Internal statistics:

num_allocs_failed_limit: 0.
num_arena_births: 142.
num_arena_deaths: 0.
num_vsnodes_births: 2.
num_vsnodes_deaths: 0.
num_space_committed: 241.
num_space_uncommitted: 0.
num_chunks_returned_to_freelist: 0.
num_chunks_taken_from_freelist: 652.
num_chunk_merges: 0.
num_chunk_splits: 451.
num_chunks_enlarged: 368.
num_inconsistent_stats: 0.

CodeHeap 'non-profiled nmethods': size=120000Kb used=1315Kb max_used=1315Kb free=118684Kb
 bounds [0x00000223d0060000, 0x00000223d02d0000, 0x00000223d7590000]
CodeHeap 'profiled nmethods': size=120000Kb used=6575Kb max_used=6575Kb free=113424Kb
 bounds [0x00000223c8590000, 0x00000223c8c00000, 0x00000223cfac0000]
CodeHeap 'non-nmethods': size=5760Kb used=1394Kb max_used=1422Kb free=4365Kb
 bounds [0x00000223cfac0000, 0x00000223cfd30000, 0x00000223d0060000]
 total_blobs=3718 nmethods=3230 adapters=392
 compilation: enabled
              stopped_count=0, restarted_count=0
 full_count=0

Compilation events (20 events):
Event: 4.868 Thread 0x00000223dd589670 3177       3       java.util.regex.Pattern::lambda$union$3 (26 bytes)
Event: 4.868 Thread 0x00000223dd589670 nmethod 3177 0x00000223c8bd4290 code [0x00000223c8bd4460, 0x00000223c8bd4778]
Event: 4.868 Thread 0x00000223dd589670 3178       3       java.util.regex.CharPredicates$$Lambda/0x800000026::is (5 bytes)
Event: 4.869 Thread 0x00000223dd589670 nmethod 3178 0x00000223c8bd4890 code [0x00000223c8bd4a40, 0x00000223c8bd4cf8]
Event: 4.869 Thread 0x00000223dd589670 3180       3       java.util.regex.ASCII::isDigit (18 bytes)
Event: 4.869 Thread 0x00000223dd589670 nmethod 3180 0x00000223c8bd4e10 code [0x00000223c8bd4fa0, 0x00000223c8bd50f8]
Event: 4.869 Thread 0x00000223dd589670 3179       3       java.util.regex.CharPredicates::lambda$ASCII_DIGIT$18 (20 bytes)
Event: 4.869 Thread 0x00000223dd589670 nmethod 3179 0x00000223c8bd5190 code [0x00000223c8bd5340, 0x00000223c8bd5580]
Event: 4.871 Thread 0x00000223dd589670 3181       3       java.lang.CharacterDataLatin1::digit (32 bytes)
Event: 4.872 Thread 0x00000223dd589670 nmethod 3181 0x00000223c8bd5610 code [0x00000223c8bd57c0, 0x00000223c8bd5a18]
Event: 4.872 Thread 0x00000223dd589670 3182       1       org.apache.maven.model.profile.activation.JdkVersionProfileActivator$RangeValue::access$000 (5 bytes)
Event: 4.872 Thread 0x00000223dd589670 nmethod 3182 0x00000223d01a6390 code [0x00000223d01a6520, 0x00000223d01a65d0]
Event: 4.875 Thread 0x00000223dd589670 3183       3       java.util.regex.Pattern::newCharProperty (39 bytes)
Event: 4.876 Thread 0x00000223dd589670 nmethod 3183 0x00000223c8bd5b10 code [0x00000223c8bd5d20, 0x00000223c8bd6600]
Event: 4.881 Thread 0x00000223dd589670 3185       3       java.util.LinkedHashMap::afterNodeAccess (266 bytes)
Event: 4.881 Thread 0x00000223dd589670 nmethod 3185 0x00000223c8bd6810 code [0x00000223c8bd6a40, 0x00000223c8bd7640]
Event: 4.917 Thread 0x00000223dd589670 3186       3       org.codehaus.plexus.interpolation.reflection.ReflectionValueExtractor$Tokenizer::skipChar (37 bytes)
Event: 4.918 Thread 0x00000223dd589670 nmethod 3186 0x00000223c8bd7890 code [0x00000223c8bd7aa0, 0x00000223c8bd8198]
Event: 4.918 Thread 0x00000223dd589670 3187   !   3       org.codehaus.plexus.interpolation.reflection.ReflectionValueExtractor::getPropertyValue (114 bytes)
Event: 6.935 Thread 0x00000223dd589670 nmethod 3187 0x00000223c8bd8490 code [0x00000223c8bd8820, 0x00000223c8bd9990]

GC Heap History (4 events):
Event: 0.790 GC heap before
{Heap before GC invocations=0 (full 0):
 garbage-first heap   total 126976K, used 23552K [0x0000000085200000, 0x0000000100000000)
  region size 1024K, 23 young (23552K), 0 survivors (0K)
 Metaspace       used 5603K, committed 5824K, reserved 1114112K
  class space    used 646K, committed 768K, reserved 1048576K
}
Event: 0.799 GC heap after
{Heap after GC invocations=1 (full 0):
 garbage-first heap   total 126976K, used 3712K [0x0000000085200000, 0x0000000100000000)
  region size 1024K, 3 young (3072K), 3 survivors (3072K)
 Metaspace       used 5603K, committed 5824K, reserved 1114112K
  class space    used 646K, committed 768K, reserved 1048576K
}
Event: 1.476 GC heap before
{Heap before GC invocations=1 (full 0):
 garbage-first heap   total 126976K, used 34432K [0x0000000085200000, 0x0000000100000000)
  region size 1024K, 33 young (33792K), 3 survivors (3072K)
 Metaspace       used 9678K, committed 9856K, reserved 1114112K
  class space    used 1137K, committed 1216K, reserved 1048576K
}
Event: 1.485 GC heap after
{Heap after GC invocations=2 (full 0):
 garbage-first heap   total 126976K, used 5653K [0x0000000085200000, 0x0000000100000000)
  region size 1024K, 2 young (2048K), 2 survivors (2048K)
 Metaspace       used 9678K, committed 9856K, reserved 1114112K
  class space    used 1137K, committed 1216K, reserved 1048576K
}

Dll operation events (8 events):
Event: 0.008 Loaded shared library C:\Program Files\Java\jdk-21\bin\java.dll
Event: 0.043 Loaded shared library C:\Program Files\Java\jdk-21\bin\jsvml.dll
Event: 0.063 Loaded shared library C:\Program Files\Java\jdk-21\bin\net.dll
Event: 0.065 Loaded shared library C:\Program Files\Java\jdk-21\bin\nio.dll
Event: 0.070 Loaded shared library C:\Program Files\Java\jdk-21\bin\zip.dll
Event: 0.288 Loaded shared library C:\Program Files\Java\jdk-21\bin\jimage.dll
Event: 0.294 Loaded shared library C:\ProgramData\chocolatey\lib\maven\apache-maven-3.9.15\lib\jansi-native\Windows\x86_64\jansi.dll
Event: 0.321 Loaded shared library C:\Program Files\Java\jdk-21\bin\verify.dll

Deoptimization events (20 events):
Event: 4.099 Thread 0x00000223be5f0db0 Uncommon trap: trap_request=0xffffff45 fr.pc=0x00000223d00cf338 relative=0x0000000000000ad8
Event: 4.099 Thread 0x00000223be5f0db0 Uncommon trap: reason=unstable_if action=reinterpret pc=0x00000223d00cf338 method=org.codehaus.plexus.util.xml.pull.MXParser.nextImpl()I @ 241 c2
Event: 4.099 Thread 0x00000223be5f0db0 DEOPT PACKING pc=0x00000223d00cf338 sp=0x0000009e98efcbe0
Event: 4.099 Thread 0x00000223be5f0db0 DEOPT UNPACKING pc=0x00000223cfb146a2 sp=0x0000009e98efcb60 mode 2
Event: 4.109 Thread 0x00000223be5f0db0 DEOPT PACKING pc=0x00000223c8abd0c1 sp=0x0000009e98efd050
Event: 4.109 Thread 0x00000223be5f0db0 DEOPT UNPACKING pc=0x00000223cfb14e42 sp=0x0000009e98efc578 mode 0
Event: 4.116 Thread 0x00000223be5f0db0 Uncommon trap: trap_request=0xffffff45 fr.pc=0x00000223d0117828 relative=0x00000000000001e8
Event: 4.116 Thread 0x00000223be5f0db0 Uncommon trap: reason=unstable_if action=reinterpret pc=0x00000223d0117828 method=java.lang.String.regionMatches(ZILjava/lang/String;II)Z @ 21 c2
Event: 4.116 Thread 0x00000223be5f0db0 DEOPT PACKING pc=0x00000223d0117828 sp=0x0000009e98efd320
Event: 4.116 Thread 0x00000223be5f0db0 DEOPT UNPACKING pc=0x00000223cfb146a2 sp=0x0000009e98efd2b8 mode 2
Event: 4.198 Thread 0x00000223be5f0db0 DEOPT PACKING pc=0x00000223c8abd0c1 sp=0x0000009e98efcbe0
Event: 4.198 Thread 0x00000223be5f0db0 DEOPT UNPACKING pc=0x00000223cfb14e42 sp=0x0000009e98efc0f0 mode 0
Event: 4.446 Thread 0x00000223be5f0db0 DEOPT PACKING pc=0x00000223c8abd0e2 sp=0x0000009e98efcf90
Event: 4.446 Thread 0x00000223be5f0db0 DEOPT UNPACKING pc=0x00000223cfb14e42 sp=0x0000009e98efc4b8 mode 0
Event: 4.500 Thread 0x00000223be5f0db0 DEOPT PACKING pc=0x00000223c8abd0c1 sp=0x0000009e98efcf20
Event: 4.500 Thread 0x00000223be5f0db0 DEOPT UNPACKING pc=0x00000223cfb14e42 sp=0x0000009e98efc448 mode 0
Event: 4.566 Thread 0x00000223be5f0db0 DEOPT PACKING pc=0x00000223c8abd0c1 sp=0x0000009e98efcd30
Event: 4.567 Thread 0x00000223be5f0db0 DEOPT UNPACKING pc=0x00000223cfb14e42 sp=0x0000009e98efc258 mode 0
Event: 4.719 Thread 0x00000223be5f0db0 DEOPT PACKING pc=0x00000223c8abd0e2 sp=0x0000009e98efc900
Event: 4.719 Thread 0x00000223be5f0db0 DEOPT UNPACKING pc=0x00000223cfb14e42 sp=0x0000009e98efbe28 mode 0

Classes loaded (20 events):
Event: 3.857 Loading class sun/nio/fs/WindowsChannelFactory$2
Event: 3.858 Loading class sun/nio/fs/WindowsChannelFactory$2 done
Event: 3.858 Loading class sun/nio/ch/FileLockImpl
Event: 3.858 Loading class sun/nio/ch/FileLockImpl done
Event: 3.858 Loading class sun/nio/ch/FileLockTable
Event: 3.859 Loading class sun/nio/ch/FileLockTable done
Event: 3.859 Loading class sun/nio/ch/FileKey
Event: 3.859 Loading class sun/nio/ch/FileKey done
Event: 3.859 Loading class sun/nio/ch/FileLockTable$FileLockReference
Event: 3.859 Loading class sun/nio/ch/FileLockTable$FileLockReference done
Event: 3.859 Loading class java/nio/channels/spi/AbstractInterruptibleChannel$1
Event: 3.859 Loading class sun/nio/ch/Interruptible
Event: 3.860 Loading class sun/nio/ch/Interruptible done
Event: 3.860 Loading class java/nio/channels/spi/AbstractInterruptibleChannel$1 done
Event: 3.862 Loading class java/util/AbstractMap$2
Event: 3.862 Loading class java/util/AbstractMap$2 done
Event: 3.862 Loading class java/util/AbstractMap$2$1
Event: 3.863 Loading class java/util/AbstractMap$2$1 done
Event: 3.993 Loading class java/util/Formatter$FixedString
Event: 3.994 Loading class java/util/Formatter$FixedString done

Classes unloaded (0 events):
No events

Classes redefined (0 events):
No events

Internal exceptions (20 events):
Event: 0.705 Thread 0x00000223be5f0db0 Exception <a 'java/lang/NoSuchMethodError'{0x000000008bc96e30}: 'java.lang.Object java.lang.invoke.DirectMethodHandle$Holder.newInvokeSpecial(java.lang.Object, java.lang.Object, java.lang.Object, java.lang.Object, java.lang.Object)'> (0x000000008bc96e30) 
thrown [s\open\src\hotspot\share\interpreter\linkResolver.cpp, line 773]
Event: 0.733 Thread 0x00000223be5f0db0 Exception <a 'java/lang/NoSuchMethodError'{0x000000008bbb5ef8}: 'int java.lang.invoke.DirectMethodHandle$Holder.invokeStaticInit(java.lang.Object, java.lang.Object)'> (0x000000008bbb5ef8) 
thrown [s\open\src\hotspot\share\interpreter\linkResolver.cpp, line 773]
Event: 0.741 Thread 0x00000223be5f0db0 Exception <a 'java/lang/NoClassDefFoundError'{0x000000008bbee2f0}: javax/enterprise/inject/Typed> (0x000000008bbee2f0) 
thrown [s\open\src\hotspot\share\classfile\systemDictionary.cpp, line 301]
Event: 1.788 Thread 0x00000223be5f0db0 Exception <a 'java/lang/NoSuchMethodError'{0x000000008c9b9188}: 'void java.lang.invoke.DirectMethodHandle$Holder.invokeStaticInit(java.lang.Object, java.lang.Object, java.lang.Object)'> (0x000000008c9b9188) 
thrown [s\open\src\hotspot\share\interpreter\linkResolver.cpp, line 773]
Event: 1.822 Thread 0x00000223be5f0db0 Implicit null exception at 0x00000223d0110dda to 0x00000223d0110fd4
Event: 1.831 Thread 0x00000223be5f0db0 Exception <a 'java/lang/NoSuchMethodError'{0x000000008c829fe8}: 'java.lang.Object java.lang.invoke.Invokers$Holder.invokeExact_MT(java.lang.Object, int, java.lang.Object)'> (0x000000008c829fe8) 
thrown [s\open\src\hotspot\share\interpreter\linkResolver.cpp, line 773]
Event: 2.658 Thread 0x00000223be5f0db0 Exception <a 'java/lang/NoSuchMethodError'{0x000000008c055700}: 'void java.lang.invoke.Invokers$Holder.invokeExact_MT(java.lang.Object, java.lang.Object, java.lang.Object, java.lang.Object)'> (0x000000008c055700) 
thrown [s\open\src\hotspot\share\interpreter\linkResolver.cpp, line 773]
Event: 2.711 Thread 0x00000223be5f0db0 Exception <a 'java/lang/NoClassDefFoundError'{0x000000008c0eb228}: com/google/inject/servlet/ServletModuleTargetVisitor> (0x000000008c0eb228) 
thrown [s\open\src\hotspot\share\classfile\systemDictionary.cpp, line 301]
Event: 3.203 Thread 0x00000223be5f0db0 Exception <a 'java/lang/NoSuchMethodError'{0x000000008bd49280}: 'java.lang.Object java.lang.invoke.DirectMethodHandle$Holder.invokeStaticInit(java.lang.Object, int, int, int, int)'> (0x000000008bd49280) 
thrown [s\open\src\hotspot\share\interpreter\linkResolver.cpp, line 773]
Event: 3.520 Thread 0x00000223be5f0db0 Implicit null exception at 0x00000223d00921a4 to 0x00000223d009280c
Event: 3.520 Thread 0x00000223be5f0db0 Implicit null exception at 0x00000223d008cea0 to 0x00000223d008d4fc
Event: 3.524 Thread 0x00000223be5f0db0 Exception <a 'java/lang/NoSuchMethodError'{0x000000008bafc560}: 'java.lang.Object java.lang.invoke.DirectMethodHandle$Holder.newInvokeSpecial(java.lang.Object, java.lang.Object, java.lang.Object, java.lang.Object, java.lang.Object, java.lang.Object)'> (0x000000008bafc560) 
thrown [s\open\src\hotspot\share\interpreter\linkResolver.cpp, line 773]
Event: 3.526 Thread 0x00000223be5f0db0 Exception <a 'java/lang/NoSuchMethodError'{0x000000008b902eb0}: 'void java.lang.invoke.DirectMethodHandle$Holder.invokeSpecial(java.lang.Object, java.lang.Object, java.lang.Object, java.lang.Object, java.lang.Object)'> (0x000000008b902eb0) 
thrown [s\open\src\hotspot\share\interpreter\linkResolver.cpp, line 773]
Event: 3.546 Thread 0x00000223be5f0db0 Exception <a 'java/lang/NoSuchMethodError'{0x000000008b963560}: 'java.lang.Object java.lang.invoke.DirectMethodHandle$Holder.invokeVirtual(java.lang.Object, java.lang.Object, java.lang.Object)'> (0x000000008b963560) 
thrown [s\open\src\hotspot\share\interpreter\linkResolver.cpp, line 773]
Event: 3.548 Thread 0x00000223be5f0db0 Exception <a 'java/lang/NoSuchMethodError'{0x000000008b9700f8}: 'void java.lang.invoke.DirectMethodHandle$Holder.invokeSpecial(java.lang.Object, java.lang.Object, java.lang.Object, java.lang.Object, java.lang.Object, java.lang.Object)'> (0x000000008b9700f8) 
thrown [s\open\src\hotspot\share\interpreter\linkResolver.cpp, line 773]
Event: 3.723 Thread 0x00000223be5f0db0 Exception <a 'java/lang/NoSuchMethodError'{0x000000008b70a5c8}: 'void java.lang.invoke.DirectMethodHandle$Holder.invokeVirtual(java.lang.Object, java.lang.Object, int)'> (0x000000008b70a5c8) 
thrown [s\open\src\hotspot\share\interpreter\linkResolver.cpp, line 773]
Event: 3.725 Thread 0x00000223be5f0db0 Exception <a 'java/lang/NoSuchMethodError'{0x000000008b70e730}: 'int java.lang.invoke.DirectMethodHandle$Holder.invokeSpecial(java.lang.Object, java.lang.Object, java.lang.Object, int)'> (0x000000008b70e730) 
thrown [s\open\src\hotspot\share\interpreter\linkResolver.cpp, line 773]
Event: 3.733 Thread 0x00000223be5f0db0 Exception <a 'java/lang/NoSuchMethodError'{0x000000008b720e18}: 'java.lang.Object java.lang.invoke.DirectMethodHandle$Holder.invokeStatic(java.lang.Object, java.lang.Object, java.lang.Object, java.lang.Object, int)'> (0x000000008b720e18) 
thrown [s\open\src\hotspot\share\interpreter\linkResolver.cpp, line 773]
Event: 3.739 Thread 0x00000223be5f0db0 Exception <a 'java/lang/NoSuchMethodError'{0x000000008b728c18}: 'void java.lang.invoke.DirectMethodHandle$Holder.invokeSpecial(java.lang.Object, java.lang.Object, java.lang.Object, int)'> (0x000000008b728c18) 
thrown [s\open\src\hotspot\share\interpreter\linkResolver.cpp, line 773]
Event: 3.740 Thread 0x00000223be5f0db0 Exception <a 'java/lang/NoSuchMethodError'{0x000000008b72c2e8}: 'void java.lang.invoke.DelegatingMethodHandle$Holder.reinvoke_L(java.lang.Object, java.lang.Object, int)'> (0x000000008b72c2e8) 
thrown [s\open\src\hotspot\share\interpreter\linkResolver.cpp, line 773]

ZGC Phase Switch (0 events):
No events

VM Operations (20 events):
Event: 2.273 Executing VM operation: HandshakeAllThreads (Deoptimize) done
Event: 2.560 Executing VM operation: ICBufferFull
Event: 2.560 Executing VM operation: ICBufferFull done
Event: 2.644 Executing VM operation: HandshakeAllThreads (Deoptimize)
Event: 2.644 Executing VM operation: HandshakeAllThreads (Deoptimize) done
Event: 2.898 Executing VM operation: HandshakeAllThreads (Deoptimize)
Event: 2.898 Executing VM operation: HandshakeAllThreads (Deoptimize) done
Event: 3.012 Executing VM operation: HandshakeAllThreads (Deoptimize)
Event: 3.012 Executing VM operation: HandshakeAllThreads (Deoptimize) done
Event: 3.260 Executing VM operation: HandshakeAllThreads (Deoptimize)
Event: 3.261 Executing VM operation: HandshakeAllThreads (Deoptimize) done
Event: 3.424 Executing VM operation: HandshakeAllThreads (Deoptimize)
Event: 3.424 Executing VM operation: HandshakeAllThreads (Deoptimize) done
Event: 3.426 Executing VM operation: HandshakeAllThreads (Deoptimize)
Event: 3.427 Executing VM operation: HandshakeAllThreads (Deoptimize) done
Event: 3.687 Executing VM operation: ICBufferFull
Event: 3.688 Executing VM operation: ICBufferFull done
Event: 4.690 Executing VM operation: Cleanup
Event: 4.692 Executing VM operation: Cleanup done
Event: 5.706 Executing VM operation: Cleanup

Events (16 events):
Event: 0.025 Thread 0x00000223be5f0db0 Thread added: 0x00000223be5f0db0
Event: 0.039 Thread 0x00000223dd56fca0 Thread added: 0x00000223dd56fca0
Event: 0.039 Thread 0x00000223dd5706f0 Thread added: 0x00000223dd5706f0
Event: 0.039 Thread 0x00000223dd572150 Thread added: 0x00000223dd572150
Event: 0.040 Thread 0x00000223dd572ba0 Thread added: 0x00000223dd572ba0
Event: 0.040 Thread 0x00000223dd5761b0 Thread added: 0x00000223dd5761b0
Event: 0.040 Thread 0x00000223dd582020 Thread added: 0x00000223dd582020
Event: 0.040 Thread 0x00000223dd585350 Thread added: 0x00000223dd585350
Event: 0.040 Thread 0x00000223dd589670 Thread added: 0x00000223dd589670
Event: 0.057 Thread 0x00000223dd5833d0 Thread added: 0x00000223dd5833d0
Event: 0.059 Thread 0x00000223dd5840f0 Thread added: 0x00000223dd5840f0
Event: 0.286 Thread 0x00000223dd582d40 Thread added: 0x00000223dd582d40
Event: 0.465 Thread 0x0000022423161470 Thread added: 0x0000022423161470
Event: 0.476 Thread 0x00000223dd582d40 Thread exited: 0x00000223dd582d40
Event: 1.609 Thread 0x0000022423161470 Thread exited: 0x0000022423161470
Event: 3.334 Thread 0x00000223dd581990 Thread added: 0x00000223dd581990


Dynamic libraries:
0x00007ff6041f0000 - 0x00007ff604200000 	C:\Program Files\Java\jdk-21\bin\java.exe
0x00007ffcf62a0000 - 0x00007ffcf6507000 	C:\WINDOWS\SYSTEM32\ntdll.dll
0x00007ffcf5910000 - 0x00007ffcf59d9000 	C:\WINDOWS\System32\KERNEL32.DLL
0x00007ffcf30f0000 - 0x00007ffcf34e4000 	C:\WINDOWS\System32\KERNELBASE.dll
0x00007ffcf2b70000 - 0x00007ffcf2cbb000 	C:\WINDOWS\System32\ucrtbase.dll
0x00007ffcce370000 - 0x00007ffcce389000 	C:\Program Files\Java\jdk-21\bin\jli.dll
0x00007ffcf6160000 - 0x00007ffcf6216000 	C:\WINDOWS\System32\ADVAPI32.dll
0x00007ffcf5640000 - 0x00007ffcf56e9000 	C:\WINDOWS\System32\msvcrt.dll
0x00007ffcf5ff0000 - 0x00007ffcf6097000 	C:\WINDOWS\System32\sechost.dll
0x00007ffcf56f0000 - 0x00007ffcf5808000 	C:\WINDOWS\System32\RPCRT4.dll
0x00007ffcf5470000 - 0x00007ffcf5635000 	C:\WINDOWS\System32\USER32.dll
0x00007ffcf35a0000 - 0x00007ffcf35c7000 	C:\WINDOWS\System32\win32u.dll
0x00007ffcf5040000 - 0x00007ffcf506b000 	C:\WINDOWS\System32\GDI32.dll
0x00007ffcf35d0000 - 0x00007ffcf36fb000 	C:\WINDOWS\System32\gdi32full.dll
0x00007ffcf34f0000 - 0x00007ffcf3593000 	C:\WINDOWS\System32\msvcp_win.dll
0x00007ffcc4a10000 - 0x00007ffcc4a2b000 	C:\Program Files\Java\jdk-21\bin\VCRUNTIME140.dll
0x00007ffcd0a70000 - 0x00007ffcd0d03000 	C:\WINDOWS\WinSxS\amd64_microsoft.windows.common-controls_6595b64144ccf1df_6.0.26100.8115_none_3e075c82e3354f9c\COMCTL32.dll
0x00007ffcded70000 - 0x00007ffcded7b000 	C:\WINDOWS\SYSTEM32\VERSION.dll
0x00007ffcf6220000 - 0x00007ffcf6252000 	C:\WINDOWS\System32\IMM32.DLL
0x00007ffcce360000 - 0x00007ffcce36c000 	C:\Program Files\Java\jdk-21\bin\vcruntime140_1.dll
0x00007ffc85030000 - 0x00007ffc850be000 	C:\Program Files\Java\jdk-21\bin\msvcp140.dll
0x00007ffc46510000 - 0x00007ffc4722d000 	C:\Program Files\Java\jdk-21\bin\server\jvm.dll
0x00007ffcf5e70000 - 0x00007ffcf5ef0000 	C:\WINDOWS\System32\WS2_32.dll
0x00007ffcf29d0000 - 0x00007ffcf2a2e000 	C:\WINDOWS\SYSTEM32\POWRPROF.dll
0x00007ffcea320000 - 0x00007ffcea356000 	C:\WINDOWS\SYSTEM32\WINMM.dll
0x00007ffcf29b0000 - 0x00007ffcf29c4000 	C:\WINDOWS\SYSTEM32\UMPDC.dll
0x00007ffcf1840000 - 0x00007ffcf185b000 	C:\WINDOWS\SYSTEM32\kernel.appcore.dll
0x00007ffccc2a0000 - 0x00007ffccc2aa000 	C:\Program Files\Java\jdk-21\bin\jimage.dll
0x00007ffcf0a70000 - 0x00007ffcf0cb2000 	C:\WINDOWS\SYSTEM32\DBGHELP.DLL
0x00007ffcf47b0000 - 0x00007ffcf4b32000 	C:\WINDOWS\System32\combase.dll
0x00007ffcf5a00000 - 0x00007ffcf5ad8000 	C:\WINDOWS\System32\OLEAUT32.dll
0x00007ffccc2e0000 - 0x00007ffccc31b000 	C:\WINDOWS\SYSTEM32\dbgcore.DLL
0x00007ffcf2d50000 - 0x00007ffcf2df5000 	C:\WINDOWS\System32\bcryptPrimitives.dll
0x00007ffcc49f0000 - 0x00007ffcc4a0f000 	C:\Program Files\Java\jdk-21\bin\java.dll
0x00007ffcf4040000 - 0x00007ffcf47a7000 	C:\WINDOWS\System32\SHELL32.dll
0x00007ffcf2e00000 - 0x00007ffcf2f6a000 	C:\WINDOWS\System32\wintypes.dll
0x00007ffcf3700000 - 0x00007ffcf3f68000 	C:\WINDOWS\System32\windows.storage.dll
0x00007ffcf5810000 - 0x00007ffcf5908000 	C:\WINDOWS\System32\SHCORE.dll
0x00007ffcf4fd0000 - 0x00007ffcf5036000 	C:\WINDOWS\System32\shlwapi.dll
0x00007ffcf2a90000 - 0x00007ffcf2ab9000 	C:\WINDOWS\SYSTEM32\profapi.dll
0x00007ffc84f50000 - 0x00007ffc85027000 	C:\Program Files\Java\jdk-21\bin\jsvml.dll
0x00007ffcc49e0000 - 0x00007ffcc49f0000 	C:\Program Files\Java\jdk-21\bin\net.dll
0x00007ffce6ac0000 - 0x00007ffce6bed000 	C:\WINDOWS\SYSTEM32\WINHTTP.dll
0x00007ffcf1e70000 - 0x00007ffcf1edc000 	C:\WINDOWS\system32\mswsock.dll
0x00007ffcbc880000 - 0x00007ffcbc896000 	C:\Program Files\Java\jdk-21\bin\nio.dll
0x00007ffcbc860000 - 0x00007ffcbc878000 	C:\Program Files\Java\jdk-21\bin\zip.dll
0x00007ffcb8680000 - 0x00007ffcb86a4000 	C:\ProgramData\chocolatey\lib\maven\apache-maven-3.9.15\lib\jansi-native\Windows\x86_64\jansi.dll
0x00007ffcc48a0000 - 0x00007ffcc48b0000 	C:\Program Files\Java\jdk-21\bin\verify.dll

dbghelp: loaded successfully - version: 4.0.5 - missing functions: none
symbol engine: initialized successfully - sym options: 0x614 - pdb path: .;C:\Program Files\Java\jdk-21\bin;C:\WINDOWS\SYSTEM32;C:\WINDOWS\WinSxS\amd64_microsoft.windows.common-controls_6595b64144ccf1df_6.0.26100.8115_none_3e075c82e3354f9c;C:\Program Files\Java\jdk-21\bin\server;C:\ProgramData\chocolatey\lib\maven\apache-maven-3.9.15\lib\jansi-native\Windows\x86_64

VM Arguments:
jvm_args: --enable-native-access=ALL-UNNAMED -Dclassworlds.conf=C:\ProgramData\chocolatey\lib\maven\apache-maven-3.9.15\bin\m2.conf -Dmaven.home=C:\ProgramData\chocolatey\lib\maven\apache-maven-3.9.15 -Dlibrary.jansi.path=C:\ProgramData\chocolatey\lib\maven\apache-maven-3.9.15\lib\jansi-native -Dmaven.multiModuleProjectDirectory=C:\Users\natha\OneDrive\Documents\engineering\learning\nasa\nasaApodJob 
java_command: org.codehaus.plexus.classworlds.launcher.Launcher clean install
java_class_path (initial): C:\ProgramData\chocolatey\lib\maven\apache-maven-3.9.15\boot\plexus-classworlds-2.9.0.jar
Launcher Type: SUN_STANDARD

[Global flags]
     intx CICompilerCount                          = 4                                         {product} {ergonomic}
     uint ConcGCThreads                            = 3                                         {product} {ergonomic}
     uint G1ConcRefinementThreads                  = 10                                        {product} {ergonomic}
   size_t G1HeapRegionSize                         = 1048576                                   {product} {ergonomic}
    uintx GCDrainStackTargetSize                   = 64                                        {product} {ergonomic}
   size_t InitialHeapSize                          = 130023424                                 {product} {ergonomic}
   size_t MarkStackSize                            = 4194304                                   {product} {ergonomic}
   size_t MaxHeapSize                              = 2061500416                                {product} {ergonomic}
   size_t MaxNewSize                               = 1236271104                                {product} {ergonomic}
   size_t MinHeapDeltaBytes                        = 1048576                                   {product} {ergonomic}
   size_t MinHeapSize                              = 8388608                                   {product} {ergonomic}
    uintx NonNMethodCodeHeapSize                   = 5839372                                {pd product} {ergonomic}
    uintx NonProfiledCodeHeapSize                  = 122909434                              {pd product} {ergonomic}
    uintx ProfiledCodeHeapSize                     = 122909434                              {pd product} {ergonomic}
    uintx ReservedCodeCacheSize                    = 251658240                              {pd product} {ergonomic}
     bool SegmentedCodeCache                       = true                                      {product} {ergonomic}
   size_t SoftMaxHeapSize                          = 2061500416                             {manageable} {ergonomic}
     bool UseCompressedOops                        = true                           {product lp64_product} {ergonomic}
     bool UseG1GC                                  = true                                      {product} {ergonomic}
     bool UseLargePagesIndividualAllocation        = false                                  {pd product} {ergonomic}

Logging:
Log output configuration:
 #0: stdout all=warning uptime,level,tags foldmultilines=false
 #1: stderr all=off uptime,level,tags foldmultilines=false

Environment Variables:
JAVA_HOME=C:\Program Files\Java\jdk-21
PATH=C:\Program Files\Common Files\Oracle\Java\javapath;C:\windows\system32;C:\windows;C:\windows\System32\Wbem;C:\windows\System32\WindowsPowerShell\v1.0\;C:\windows\System32\OpenSSH\;C:\Users\natha\AppData\Local\nvm;C:\nvm4w\nodejs;C:\Program Files\Git\cmd;C:\WINDOWS\system32;C:\WINDOWS;C:\WINDOWS\System32\Wbem;C:\WINDOWS\System32\WindowsPowerShell\v1.0\;C:\WINDOWS\System32\OpenSSH\;C:\Program Files\Docker\Docker\resources\bin;C:\Program Files\GitHub CLI\;C:\ProgramData\chocolatey\bin;C:\Users\natha\OneDrive\Desktop\Apps\apache-maven-3.9.11-bin\apache-maven-3.9.11\bin;C:\Program Files\Java\jdk-21\bin;C:\Users\natha\AppData\Local\Microsoft\WindowsApps;C:\Users\natha\AppData\Local\Programs\Microsoft VS Code\bin;C:\ProgramData\natha\GitHubDesktop\bin;C:\Users\natha\AppData\Local\GitHubDesktop\bin;C:\Users\natha\OneDrive\Desktop\Apps\terraform_1.12.0_windows_amd64;C:\Users\natha\AppData\Local\Google\Cloud SDK\google-cloud-sdk\bin;C:\ProgramData\chocolatey\lib\maven\apache-maven-3.9.15\bin
USERNAME=natha
OS=Windows_NT
PROCESSOR_IDENTIFIER=Intel64 Family 6 Model 154 Stepping 4, GenuineIntel
TMP=C:\Users\natha\AppData\Local\Temp
TEMP=C:\Users\natha\AppData\Local\Temp




Periodic native trim disabled

---------------  S Y S T E M  ---------------

OS:
 Windows 11 , 64 bit Build 26100 (10.0.26100.8246)
OS uptime: 8 days 17:01 hours
Hyper-V role detected

CPU: total 12 (initial active 12) (6 cores per cpu, 2 threads per core) family 6 model 154 stepping 4 microcode 0x434, cx8, cmov, fxsr, ht, mmx, 3dnowpref, sse, sse2, sse3, ssse3, sse4.1, sse4.2, popcnt, lzcnt, tsc, tscinvbit, avx, avx2, aes, erms, clmul, bmi1, bmi2, adx, sha, fma, vzeroupper, clflush, clflushopt, clwb, hv, serialize, rdtscp, rdpid, fsrm, f16c, cet_ibt, cet_ss
Processor Information for processor 0
  Max Mhz: 1700, Current Mhz: 1700, Mhz Limit: 1700
Processor Information for processor 1
  Max Mhz: 1700, Current Mhz: 1700, Mhz Limit: 1700
Processor Information for processor 2
  Max Mhz: 1700, Current Mhz: 1700, Mhz Limit: 1700
Processor Information for processor 3
  Max Mhz: 1700, Current Mhz: 1700, Mhz Limit: 1700
Processor Information for processor 4
  Max Mhz: 1700, Current Mhz: 1200, Mhz Limit: 1190
Processor Information for processor 5
  Max Mhz: 1700, Current Mhz: 1200, Mhz Limit: 1190
Processor Information for processor 6
  Max Mhz: 1700, Current Mhz: 1200, Mhz Limit: 1190
Processor Information for processor 7
  Max Mhz: 1700, Current Mhz: 1200, Mhz Limit: 1190
Processor Information for processor 8
  Max Mhz: 1700, Current Mhz: 1200, Mhz Limit: 1190
Processor Information for processor 9
  Max Mhz: 1700, Current Mhz: 1200, Mhz Limit: 1190
Processor Information for processor 10
  Max Mhz: 1700, Current Mhz: 1200, Mhz Limit: 1190
Processor Information for processor 11
  Max Mhz: 1700, Current Mhz: 1200, Mhz Limit: 1190

Memory: 4k page, system-wide physical 7863M (357M free)
TotalPageFile size 32439M (AvailPageFile size 173M)
current process WorkingSet (physical memory assigned to process): 117M, peak: 123M
current process commit charge ("private bytes"): 246M, peak: 253M

vm_info: Java HotSpot(TM) 64-Bit Server VM (21.0.8+12-LTS-250) for windows-amd64 JRE (21.0.8+12-LTS-250), built on 2025-06-27T08:11:22Z by "mach5one" with MS VC++ 17.6 (VS2022)

END.
