#
# There is insufficient memory for the Java Runtime Environment to continue.
# Native memory allocation (mmap) failed to map 34603008 bytes for G1 virtual space
# Possible reasons:
#   The system is out of physical RAM or swap space
#   The process is running with CompressedOops enabled, and the Java Heap may be blocking the growth of the native heap
# Possible solutions:
#   Reduce memory load on the system
#   Increase physical memory or swap space
#   Check if swap backing store is full
#   Decrease Java heap size (-Xmx/-Xms)
#   Decrease number of Java threads
#   Decrease Java thread stack sizes (-Xss)
#   Set larger code cache with -XX:ReservedCodeCacheSize=
#   JVM is running with Unscaled Compressed Oops mode in which the Java heap is
#     placed in the first 4GB address space. The Java Heap base address is the
#     maximum limit for the native heap growth. Please use -XX:HeapBaseMinAddress
#     to set the Java Heap base and to place the Java Heap above 4GB virtual address.
# This output file may be truncated or incomplete.
#
#  Out of Memory Error (os_windows.cpp:3603), pid=35436, tid=37296
#
# JRE version: Java(TM) SE Runtime Environment (21.0.8+12) (build 21.0.8+12-LTS-250)
# Java VM: Java HotSpot(TM) 64-Bit Server VM (21.0.8+12-LTS-250, mixed mode, sharing, tiered, compressed oops, compressed class ptrs, g1 gc, windows-amd64)
# No core dump will be written. Minidumps are not enabled by default on client versions of Windows
#

---------------  S U M M A R Y ------------

Command Line: --enable-native-access=ALL-UNNAMED -Dclassworlds.conf=C:\ProgramData\chocolatey\lib\maven\apache-maven-3.9.15\bin\m2.conf -Dmaven.home=C:\ProgramData\chocolatey\lib\maven\apache-maven-3.9.15 -Dlibrary.jansi.path=C:\ProgramData\chocolatey\lib\maven\apache-maven-3.9.15\lib\jansi-native -Dmaven.multiModuleProjectDirectory=C:\Users\natha\OneDrive\Documents\engineering\learning\nasa\nasaApodJob org.codehaus.plexus.classworlds.launcher.Launcher clean install

Host: 12th Gen Intel(R) Core(TM) i7-1255U, 12 cores, 7G,  Windows 11 , 64 bit Build 26100 (10.0.26100.8246)
Time: Thu May  7 22:39:05 2026 GMT Summer Time elapsed time: 13.431016 seconds (0d 0h 0m 13s)

---------------  T H R E A D  ---------------

Current thread (0x000001cf7fe0aac0):  VMThread "VM Thread"          [id=37296, stack(0x0000006b04100000,0x0000006b04200000) (1024K)]

Stack: [0x0000006b04100000,0x0000006b04200000]
Native frames: (J=compiled Java code, j=interpreted, Vv=VM code, C=native code)
V  [jvm.dll+0x6cc179]
V  [jvm.dll+0x8584c1]
V  [jvm.dll+0x85a9ee]
V  [jvm.dll+0x85b0c3]
V  [jvm.dll+0x27ebf6]
V  [jvm.dll+0x6c88f5]
V  [jvm.dll+0x6bd45a]
V  [jvm.dll+0x354b1a]
V  [jvm.dll+0x35c796]
V  [jvm.dll+0x3af85e]
V  [jvm.dll+0x3afb08]
V  [jvm.dll+0x328e2c]
V  [jvm.dll+0x328eb7]
V  [jvm.dll+0x36d7dc]
V  [jvm.dll+0x36c02e]
V  [jvm.dll+0x3285f1]
V  [jvm.dll+0x36b74a]
V  [jvm.dll+0x860e90]
V  [jvm.dll+0x862214]
V  [jvm.dll+0x862750]
V  [jvm.dll+0x8629f3]
V  [jvm.dll+0x80279b]
V  [jvm.dll+0x6ca85d]
C  [ucrtbase.dll+0x37b0]
C  [KERNEL32.DLL+0x2e8d7]
C  [ntdll.dll+0x8c3fc]

VM_Operation (0x0000006b03afd330): G1CollectForAllocation, mode: safepoint, requested by thread 0x000001cf7a214a00


---------------  P R O C E S S  ---------------

Threads class SMR info:
_java_thread_list=0x000001cf614575e0, length=24, elements={
0x000001cf7a214a00, 0x000001cf7fe33370, 0x000001cf7fe33dc0, 0x000001cf7fe39840,
0x000001cf7fe3a290, 0x000001cf7fe3b070, 0x000001cf7fe3bed0, 0x000001cf7fe44ec0,
0x000001cf7fe68200, 0x000001cf19683940, 0x000001cf1968c9a0, 0x000001cf5fb06030,
0x000001cf61378060, 0x000001cf60a18da0, 0x000001cf61975470, 0x000001cf19783270,
0x000001cf609340f0, 0x000001cf604ee2c0, 0x000001cf604ebb60, 0x000001cf604ee950,
0x000001cf604eefe0, 0x000001cf604ed5a0, 0x000001cf604ec1f0, 0x000001cf61bebbd0
}

Java Threads: ( => current thread )
  0x000001cf7a214a00 JavaThread "main"                              [_thread_blocked, id=37584, stack(0x0000006b03a00000,0x0000006b03b00000) (1024K)]
  0x000001cf7fe33370 JavaThread "Reference Handler"          daemon [_thread_blocked, id=35288, stack(0x0000006b04200000,0x0000006b04300000) (1024K)]
  0x000001cf7fe33dc0 JavaThread "Finalizer"                  daemon [_thread_blocked, id=24124, stack(0x0000006b04300000,0x0000006b04400000) (1024K)]
  0x000001cf7fe39840 JavaThread "Signal Dispatcher"          daemon [_thread_blocked, id=24252, stack(0x0000006b04400000,0x0000006b04500000) (1024K)]
  0x000001cf7fe3a290 JavaThread "Attach Listener"            daemon [_thread_blocked, id=12712, stack(0x0000006b04500000,0x0000006b04600000) (1024K)]
  0x000001cf7fe3b070 JavaThread "Service Thread"             daemon [_thread_blocked, id=32056, stack(0x0000006b04600000,0x0000006b04700000) (1024K)]
  0x000001cf7fe3bed0 JavaThread "Monitor Deflation Thread"   daemon [_thread_blocked, id=39760, stack(0x0000006b04700000,0x0000006b04800000) (1024K)]
  0x000001cf7fe44ec0 JavaThread "C2 CompilerThread0"         daemon [_thread_blocked, id=33744, stack(0x0000006b04800000,0x0000006b04900000) (1024K)]
  0x000001cf7fe68200 JavaThread "C1 CompilerThread0"         daemon [_thread_blocked, id=24932, stack(0x0000006b04900000,0x0000006b04a00000) (1024K)]
  0x000001cf19683940 JavaThread "Notification Thread"        daemon [_thread_blocked, id=35104, stack(0x0000006b04a00000,0x0000006b04b00000) (1024K)]
  0x000001cf1968c9a0 JavaThread "Common-Cleaner"             daemon [_thread_blocked, id=38680, stack(0x0000006b04b00000,0x0000006b04c00000) (1024K)]
  0x000001cf5fb06030 JavaThread "Thread-1"                   daemon [_thread_blocked, id=11480, stack(0x0000006b05500000,0x0000006b05600000) (1024K)]
  0x000001cf61378060 JavaThread "ForkJoinPool.commonPool-worker-1" daemon [_thread_blocked, id=28636, stack(0x0000006b05700000,0x0000006b05800000) (1024K)]
  0x000001cf60a18da0 JavaThread "ForkJoinPool.commonPool-worker-2" daemon [_thread_blocked, id=29072, stack(0x0000006b05800000,0x0000006b05900000) (1024K)]
  0x000001cf61975470 JavaThread "ForkJoinPool.commonPool-worker-3" daemon [_thread_blocked, id=34076, stack(0x0000006b05900000,0x0000006b05a00000) (1024K)]
  0x000001cf19783270 JavaThread "ForkJoinPool.commonPool-worker-4" daemon [_thread_blocked, id=2640, stack(0x0000006b05a00000,0x0000006b05b00000) (1024K)]
  0x000001cf609340f0 JavaThread "ForkJoinPool.commonPool-worker-5" daemon [_thread_blocked, id=30352, stack(0x0000006b05b00000,0x0000006b05c00000) (1024K)]
  0x000001cf604ee2c0 JavaThread "ForkJoinPool.commonPool-worker-6" daemon [_thread_blocked, id=22176, stack(0x0000006b05c00000,0x0000006b05d00000) (1024K)]
  0x000001cf604ebb60 JavaThread "ForkJoinPool.commonPool-worker-7" daemon [_thread_blocked, id=29340, stack(0x0000006b05d00000,0x0000006b05e00000) (1024K)]
  0x000001cf604ee950 JavaThread "ForkJoinPool.commonPool-worker-8" daemon [_thread_blocked, id=3624, stack(0x0000006b05e00000,0x0000006b05f00000) (1024K)]
  0x000001cf604eefe0 JavaThread "ForkJoinPool.commonPool-worker-9" daemon [_thread_blocked, id=16916, stack(0x0000006b05f00000,0x0000006b06000000) (1024K)]
  0x000001cf604ed5a0 JavaThread "ForkJoinPool.commonPool-worker-11" daemon [_thread_blocked, id=34740, stack(0x0000006b06000000,0x0000006b06100000) (1024K)]
  0x000001cf604ec1f0 JavaThread "ForkJoinPool.commonPool-worker-10" daemon [_thread_blocked, id=28504, stack(0x0000006b06100000,0x0000006b06200000) (1024K)]
  0x000001cf61bebbd0 JavaThread "C2 CompilerThread1"         daemon [_thread_blocked, id=39260, stack(0x0000006b05600000,0x0000006b05700000) (1024K)]
Total: 24

Other Threads:
=>0x000001cf7fe0aac0 VMThread "VM Thread"                           [id=37296, stack(0x0000006b04100000,0x0000006b04200000) (1024K)]
  0x000001cf7fdf9870 WatcherThread "VM Periodic Task Thread"        [id=24580, stack(0x0000006b04000000,0x0000006b04100000) (1024K)]
  0x000001cf7c59c020 WorkerThread "GC Thread#0"                     [id=36708, stack(0x0000006b03b00000,0x0000006b03c00000) (1024K)]
  0x000001cf5f9fa460 WorkerThread "GC Thread#1"                     [id=35972, stack(0x0000006b04c00000,0x0000006b04d00000) (1024K)]
  0x000001cf5f8a0b70 WorkerThread "GC Thread#2"                     [id=16300, stack(0x0000006b04d00000,0x0000006b04e00000) (1024K)]
  0x000001cf5f8a1320 WorkerThread "GC Thread#3"                     [id=35028, stack(0x0000006b04e00000,0x0000006b04f00000) (1024K)]
  0x000001cf5f8a16c0 WorkerThread "GC Thread#4"                     [id=21900, stack(0x0000006b04f00000,0x0000006b05000000) (1024K)]
  0x000001cf5f8a1a60 WorkerThread "GC Thread#5"                     [id=34668, stack(0x0000006b05000000,0x0000006b05100000) (1024K)]
  0x000001cf5f8a1e00 WorkerThread "GC Thread#6"                     [id=22436, stack(0x0000006b05100000,0x0000006b05200000) (1024K)]
  0x000001cf5f8a2dc0 WorkerThread "GC Thread#7"                     [id=18992, stack(0x0000006b05200000,0x0000006b05300000) (1024K)]
  0x000001cf5fb0ee10 WorkerThread "GC Thread#8"                     [id=36736, stack(0x0000006b05300000,0x0000006b05400000) (1024K)]
  0x000001cf5fb0df90 WorkerThread "GC Thread#9"                     [id=26552, stack(0x0000006b05400000,0x0000006b05500000) (1024K)]
  0x000001cf7c5adc50 ConcurrentGCThread "G1 Main Marker"            [id=29540, stack(0x0000006b03c00000,0x0000006b03d00000) (1024K)]
  0x000001cf7c5ae750 WorkerThread "G1 Conc#0"                       [id=2264, stack(0x0000006b03d00000,0x0000006b03e00000) (1024K)]
  0x000001cf603b51c0 WorkerThread "G1 Conc#1"                       [id=35216, stack(0x0000006b06200000,0x0000006b06300000) (1024K)]
  0x000001cf603b6780 WorkerThread "G1 Conc#2"                       [id=36592, stack(0x0000006b06300000,0x0000006b06400000) (1024K)]
  0x000001cf7fcc89b0 ConcurrentGCThread "G1 Refine#0"               [id=20588, stack(0x0000006b03e00000,0x0000006b03f00000) (1024K)]
  0x000001cf7fcca1e0 ConcurrentGCThread "G1 Service"                [id=39372, stack(0x0000006b03f00000,0x0000006b04000000) (1024K)]
Total: 18

Threads with active compile tasks:
C2 CompilerThread0    13458 7380       4       java.lang.invoke.MethodType::methodType (69 bytes)
C1 CompilerThread0    13458 7419   !   3       com.sun.tools.javac.comp.Modules::addVisiblePackages (263 bytes)
C2 CompilerThread1    13458 7401       4       java.util.Spliterators$IteratorSpliterator::tryAdvance (77 bytes)
Total: 3

VM state: at safepoint (normal execution)

VM Mutex/Monitor currently owned by a thread:  ([mutex/lock_event])
[0x00007ffc47150e50] Threads_lock - owner thread: 0x000001cf7fe0aac0
[0x00007ffc47150f50] Heap_lock - owner thread: 0x000001cf7a214a00

Heap address: 0x0000000085200000, size: 1966 MB, Compressed Oops mode: 32-bit

CDS archive(s) mapped at: [0x000001cf1a000000-0x000001cf1ac90000-0x000001cf1ac90000), size 13172736, SharedBaseAddress: 0x000001cf1a000000, ArchiveRelocationMode: 1.
Compressed class space mapped at: 0x000001cf1b000000-0x000001cf5b000000, reserved size: 1073741824
Narrow klass base: 0x000001cf1a000000, Narrow klass shift: 0, Narrow klass range: 0x100000000

GC Precious Log:
 CardTable entry size: 512
 Card Set container configuration: InlinePtr #cards 5 size 8 Array Of Cards #cards 12 size 40 Howl #buckets 4 coarsen threshold 1843 Howl Bitmap #cards 512 size 80 coarsen threshold 460 Card regions per heap region 1 cards per card region 2048
 CPUs: 12 total, 12 available
 Memory: 7863M
 Large Page Support: Disabled
 NUMA Support: Disabled
 Compressed Oops: Enabled (32-bit)
 Heap Region Size: 1M
 Heap Min Capacity: 8M
 Heap Initial Capacity: 124M
 Heap Max Capacity: 1966M
 Pre-touch: Disabled
 Parallel Workers: 10
 Concurrent Workers: 3
 Concurrent Refinement Workers: 10
 Periodic GC: Disabled

Heap:
 garbage-first heap   total 145408K, used 72192K [0x0000000085200000, 0x0000000100000000)
  region size 1024K, 8 young (8192K), 8 survivors (8192K)
 Metaspace       used 29624K, committed 30080K, reserved 1114112K
  class space    used 3277K, committed 3456K, reserved 1048576K

Heap Regions: E=young(eden), S=young(survivor), O=old, HS=humongous(starts), HC=humongous(continues), CS=collection set, F=free, TAMS=top-at-mark-start, PB=parsable bottom
|   0|0x0000000085200000, 0x0000000085300000, 0x0000000085300000|100%| O|  |TAMS 0x0000000085200000| PB 0x0000000085200000| Untracked 
|   1|0x0000000085300000, 0x0000000085400000, 0x0000000085400000|100%| O|  |TAMS 0x0000000085300000| PB 0x0000000085300000| Untracked 
|   2|0x0000000085400000, 0x0000000085500000, 0x0000000085500000|100%| O|  |TAMS 0x0000000085400000| PB 0x0000000085400000| Untracked 
|   3|0x0000000085500000, 0x0000000085600000, 0x0000000085600000|100%| O|  |TAMS 0x0000000085500000| PB 0x0000000085500000| Untracked 
|   4|0x0000000085600000, 0x0000000085700000, 0x0000000085700000|100%| O|  |TAMS 0x0000000085600000| PB 0x0000000085600000| Untracked 
|   5|0x0000000085700000, 0x0000000085800000, 0x0000000085800000|100%| O|  |TAMS 0x0000000085700000| PB 0x0000000085700000| Untracked 
|   6|0x0000000085800000, 0x0000000085900000, 0x0000000085900000|100%| O|  |TAMS 0x0000000085800000| PB 0x0000000085800000| Untracked 
|   7|0x0000000085900000, 0x0000000085a00000, 0x0000000085a00000|100%| O|  |TAMS 0x0000000085900000| PB 0x0000000085900000| Untracked 
|   8|0x0000000085a00000, 0x0000000085b00000, 0x0000000085b00000|100%| O|  |TAMS 0x0000000085a00000| PB 0x0000000085a00000| Untracked 
|   9|0x0000000085b00000, 0x0000000085c00000, 0x0000000085c00000|100%| O|  |TAMS 0x0000000085b00000| PB 0x0000000085b00000| Untracked 
|  10|0x0000000085c00000, 0x0000000085d00000, 0x0000000085d00000|100%| O|  |TAMS 0x0000000085c00000| PB 0x0000000085c00000| Untracked 
|  11|0x0000000085d00000, 0x0000000085e00000, 0x0000000085e00000|100%| O|  |TAMS 0x0000000085d00000| PB 0x0000000085d00000| Untracked 
|  12|0x0000000085e00000, 0x0000000085f00000, 0x0000000085f00000|100%| O|  |TAMS 0x0000000085e00000| PB 0x0000000085e00000| Untracked 
|  13|0x0000000085f00000, 0x0000000086000000, 0x0000000086000000|100%| O|  |TAMS 0x0000000085f00000| PB 0x0000000085f00000| Untracked 
|  14|0x0000000086000000, 0x0000000086100000, 0x0000000086100000|100%| O|  |TAMS 0x0000000086000000| PB 0x0000000086000000| Untracked 
|  15|0x0000000086100000, 0x0000000086200000, 0x0000000086200000|100%| O|  |TAMS 0x0000000086100000| PB 0x0000000086100000| Untracked 
|  16|0x0000000086200000, 0x0000000086300000, 0x0000000086300000|100%| O|  |TAMS 0x0000000086200000| PB 0x0000000086200000| Untracked 
|  17|0x0000000086300000, 0x0000000086400000, 0x0000000086400000|100%| O|  |TAMS 0x0000000086300000| PB 0x0000000086300000| Untracked 
|  18|0x0000000086400000, 0x0000000086500000, 0x0000000086500000|100%| O|  |TAMS 0x0000000086400000| PB 0x0000000086400000| Untracked 
|  19|0x0000000086500000, 0x0000000086600000, 0x0000000086600000|100%| O|  |TAMS 0x0000000086500000| PB 0x0000000086500000| Untracked 
|  20|0x0000000086600000, 0x0000000086700000, 0x0000000086700000|100%| O|  |TAMS 0x0000000086600000| PB 0x0000000086600000| Untracked 
|  21|0x0000000086700000, 0x0000000086800000, 0x0000000086800000|100%|HS|  |TAMS 0x0000000086700000| PB 0x0000000086700000| Complete 
|  22|0x0000000086800000, 0x0000000086900000, 0x0000000086900000|100%|HS|  |TAMS 0x0000000086800000| PB 0x0000000086800000| Complete 
|  23|0x0000000086900000, 0x0000000086a00000, 0x0000000086a00000|100%|HC|  |TAMS 0x0000000086900000| PB 0x0000000086900000| Complete 
|  24|0x0000000086a00000, 0x0000000086b00000, 0x0000000086b00000|100%| O|  |TAMS 0x0000000086a00000| PB 0x0000000086a00000| Untracked 
|  25|0x0000000086b00000, 0x0000000086c00000, 0x0000000086c00000|100%| O|  |TAMS 0x0000000086b00000| PB 0x0000000086b00000| Untracked 
|  26|0x0000000086c00000, 0x0000000086c00000, 0x0000000086d00000|  0%| F|  |TAMS 0x0000000086c00000| PB 0x0000000086c00000| Untracked 
|  27|0x0000000086d00000, 0x0000000086d00000, 0x0000000086e00000|  0%| F|  |TAMS 0x0000000086d00000| PB 0x0000000086d00000| Untracked 
|  28|0x0000000086e00000, 0x0000000086e00000, 0x0000000086f00000|  0%| F|  |TAMS 0x0000000086e00000| PB 0x0000000086e00000| Untracked 
|  29|0x0000000086f00000, 0x0000000086f00000, 0x0000000087000000|  0%| F|  |TAMS 0x0000000086f00000| PB 0x0000000086f00000| Untracked 
|  30|0x0000000087000000, 0x0000000087100000, 0x0000000087100000|100%|HS|  |TAMS 0x0000000087000000| PB 0x0000000087000000| Complete 
|  31|0x0000000087100000, 0x0000000087200000, 0x0000000087200000|100%|HC|  |TAMS 0x0000000087100000| PB 0x0000000087100000| Complete 
|  32|0x0000000087200000, 0x0000000087300000, 0x0000000087300000|100%|HC|  |TAMS 0x0000000087200000| PB 0x0000000087200000| Complete 
|  33|0x0000000087300000, 0x0000000087400000, 0x0000000087400000|100%|HS|  |TAMS 0x0000000087300000| PB 0x0000000087300000| Complete 
|  34|0x0000000087400000, 0x0000000087500000, 0x0000000087500000|100%|HC|  |TAMS 0x0000000087400000| PB 0x0000000087400000| Complete 
|  35|0x0000000087500000, 0x0000000087600000, 0x0000000087600000|100%|HC|  |TAMS 0x0000000087500000| PB 0x0000000087500000| Complete 
|  36|0x0000000087600000, 0x0000000087700000, 0x0000000087700000|100%|HS|  |TAMS 0x0000000087600000| PB 0x0000000087600000| Complete 
|  37|0x0000000087700000, 0x0000000087800000, 0x0000000087800000|100%|HC|  |TAMS 0x0000000087700000| PB 0x0000000087700000| Complete 
|  38|0x0000000087800000, 0x0000000087900000, 0x0000000087900000|100%|HS|  |TAMS 0x0000000087800000| PB 0x0000000087800000| Complete 
|  39|0x0000000087900000, 0x0000000087a00000, 0x0000000087a00000|100%| O|  |TAMS 0x0000000087900000| PB 0x0000000087900000| Untracked 
|  40|0x0000000087a00000, 0x0000000087b00000, 0x0000000087b00000|100%| O|  |TAMS 0x0000000087a00000| PB 0x0000000087a00000| Untracked 
|  41|0x0000000087b00000, 0x0000000087c00000, 0x0000000087c00000|100%| S|CS|TAMS 0x0000000087b00000| PB 0x0000000087b00000| Complete 
|  42|0x0000000087c00000, 0x0000000087d00000, 0x0000000087d00000|100%| S|CS|TAMS 0x0000000087c00000| PB 0x0000000087c00000| Complete 
|  43|0x0000000087d00000, 0x0000000087e00000, 0x0000000087e00000|100%| S|CS|TAMS 0x0000000087d00000| PB 0x0000000087d00000| Complete 
|  44|0x0000000087e00000, 0x0000000087f00000, 0x0000000087f00000|100%| S|CS|TAMS 0x0000000087e00000| PB 0x0000000087e00000| Complete 
|  45|0x0000000087f00000, 0x0000000088000000, 0x0000000088000000|100%| S|CS|TAMS 0x0000000087f00000| PB 0x0000000087f00000| Complete 
|  46|0x0000000088000000, 0x0000000088000000, 0x0000000088100000|  0%| F|  |TAMS 0x0000000088000000| PB 0x0000000088000000| Untracked 
|  47|0x0000000088100000, 0x0000000088100000, 0x0000000088200000|  0%| F|  |TAMS 0x0000000088100000| PB 0x0000000088100000| Untracked 
|  48|0x0000000088200000, 0x0000000088200000, 0x0000000088300000|  0%| F|  |TAMS 0x0000000088200000| PB 0x0000000088200000| Untracked 
|  49|0x0000000088300000, 0x0000000088300000, 0x0000000088400000|  0%| F|  |TAMS 0x0000000088300000| PB 0x0000000088300000| Untracked 
|  50|0x0000000088400000, 0x0000000088400000, 0x0000000088500000|  0%| F|  |TAMS 0x0000000088400000| PB 0x0000000088400000| Untracked 
|  51|0x0000000088500000, 0x0000000088500000, 0x0000000088600000|  0%| F|  |TAMS 0x0000000088500000| PB 0x0000000088500000| Untracked 
|  52|0x0000000088600000, 0x0000000088600000, 0x0000000088700000|  0%| F|  |TAMS 0x0000000088600000| PB 0x0000000088600000| Untracked 
|  53|0x0000000088700000, 0x0000000088700000, 0x0000000088800000|  0%| F|  |TAMS 0x0000000088700000| PB 0x0000000088700000| Untracked 
|  54|0x0000000088800000, 0x0000000088800000, 0x0000000088900000|  0%| F|  |TAMS 0x0000000088800000| PB 0x0000000088800000| Untracked 
|  55|0x0000000088900000, 0x0000000088900000, 0x0000000088a00000|  0%| F|  |TAMS 0x0000000088900000| PB 0x0000000088900000| Untracked 
|  56|0x0000000088a00000, 0x0000000088a00000, 0x0000000088b00000|  0%| F|  |TAMS 0x0000000088a00000| PB 0x0000000088a00000| Untracked 
|  57|0x0000000088b00000, 0x0000000088b00000, 0x0000000088c00000|  0%| F|  |TAMS 0x0000000088b00000| PB 0x0000000088b00000| Untracked 
|  58|0x0000000088c00000, 0x0000000088c00000, 0x0000000088d00000|  0%| F|  |TAMS 0x0000000088c00000| PB 0x0000000088c00000| Untracked 
|  59|0x0000000088d00000, 0x0000000088d00000, 0x0000000088e00000|  0%| F|  |TAMS 0x0000000088d00000| PB 0x0000000088d00000| Untracked 
|  60|0x0000000088e00000, 0x0000000088e00000, 0x0000000088f00000|  0%| F|  |TAMS 0x0000000088e00000| PB 0x0000000088e00000| Untracked 
|  61|0x0000000088f00000, 0x0000000088f00000, 0x0000000089000000|  0%| F|  |TAMS 0x0000000088f00000| PB 0x0000000088f00000| Untracked 
|  62|0x0000000089000000, 0x0000000089000000, 0x0000000089100000|  0%| F|  |TAMS 0x0000000089000000| PB 0x0000000089000000| Untracked 
|  63|0x0000000089100000, 0x0000000089100000, 0x0000000089200000|  0%| F|  |TAMS 0x0000000089100000| PB 0x0000000089100000| Untracked 
|  64|0x0000000089200000, 0x0000000089200000, 0x0000000089300000|  0%| F|  |TAMS 0x0000000089200000| PB 0x0000000089200000| Untracked 
|  65|0x0000000089300000, 0x0000000089300000, 0x0000000089400000|  0%| F|  |TAMS 0x0000000089300000| PB 0x0000000089300000| Untracked 
|  66|0x0000000089400000, 0x0000000089400000, 0x0000000089500000|  0%| F|  |TAMS 0x0000000089400000| PB 0x0000000089400000| Untracked 
|  67|0x0000000089500000, 0x0000000089500000, 0x0000000089600000|  0%| F|  |TAMS 0x0000000089500000| PB 0x0000000089500000| Untracked 
|  68|0x0000000089600000, 0x0000000089600000, 0x0000000089700000|  0%| F|  |TAMS 0x0000000089600000| PB 0x0000000089600000| Untracked 
|  69|0x0000000089700000, 0x0000000089700000, 0x0000000089800000|  0%| F|  |TAMS 0x0000000089700000| PB 0x0000000089700000| Untracked 
|  70|0x0000000089800000, 0x0000000089800000, 0x0000000089900000|  0%| F|  |TAMS 0x0000000089800000| PB 0x0000000089800000| Untracked 
|  71|0x0000000089900000, 0x0000000089900000, 0x0000000089a00000|  0%| F|  |TAMS 0x0000000089900000| PB 0x0000000089900000| Untracked 
|  72|0x0000000089a00000, 0x0000000089a00000, 0x0000000089b00000|  0%| F|  |TAMS 0x0000000089a00000| PB 0x0000000089a00000| Untracked 
|  73|0x0000000089b00000, 0x0000000089b00000, 0x0000000089c00000|  0%| F|  |TAMS 0x0000000089b00000| PB 0x0000000089b00000| Untracked 
|  74|0x0000000089c00000, 0x0000000089c00000, 0x0000000089d00000|  0%| F|  |TAMS 0x0000000089c00000| PB 0x0000000089c00000| Untracked 
|  75|0x0000000089d00000, 0x0000000089d00000, 0x0000000089e00000|  0%| F|  |TAMS 0x0000000089d00000| PB 0x0000000089d00000| Untracked 
|  76|0x0000000089e00000, 0x0000000089e00000, 0x0000000089f00000|  0%| F|  |TAMS 0x0000000089e00000| PB 0x0000000089e00000| Untracked 
|  77|0x0000000089f00000, 0x0000000089f00000, 0x000000008a000000|  0%| F|  |TAMS 0x0000000089f00000| PB 0x0000000089f00000| Untracked 
|  78|0x000000008a000000, 0x000000008a000000, 0x000000008a100000|  0%| F|  |TAMS 0x000000008a000000| PB 0x000000008a000000| Untracked 
|  79|0x000000008a100000, 0x000000008a100000, 0x000000008a200000|  0%| F|  |TAMS 0x000000008a100000| PB 0x000000008a100000| Untracked 
|  80|0x000000008a200000, 0x000000008a200000, 0x000000008a300000|  0%| F|  |TAMS 0x000000008a200000| PB 0x000000008a200000| Untracked 
|  81|0x000000008a300000, 0x000000008a300000, 0x000000008a400000|  0%| F|  |TAMS 0x000000008a300000| PB 0x000000008a300000| Untracked 
|  82|0x000000008a400000, 0x000000008a400000, 0x000000008a500000|  0%| F|  |TAMS 0x000000008a400000| PB 0x000000008a400000| Untracked 
|  83|0x000000008a500000, 0x000000008a500000, 0x000000008a600000|  0%| F|  |TAMS 0x000000008a500000| PB 0x000000008a500000| Untracked 
|  84|0x000000008a600000, 0x000000008a600000, 0x000000008a700000|  0%| F|  |TAMS 0x000000008a600000| PB 0x000000008a600000| Untracked 
|  85|0x000000008a700000, 0x000000008a700000, 0x000000008a800000|  0%| F|  |TAMS 0x000000008a700000| PB 0x000000008a700000| Untracked 
|  86|0x000000008a800000, 0x000000008a800000, 0x000000008a900000|  0%| F|  |TAMS 0x000000008a800000| PB 0x000000008a800000| Untracked 
|  87|0x000000008a900000, 0x000000008a900000, 0x000000008aa00000|  0%| F|  |TAMS 0x000000008a900000| PB 0x000000008a900000| Untracked 
|  88|0x000000008aa00000, 0x000000008aa00000, 0x000000008ab00000|  0%| F|  |TAMS 0x000000008aa00000| PB 0x000000008aa00000| Untracked 
|  89|0x000000008ab00000, 0x000000008ab00000, 0x000000008ac00000|  0%| F|  |TAMS 0x000000008ab00000| PB 0x000000008ab00000| Untracked 
|  90|0x000000008ac00000, 0x000000008ac00000, 0x000000008ad00000|  0%| F|  |TAMS 0x000000008ac00000| PB 0x000000008ac00000| Untracked 
|  91|0x000000008ad00000, 0x000000008ad00000, 0x000000008ae00000|  0%| F|  |TAMS 0x000000008ad00000| PB 0x000000008ad00000| Untracked 
|  92|0x000000008ae00000, 0x000000008ae00000, 0x000000008af00000|  0%| F|  |TAMS 0x000000008ae00000| PB 0x000000008ae00000| Untracked 
|  93|0x000000008af00000, 0x000000008af00000, 0x000000008b000000|  0%| F|  |TAMS 0x000000008af00000| PB 0x000000008af00000| Untracked 
|  94|0x000000008b000000, 0x000000008b000000, 0x000000008b100000|  0%| F|  |TAMS 0x000000008b000000| PB 0x000000008b000000| Untracked 
|  95|0x000000008b100000, 0x000000008b100000, 0x000000008b200000|  0%| F|  |TAMS 0x000000008b100000| PB 0x000000008b100000| Untracked 
|  96|0x000000008b200000, 0x000000008b200000, 0x000000008b300000|  0%| F|  |TAMS 0x000000008b200000| PB 0x000000008b200000| Untracked 
|  97|0x000000008b300000, 0x000000008b300000, 0x000000008b400000|  0%| F|  |TAMS 0x000000008b300000| PB 0x000000008b300000| Untracked 
|  98|0x000000008b400000, 0x000000008b400000, 0x000000008b500000|  0%| F|  |TAMS 0x000000008b400000| PB 0x000000008b400000| Untracked 
|  99|0x000000008b500000, 0x000000008b500000, 0x000000008b600000|  0%| F|  |TAMS 0x000000008b500000| PB 0x000000008b500000| Untracked 
| 100|0x000000008b600000, 0x000000008b600000, 0x000000008b700000|  0%| F|  |TAMS 0x000000008b600000| PB 0x000000008b600000| Untracked 
| 101|0x000000008b700000, 0x000000008b700000, 0x000000008b800000|  0%| F|  |TAMS 0x000000008b700000| PB 0x000000008b700000| Untracked 
| 102|0x000000008b800000, 0x000000008b800000, 0x000000008b900000|  0%| F|  |TAMS 0x000000008b800000| PB 0x000000008b800000| Untracked 
| 103|0x000000008b900000, 0x000000008b900000, 0x000000008ba00000|  0%| F|  |TAMS 0x000000008b900000| PB 0x000000008b900000| Untracked 
| 104|0x000000008ba00000, 0x000000008bb00000, 0x000000008bb00000|100%| S|CS|TAMS 0x000000008ba00000| PB 0x000000008ba00000| Complete 
| 105|0x000000008bb00000, 0x000000008bc00000, 0x000000008bc00000|100%| S|CS|TAMS 0x000000008bb00000| PB 0x000000008bb00000| Complete 
| 106|0x000000008bc00000, 0x000000008bd00000, 0x000000008bd00000|100%| S|CS|TAMS 0x000000008bc00000| PB 0x000000008bc00000| Complete 
| 107|0x000000008bd00000, 0x000000008bd00000, 0x000000008be00000|  0%| F|  |TAMS 0x000000008bd00000| PB 0x000000008bd00000| Untracked 
| 108|0x000000008be00000, 0x000000008be00000, 0x000000008bf00000|  0%| F|  |TAMS 0x000000008be00000| PB 0x000000008be00000| Untracked 
| 109|0x000000008bf00000, 0x000000008bf00000, 0x000000008c000000|  0%| F|  |TAMS 0x000000008bf00000| PB 0x000000008bf00000| Untracked 
| 110|0x000000008c000000, 0x000000008c000000, 0x000000008c100000|  0%| F|  |TAMS 0x000000008c000000| PB 0x000000008c000000| Untracked 
| 111|0x000000008c100000, 0x000000008c100000, 0x000000008c200000|  0%| F|  |TAMS 0x000000008c100000| PB 0x000000008c100000| Untracked 
| 112|0x000000008c200000, 0x000000008c200000, 0x000000008c300000|  0%| F|  |TAMS 0x000000008c200000| PB 0x000000008c200000| Untracked 
| 113|0x000000008c300000, 0x000000008c300000, 0x000000008c400000|  0%| F|  |TAMS 0x000000008c300000| PB 0x000000008c300000| Untracked 
| 114|0x000000008c400000, 0x000000008c400000, 0x000000008c500000|  0%| F|  |TAMS 0x000000008c400000| PB 0x000000008c400000| Untracked 
| 148|0x000000008e600000, 0x000000008e600000, 0x000000008e700000|  0%| F|  |TAMS 0x000000008e600000| PB 0x000000008e600000| Untracked 
|1940|0x00000000fe600000, 0x00000000fe680000, 0x00000000fe700000| 50%| O|  |TAMS 0x00000000fe600000| PB 0x00000000fe600000| Untracked 
|1941|0x00000000fe700000, 0x00000000fe800000, 0x00000000fe800000|100%| O|  |TAMS 0x00000000fe700000| PB 0x00000000fe700000| Untracked 
|1942|0x00000000fe800000, 0x00000000fe900000, 0x00000000fe900000|100%| O|  |TAMS 0x00000000fe800000| PB 0x00000000fe800000| Untracked 
|1943|0x00000000fe900000, 0x00000000fea00000, 0x00000000fea00000|100%| O|  |TAMS 0x00000000fe900000| PB 0x00000000fe900000| Untracked 
|1944|0x00000000fea00000, 0x00000000feb00000, 0x00000000feb00000|100%| O|  |TAMS 0x00000000fea00000| PB 0x00000000fea00000| Untracked 
|1945|0x00000000feb00000, 0x00000000fec00000, 0x00000000fec00000|100%| O|  |TAMS 0x00000000feb00000| PB 0x00000000feb00000| Untracked 
|1946|0x00000000fec00000, 0x00000000fed00000, 0x00000000fed00000|100%| O|  |TAMS 0x00000000fec00000| PB 0x00000000fec00000| Untracked 
|1947|0x00000000fed00000, 0x00000000fee00000, 0x00000000fee00000|100%| O|  |TAMS 0x00000000fed00000| PB 0x00000000fed00000| Untracked 
|1948|0x00000000fee00000, 0x00000000fef00000, 0x00000000fef00000|100%| O|  |TAMS 0x00000000fee00000| PB 0x00000000fee00000| Untracked 
|1949|0x00000000fef00000, 0x00000000ff000000, 0x00000000ff000000|100%| O|  |TAMS 0x00000000fef00000| PB 0x00000000fef00000| Untracked 
|1950|0x00000000ff000000, 0x00000000ff100000, 0x00000000ff100000|100%| O|  |TAMS 0x00000000ff000000| PB 0x00000000ff000000| Untracked 
|1951|0x00000000ff100000, 0x00000000ff200000, 0x00000000ff200000|100%| O|  |TAMS 0x00000000ff100000| PB 0x00000000ff100000| Untracked 
|1952|0x00000000ff200000, 0x00000000ff300000, 0x00000000ff300000|100%| O|  |TAMS 0x00000000ff200000| PB 0x00000000ff200000| Untracked 
|1953|0x00000000ff300000, 0x00000000ff400000, 0x00000000ff400000|100%| O|  |TAMS 0x00000000ff300000| PB 0x00000000ff300000| Untracked 
|1954|0x00000000ff400000, 0x00000000ff500000, 0x00000000ff500000|100%| O|  |TAMS 0x00000000ff400000| PB 0x00000000ff400000| Untracked 
|1955|0x00000000ff500000, 0x00000000ff600000, 0x00000000ff600000|100%| O|  |TAMS 0x00000000ff500000| PB 0x00000000ff500000| Untracked 
|1956|0x00000000ff600000, 0x00000000ff700000, 0x00000000ff700000|100%| O|  |TAMS 0x00000000ff600000| PB 0x00000000ff600000| Untracked 
|1957|0x00000000ff700000, 0x00000000ff800000, 0x00000000ff800000|100%| O|  |TAMS 0x00000000ff700000| PB 0x00000000ff700000| Untracked 
|1958|0x00000000ff800000, 0x00000000ff900000, 0x00000000ff900000|100%| O|  |TAMS 0x00000000ff800000| PB 0x00000000ff800000| Untracked 
|1959|0x00000000ff900000, 0x00000000ffa00000, 0x00000000ffa00000|100%| O|  |TAMS 0x00000000ff900000| PB 0x00000000ff900000| Untracked 
|1960|0x00000000ffa00000, 0x00000000ffb00000, 0x00000000ffb00000|100%| O|  |TAMS 0x00000000ffa00000| PB 0x00000000ffa00000| Untracked 
|1961|0x00000000ffb00000, 0x00000000ffc00000, 0x00000000ffc00000|100%| O|  |TAMS 0x00000000ffb00000| PB 0x00000000ffb00000| Untracked 
|1962|0x00000000ffc00000, 0x00000000ffd00000, 0x00000000ffd00000|100%| O|  |TAMS 0x00000000ffc00000| PB 0x00000000ffc00000| Untracked 
|1963|0x00000000ffd00000, 0x00000000ffe00000, 0x00000000ffe00000|100%| O|  |TAMS 0x00000000ffd00000| PB 0x00000000ffd00000| Untracked 
|1964|0x00000000ffe00000, 0x00000000fff00000, 0x00000000fff00000|100%| O|  |TAMS 0x00000000ffe00000| PB 0x00000000ffe00000| Untracked 
|1965|0x00000000fff00000, 0x0000000100000000, 0x0000000100000000|100%| O|  |TAMS 0x00000000fff00000| PB 0x00000000fff00000| Untracked 

Card table byte_map: [0x000001cf7cf40000,0x000001cf7d320000] _byte_map_base: 0x000001cf7cb17000

Marking Bits: (CMBitMap*) 0x000001cf7c59cf30
 Bits: [0x000001cf7d320000, 0x000001cf7f1d8000)

Polling page: 0x000001cf7a1d0000

Metaspace:

Usage:
  Non-class:     25.73 MB used.
      Class:      3.20 MB used.
       Both:     28.93 MB used.

Virtual space:
  Non-class space:       64.00 MB reserved,      26.00 MB ( 41%) committed,  1 nodes.
      Class space:        1.00 GB reserved,       3.38 MB ( <1%) committed,  1 nodes.
             Both:        1.06 GB reserved,      29.38 MB (  3%) committed. 

Chunk freelists:
   Non-Class:  5.64 MB
       Class:  12.58 MB
        Both:  18.22 MB

MaxMetaspaceSize: unlimited
CompressedClassSpaceSize: 1.00 GB
Initial GC threshold: 21.00 MB
Current GC threshold: 35.31 MB
CDS: on
 - commit_granule_bytes: 65536.
 - commit_granule_words: 8192.
 - virtual_space_node_default_size: 8388608.
 - enlarge_chunks_in_place: 1.
 - use_allocation_guard: 0.


Internal statistics:

num_allocs_failed_limit: 3.
num_arena_births: 346.
num_arena_deaths: 0.
num_vsnodes_births: 2.
num_vsnodes_deaths: 0.
num_space_committed: 470.
num_space_uncommitted: 0.
num_chunks_returned_to_freelist: 3.
num_chunks_taken_from_freelist: 1419.
num_chunk_merges: 3.
num_chunk_splits: 1003.
num_chunks_enlarged: 769.
num_inconsistent_stats: 0.

CodeHeap 'non-profiled nmethods': size=120000Kb used=5412Kb max_used=5412Kb free=114587Kb
 bounds [0x000001cf0fea0000, 0x000001cf103f0000, 0x000001cf173d0000]
CodeHeap 'profiled nmethods': size=120000Kb used=16121Kb max_used=16121Kb free=103878Kb
 bounds [0x000001cf083d0000, 0x000001cf09390000, 0x000001cf0f900000]
CodeHeap 'non-nmethods': size=5760Kb used=1474Kb max_used=1503Kb free=4285Kb
 bounds [0x000001cf0f900000, 0x000001cf0fb70000, 0x000001cf0fea0000]
 total_blobs=7944 nmethods=7400 adapters=446
 compilation: enabled
              stopped_count=0, restarted_count=0
 full_count=0

Compilation events (20 events):
Event: 11.374 Thread 0x000001cf7fe68200 nmethod 7383 0x000001cf0938ac10 code [0x000001cf0938ade0, 0x000001cf0938b108]
Event: 11.374 Thread 0x000001cf7fe68200 7409       3       com.sun.tools.javac.code.Directive::<init> (5 bytes)
Event: 11.375 Thread 0x000001cf7fe68200 nmethod 7409 0x000001cf0938b210 code [0x000001cf0938b3c0, 0x000001cf0938b528]
Event: 11.375 Thread 0x000001cf7fe68200 7411       3       com.sun.tools.javac.util.List::iterator (20 bytes)
Event: 11.375 Thread 0x000001cf7fe68200 nmethod 7411 0x000001cf0938b610 code [0x000001cf0938b7e0, 0x000001cf0938bb80]
Event: 11.375 Thread 0x000001cf7fe68200 7410       3       com.sun.tools.javac.code.Symbol::complete (30 bytes)
Event: 11.375 Thread 0x000001cf7fe68200 nmethod 7410 0x000001cf0938bc90 code [0x000001cf0938be40, 0x000001cf0938c0d8]
Event: 11.376 Thread 0x000001cf7fe68200 7412       3       java.lang.invoke.BoundMethodHandle::rebind (14 bytes)
Event: 11.376 Thread 0x000001cf7fe68200 nmethod 7412 0x000001cf0938c190 code [0x000001cf0938c3a0, 0x000001cf0938c8f8]
Event: 11.376 Thread 0x000001cf7fe68200 7413       3       java.lang.invoke.BoundMethodHandle::tooComplex (27 bytes)
Event: 11.377 Thread 0x000001cf7fe68200 nmethod 7413 0x000001cf0938cb10 code [0x000001cf0938cd00, 0x000001cf0938d168]
Event: 11.377 Thread 0x000001cf7fe68200 7414       3       java.lang.invoke.BoundMethodHandle::fieldCount (8 bytes)
Event: 11.377 Thread 0x000001cf7fe68200 nmethod 7414 0x000001cf0938d310 code [0x000001cf0938d4e0, 0x000001cf0938d7d0]
Event: 11.377 Thread 0x000001cf7fe68200 7418       3       java.util.LinkedHashSet::<init> (10 bytes)
Event: 11.377 Thread 0x000001cf7fe68200 nmethod 7418 0x000001cf0938d910 code [0x000001cf0938dae0, 0x000001cf0938dc38]
Event: 11.377 Thread 0x000001cf7fe68200 7417       3       com.sun.tools.javac.util.List::contains (45 bytes)
Event: 11.377 Thread 0x000001cf7fe68200 nmethod 7417 0x000001cf0938dd10 code [0x000001cf0938dee0, 0x000001cf0938e288]
Event: 11.378 Thread 0x000001cf7fe68200 7415       3       java.lang.invoke.LambdaForm::expressionCount (11 bytes)
Event: 11.378 Thread 0x000001cf7fe68200 nmethod 7415 0x000001cf0938e390 code [0x000001cf0938e520, 0x000001cf0938e638]
Event: 11.378 Thread 0x000001cf7fe68200 7419   !   3       com.sun.tools.javac.comp.Modules::addVisiblePackages (263 bytes)

GC Heap History (20 events):
Event: 2.547 GC heap after
{Heap after GC invocations=3 (full 0):
 garbage-first heap   total 126976K, used 11449K [0x0000000085200000, 0x0000000100000000)
  region size 1024K, 8 young (8192K), 8 survivors (8192K)
 Metaspace       used 15334K, committed 15680K, reserved 1114112K
  class space    used 1775K, committed 1920K, reserved 1048576K
}
Event: 3.393 GC heap before
{Heap before GC invocations=3 (full 0):
 garbage-first heap   total 126976K, used 79033K [0x0000000085200000, 0x0000000100000000)
  region size 1024K, 74 young (75776K), 8 survivors (8192K)
 Metaspace       used 15846K, committed 16128K, reserved 1114112K
  class space    used 1783K, committed 1920K, reserved 1048576K
}
Event: 3.407 GC heap after
{Heap after GC invocations=4 (full 0):
 garbage-first heap   total 126976K, used 15756K [0x0000000085200000, 0x0000000100000000)
  region size 1024K, 4 young (4096K), 4 survivors (4096K)
 Metaspace       used 15846K, committed 16128K, reserved 1114112K
  class space    used 1783K, committed 1920K, reserved 1048576K
}
Event: 4.629 GC heap before
{Heap before GC invocations=4 (full 0):
 garbage-first heap   total 126976K, used 87436K [0x0000000085200000, 0x0000000100000000)
  region size 1024K, 74 young (75776K), 4 survivors (4096K)
 Metaspace       used 18166K, committed 18432K, reserved 1114112K
  class space    used 2011K, committed 2112K, reserved 1048576K
}
Event: 4.638 GC heap after
{Heap after GC invocations=5 (full 0):
 garbage-first heap   total 126976K, used 21900K [0x0000000085200000, 0x0000000100000000)
  region size 1024K, 10 young (10240K), 10 survivors (10240K)
 Metaspace       used 18166K, committed 18432K, reserved 1114112K
  class space    used 2011K, committed 2112K, reserved 1048576K
}
Event: 5.481 GC heap before
{Heap before GC invocations=5 (full 0):
 garbage-first heap   total 126976K, used 87436K [0x0000000085200000, 0x0000000100000000)
  region size 1024K, 74 young (75776K), 10 survivors (10240K)
 Metaspace       used 18470K, committed 18816K, reserved 1114112K
  class space    used 2021K, committed 2176K, reserved 1048576K
}
Event: 5.491 GC heap after
{Heap after GC invocations=6 (full 0):
 garbage-first heap   total 126976K, used 24576K [0x0000000085200000, 0x0000000100000000)
  region size 1024K, 3 young (3072K), 3 survivors (3072K)
 Metaspace       used 18470K, committed 18816K, reserved 1114112K
  class space    used 2021K, committed 2176K, reserved 1048576K
}
Event: 6.324 GC heap before
{Heap before GC invocations=6 (full 0):
 garbage-first heap   total 126976K, used 97280K [0x0000000085200000, 0x0000000100000000)
  region size 1024K, 74 young (75776K), 3 survivors (3072K)
 Metaspace       used 18544K, committed 18880K, reserved 1114112K
  class space    used 2024K, committed 2176K, reserved 1048576K
}
Event: 6.329 GC heap after
{Heap after GC invocations=7 (full 0):
 garbage-first heap   total 152576K, used 25360K [0x0000000085200000, 0x0000000100000000)
  region size 1024K, 4 young (4096K), 4 survivors (4096K)
 Metaspace       used 18544K, committed 18880K, reserved 1114112K
  class space    used 2024K, committed 2176K, reserved 1048576K
}
Event: 7.603 GC heap before
{Heap before GC invocations=7 (full 0):
 garbage-first heap   total 152576K, used 115472K [0x0000000085200000, 0x0000000100000000)
  region size 1024K, 89 young (91136K), 4 survivors (4096K)
 Metaspace       used 20984K, committed 21312K, reserved 1114112K
  class space    used 2282K, committed 2432K, reserved 1048576K
}
Event: 7.610 GC heap after
{Heap after GC invocations=8 (full 0):
 garbage-first heap   total 152576K, used 33651K [0x0000000085200000, 0x0000000100000000)
  region size 1024K, 9 young (9216K), 9 survivors (9216K)
 Metaspace       used 20984K, committed 21312K, reserved 1114112K
  class space    used 2282K, committed 2432K, reserved 1048576K
}
Event: 7.766 GC heap before
{Heap before GC invocations=8 (full 0):
 garbage-first heap   total 152576K, used 115571K [0x0000000085200000, 0x0000000100000000)
  region size 1024K, 89 young (91136K), 9 survivors (9216K)
 Metaspace       used 21022K, committed 21376K, reserved 1114112K
  class space    used 2284K, committed 2432K, reserved 1048576K
}
Event: 7.776 GC heap after
{Heap after GC invocations=9 (full 0):
 garbage-first heap   total 152576K, used 30623K [0x0000000085200000, 0x0000000100000000)
  region size 1024K, 7 young (7168K), 7 survivors (7168K)
 Metaspace       used 21022K, committed 21376K, reserved 1114112K
  class space    used 2284K, committed 2432K, reserved 1048576K
}
Event: 7.896 GC heap before
{Heap before GC invocations=9 (full 0):
 garbage-first heap   total 152576K, used 114591K [0x0000000085200000, 0x0000000100000000)
  region size 1024K, 89 young (91136K), 7 survivors (7168K)
 Metaspace       used 21034K, committed 21376K, reserved 1114112K
  class space    used 2284K, committed 2432K, reserved 1048576K
}
Event: 7.902 GC heap after
{Heap after GC invocations=10 (full 0):
 garbage-first heap   total 152576K, used 30152K [0x0000000085200000, 0x0000000100000000)
  region size 1024K, 6 young (6144K), 6 survivors (6144K)
 Metaspace       used 21034K, committed 21376K, reserved 1114112K
  class space    used 2284K, committed 2432K, reserved 1048576K
}
Event: 8.035 GC heap before
{Heap before GC invocations=10 (full 0):
 garbage-first heap   total 152576K, used 63944K [0x0000000085200000, 0x0000000100000000)
  region size 1024K, 40 young (40960K), 6 survivors (6144K)
 Metaspace       used 21211K, committed 21504K, reserved 1114112K
  class space    used 2298K, committed 2432K, reserved 1048576K
}
Event: 8.038 GC heap after
{Heap after GC invocations=11 (full 0):
 garbage-first heap   total 152576K, used 27472K [0x0000000085200000, 0x0000000100000000)
  region size 1024K, 4 young (4096K), 4 survivors (4096K)
 Metaspace       used 21211K, committed 21504K, reserved 1114112K
  class space    used 2298K, committed 2432K, reserved 1048576K
}
Event: 9.171 GC heap before
{Heap before GC invocations=12 (full 0):
 garbage-first heap   total 99328K, used 98128K [0x0000000085200000, 0x0000000100000000)
  region size 1024K, 70 young (71680K), 4 survivors (4096K)
 Metaspace       used 21749K, committed 22080K, reserved 1114112K
  class space    used 2349K, committed 2496K, reserved 1048576K
}
Event: 9.201 GC heap after
{Heap after GC invocations=13 (full 0):
 garbage-first heap   total 123904K, used 51516K [0x0000000085200000, 0x0000000100000000)
  region size 1024K, 12 young (12288K), 12 survivors (12288K)
 Metaspace       used 21749K, committed 22080K, reserved 1114112K
  class space    used 2349K, committed 2496K, reserved 1048576K
}
Event: 11.378 GC heap before
{Heap before GC invocations=13 (full 0):
 garbage-first heap   total 123904K, used 115004K [0x0000000085200000, 0x0000000100000000)
  region size 1024K, 63 young (64512K), 12 survivors (12288K)
 Metaspace       used 29624K, committed 30080K, reserved 1114112K
  class space    used 3277K, committed 3456K, reserved 1048576K
}

Dll operation events (8 events):
Event: 0.006 Loaded shared library C:\Program Files\Java\jdk-21\bin\java.dll
Event: 0.030 Loaded shared library C:\Program Files\Java\jdk-21\bin\jsvml.dll
Event: 0.045 Loaded shared library C:\Program Files\Java\jdk-21\bin\net.dll
Event: 0.047 Loaded shared library C:\Program Files\Java\jdk-21\bin\nio.dll
Event: 0.050 Loaded shared library C:\Program Files\Java\jdk-21\bin\zip.dll
Event: 0.248 Loaded shared library C:\Program Files\Java\jdk-21\bin\jimage.dll
Event: 0.250 Loaded shared library C:\ProgramData\chocolatey\lib\maven\apache-maven-3.9.15\lib\jansi-native\Windows\x86_64\jansi.dll
Event: 0.269 Loaded shared library C:\Program Files\Java\jdk-21\bin\verify.dll

Deoptimization events (20 events):
Event: 11.286 Thread 0x000001cf7a214a00 Uncommon trap: trap_request=0xffffff45 fr.pc=0x000001cf1025fdc4 relative=0x0000000000000224
Event: 11.286 Thread 0x000001cf7a214a00 Uncommon trap: reason=unstable_if action=reinterpret pc=0x000001cf1025fdc4 method=java.nio.charset.CharsetDecoder.decode(Ljava/nio/ByteBuffer;Ljava/nio/CharBuffer;Z)Ljava/nio/charset/CoderResult; @ 1 c2
Event: 11.286 Thread 0x000001cf7a214a00 DEOPT PACKING pc=0x000001cf1025fdc4 sp=0x0000006b03afd620
Event: 11.286 Thread 0x000001cf7a214a00 DEOPT UNPACKING pc=0x000001cf0f9546a2 sp=0x0000006b03afd5d8 mode 2
Event: 11.307 Thread 0x000001cf7a214a00 Uncommon trap: trap_request=0xffffff45 fr.pc=0x000001cf101a1dc8 relative=0x00000000000000a8
Event: 11.307 Thread 0x000001cf7a214a00 Uncommon trap: reason=unstable_if action=reinterpret pc=0x000001cf101a1dc8 method=java.lang.CharacterDataLatin1.digit(II)I @ 7 c2
Event: 11.307 Thread 0x000001cf7a214a00 DEOPT PACKING pc=0x000001cf101a1dc8 sp=0x0000006b03afd0f0
Event: 11.307 Thread 0x000001cf7a214a00 DEOPT UNPACKING pc=0x000001cf0f9546a2 sp=0x0000006b03afd070 mode 2
Event: 11.363 Thread 0x000001cf7a214a00 Uncommon trap: trap_request=0xffffffde fr.pc=0x000001cf1035fa78 relative=0x00000000000004b8
Event: 11.363 Thread 0x000001cf7a214a00 Uncommon trap: reason=class_check action=maybe_recompile pc=0x000001cf1035fa78 method=java.util.Spliterators$IteratorSpliterator.tryAdvance(Ljava/util/function/Consumer;)Z @ 50 c2
Event: 11.363 Thread 0x000001cf7a214a00 DEOPT PACKING pc=0x000001cf1035fa78 sp=0x0000006b03afd260
Event: 11.363 Thread 0x000001cf7a214a00 DEOPT UNPACKING pc=0x000001cf0f9546a2 sp=0x0000006b03afd240 mode 2
Event: 11.363 Thread 0x000001cf7a214a00 Uncommon trap: trap_request=0xffffffde fr.pc=0x000001cf1035fa78 relative=0x00000000000004b8
Event: 11.363 Thread 0x000001cf7a214a00 Uncommon trap: reason=class_check action=maybe_recompile pc=0x000001cf1035fa78 method=java.util.Spliterators$IteratorSpliterator.tryAdvance(Ljava/util/function/Consumer;)Z @ 50 c2
Event: 11.363 Thread 0x000001cf7a214a00 DEOPT PACKING pc=0x000001cf1035fa78 sp=0x0000006b03afd260
Event: 11.363 Thread 0x000001cf7a214a00 DEOPT UNPACKING pc=0x000001cf0f9546a2 sp=0x0000006b03afd240 mode 2
Event: 11.364 Thread 0x000001cf7a214a00 Uncommon trap: trap_request=0xffffffde fr.pc=0x000001cf1035fa78 relative=0x00000000000004b8
Event: 11.364 Thread 0x000001cf7a214a00 Uncommon trap: reason=class_check action=maybe_recompile pc=0x000001cf1035fa78 method=java.util.Spliterators$IteratorSpliterator.tryAdvance(Ljava/util/function/Consumer;)Z @ 50 c2
Event: 11.364 Thread 0x000001cf7a214a00 DEOPT PACKING pc=0x000001cf1035fa78 sp=0x0000006b03afd260
Event: 11.364 Thread 0x000001cf7a214a00 DEOPT UNPACKING pc=0x000001cf0f9546a2 sp=0x0000006b03afd240 mode 2

Classes loaded (20 events):
Event: 10.798 Loading class jdk/internal/jimage/ImageReader$SharedImageReader$LocationVisitor
Event: 10.798 Loading class jdk/internal/jimage/ImageReader$SharedImageReader$LocationVisitor done
Event: 10.799 Loading class java/nio/ByteBufferAsIntBufferL
Event: 10.800 Loading class java/nio/ByteBufferAsIntBufferL done
Event: 10.804 Loading class jdk/internal/jimage/ImageReader$Resource
Event: 10.805 Loading class jdk/internal/jimage/ImageReader$Resource done
Event: 10.805 Loading class jdk/internal/jrtfs/JrtFileAttributes
Event: 10.806 Loading class jdk/internal/jrtfs/JrtFileAttributes done
Event: 11.281 Loading class java/lang/UnsupportedClassVersionError
Event: 11.282 Loading class java/lang/UnsupportedClassVersionError done
Event: 11.282 Loading class java/util/ImmutableCollections$Access
Event: 11.282 Loading class java/util/ImmutableCollections$Access done
Event: 11.282 Loading class java/util/ImmutableCollections$Access$1
Event: 11.283 Loading class jdk/internal/access/JavaUtilCollectionAccess
Event: 11.283 Loading class jdk/internal/access/JavaUtilCollectionAccess done
Event: 11.283 Loading class java/util/ImmutableCollections$Access$1 done
Event: 11.308 Loading class java/util/BitSet
Event: 11.308 Loading class java/util/BitSet done
Event: 11.340 Loading class java/util/regex/Pattern$Bound
Event: 11.341 Loading class java/util/regex/Pattern$Bound done

Classes unloaded (0 events):
No events

Classes redefined (0 events):
No events

Internal exceptions (20 events):
Event: 7.369 Thread 0x000001cf61378060 Exception <a 'java/lang/NoSuchMethodError'{0x000000008b8e1ec8}: 'java.lang.Object java.lang.invoke.DirectMethodHandle$Holder.invokeStatic(java.lang.Object, int, java.lang.Object)'> (0x000000008b8e1ec8) 
thrown [s\open\src\hotspot\share\interpreter\linkResolver.cpp, line 773]
Event: 8.064 Thread 0x000001cf7a214a00 Exception <a 'java/lang/NoSuchMethodError'{0x000000008e676208}: 'java.lang.ClassLoader java.lang.ClassLoader.getPlatformClassLoader(java.lang.Class)'> (0x000000008e676208) 
thrown [s\open\src\hotspot\share\interpreter\linkResolver.cpp, line 773]
Event: 8.065 Thread 0x000001cf7a214a00 Exception <a 'java/lang/NoSuchMethodError'{0x000000008e67b410}: 'java.lang.Object java.lang.invoke.DirectMethodHandle$Holder.invokeStatic(java.lang.Object, java.lang.Object, int)'> (0x000000008e67b410) 
thrown [s\open\src\hotspot\share\interpreter\linkResolver.cpp, line 773]
Event: 8.066 Thread 0x000001cf7a214a00 Exception <a 'java/lang/NoSuchMethodError'{0x000000008e67fa18}: 'void java.lang.invoke.DirectMethodHandle$Holder.invokeStatic(java.lang.Object, java.lang.Object, int, java.lang.Object)'> (0x000000008e67fa18) 
thrown [s\open\src\hotspot\share\interpreter\linkResolver.cpp, line 773]
Event: 8.066 Thread 0x000001cf7a214a00 Exception <a 'java/lang/NoSuchMethodError'{0x000000008e691878}: 'void java.lang.invoke.DelegatingMethodHandle$Holder.delegate(java.lang.Object, java.lang.Object, int, java.lang.Object)'> (0x000000008e691878) 
thrown [s\open\src\hotspot\share\interpreter\linkResolver.cpp, line 773]
Event: 8.298 Thread 0x000001cf7a214a00 Implicit null exception at 0x000001cf10299db7 to 0x000001cf1029a78e
Event: 8.567 Thread 0x000001cf7a214a00 Exception <a 'java/lang/NoSuchMethodError'{0x0000000089dd4fc8}: 'void java.lang.invoke.DirectMethodHandle$Holder.invokeVirtual(java.lang.Object, java.lang.Object, java.lang.Object, java.lang.Object)'> (0x0000000089dd4fc8) 
thrown [s\open\src\hotspot\share\interpreter\linkResolver.cpp, line 773]
Event: 9.292 Thread 0x000001cf7a214a00 Exception <a 'java/lang/NoSuchMethodError'{0x000000008a77a788}: 'void java.lang.invoke.DelegatingMethodHandle$Holder.reinvoke_L(java.lang.Object, java.lang.Object, java.lang.Object, java.lang.Object, java.lang.Object, java.lang.Object, java.lang.Object, java.lang.Object, java.lang.Object, int)'> (0x000000008a77a788) 
thrown [s\open\src\hotspot\share\interpreter\linkResolver.cpp, line 773]
Event: 9.302 Thread 0x000001cf7a214a00 Exception <a 'java/lang/NoSuchMethodError'{0x000000008a7c2f78}: 'java.lang.Object java.lang.invoke.DirectMethodHandle$Holder.newInvokeSpecial(java.lang.Object, java.lang.Object, java.lang.Object, java.lang.Object, java.lang.Object, java.lang.Object, java.lang.Object, java.lang.Object)'> (0x000000008a7c2f78) 
thrown [s\open\src\hotspot\share\interpreter\linkResolver.cpp, line 773]
Event: 9.761 Thread 0x000001cf7a214a00 Exception <a 'sun/nio/fs/WindowsException'{0x0000000089b527d8}> (0x0000000089b527d8) 
thrown [s\open\src\hotspot\share\prims\jni.cpp, line 520]
Event: 9.790 Thread 0x000001cf7a214a00 Exception <a 'java/lang/IncompatibleClassChangeError'{0x0000000089ba7b18}: Found class java.lang.Object, but interface was expected> (0x0000000089ba7b18) 
thrown [s\open\src\hotspot\share\interpreter\linkResolver.cpp, line 840]
Event: 10.000 Thread 0x000001cf7a214a00 Exception <a 'java/lang/NoSuchMethodError'{0x0000000089af8d50}: 'int java.lang.invoke.DirectMethodHandle$Holder.invokeInterface(java.lang.Object, java.lang.Object)'> (0x0000000089af8d50) 
thrown [s\open\src\hotspot\share\interpreter\linkResolver.cpp, line 773]
Event: 10.709 Thread 0x000001cf7a214a00 Exception <a 'java/lang/NoSuchMethodError'{0x0000000089240bb0}: 'int java.lang.invoke.DirectMethodHandle$Holder.invokeVirtual(java.lang.Object, java.lang.Object, java.lang.Object)'> (0x0000000089240bb0) 
thrown [s\open\src\hotspot\share\interpreter\linkResolver.cpp, line 773]
Event: 10.713 Thread 0x000001cf7a214a00 Exception <a 'java/lang/NoSuchMethodError'{0x000000008924d928}: 'int java.lang.invoke.DirectMethodHandle$Holder.invokeStaticInit(java.lang.Object, java.lang.Object, java.lang.Object)'> (0x000000008924d928) 
thrown [s\open\src\hotspot\share\interpreter\linkResolver.cpp, line 773]
Event: 10.833 Thread 0x000001cf7a214a00 Exception <a 'sun/nio/fs/WindowsException'{0x0000000088876ac0}> (0x0000000088876ac0) 
thrown [s\open\src\hotspot\share\prims\jni.cpp, line 520]
Event: 11.075 Thread 0x000001cf7a214a00 Exception <a 'sun/nio/fs/WindowsException'{0x00000000886766d0}> (0x00000000886766d0) 
thrown [s\open\src\hotspot\share\prims\jni.cpp, line 520]
Event: 11.340 Thread 0x000001cf7a214a00 Exception <a 'sun/nio/fs/WindowsException'{0x0000000088121388}> (0x0000000088121388) 
thrown [s\open\src\hotspot\share\prims\jni.cpp, line 520]
Event: 11.340 Thread 0x000001cf7a214a00 Exception <a 'sun/nio/fs/WindowsException'{0x0000000088122018}> (0x0000000088122018) 
thrown [s\open\src\hotspot\share\prims\jni.cpp, line 520]
Event: 11.353 Thread 0x000001cf7a214a00 Exception <a 'java/lang/NoSuchMethodError'{0x00000000881ae6f0}: 'java.lang.Object java.lang.invoke.DirectMethodHandle$Holder.invokeSpecial(java.lang.Object, java.lang.Object, java.lang.Object, int, int)'> (0x00000000881ae6f0) 
thrown [s\open\src\hotspot\share\interpreter\linkResolver.cpp, line 773]
Event: 11.354 Thread 0x000001cf7a214a00 Exception <a 'java/lang/NoSuchMethodError'{0x00000000881b4b38}: 'java.lang.Object java.lang.invoke.DirectMethodHandle$Holder.invokeVirtual(java.lang.Object, java.lang.Object, int)'> (0x00000000881b4b38) 
thrown [s\open\src\hotspot\share\interpreter\linkResolver.cpp, line 773]

ZGC Phase Switch (0 events):
No events

VM Operations (20 events):
Event: 8.060 Executing VM operation: G1PauseRemark done
Event: 8.065 Executing VM operation: G1PauseCleanup
Event: 8.068 Executing VM operation: G1PauseCleanup done
Event: 8.580 Executing VM operation: HandshakeAllThreads (Deoptimize)
Event: 8.580 Executing VM operation: HandshakeAllThreads (Deoptimize) done
Event: 9.171 Executing VM operation: G1CollectForAllocation (G1 Evacuation Pause)
Event: 9.201 Executing VM operation: G1CollectForAllocation (G1 Evacuation Pause) done
Event: 9.278 Executing VM operation: HandshakeAllThreads (Deoptimize)
Event: 9.278 Executing VM operation: HandshakeAllThreads (Deoptimize) done
Event: 9.869 Executing VM operation: HandshakeAllThreads (Deoptimize)
Event: 9.869 Executing VM operation: HandshakeAllThreads (Deoptimize) done
Event: 9.993 Executing VM operation: HandshakeAllThreads (Deoptimize)
Event: 9.993 Executing VM operation: HandshakeAllThreads (Deoptimize) done
Event: 10.713 Executing VM operation: ICBufferFull
Event: 10.714 Executing VM operation: ICBufferFull done
Event: 10.801 Executing VM operation: HandshakeAllThreads (Deoptimize)
Event: 10.802 Executing VM operation: HandshakeAllThreads (Deoptimize) done
Event: 10.803 Executing VM operation: HandshakeAllThreads (Deoptimize)
Event: 10.803 Executing VM operation: HandshakeAllThreads (Deoptimize) done
Event: 11.378 Executing VM operation: G1CollectForAllocation (G1 Evacuation Pause)

Events (20 events):
Event: 0.028 Thread 0x000001cf7fe68200 Thread added: 0x000001cf7fe68200
Event: 0.039 Thread 0x000001cf19683940 Thread added: 0x000001cf19683940
Event: 0.041 Thread 0x000001cf1968c9a0 Thread added: 0x000001cf1968c9a0
Event: 0.245 Thread 0x000001cf5f0935f0 Thread added: 0x000001cf5f0935f0
Event: 0.395 Thread 0x000001cf5f0935f0 Thread exited: 0x000001cf5f0935f0
Event: 1.646 Thread 0x000001cf5fb06030 Thread added: 0x000001cf5fb06030
Event: 5.227 Thread 0x000001cf61052f10 Thread added: 0x000001cf61052f10
Event: 7.308 Thread 0x000001cf61378060 Thread added: 0x000001cf61378060
Event: 7.309 Thread 0x000001cf60a18da0 Thread added: 0x000001cf60a18da0
Event: 7.310 Thread 0x000001cf61975470 Thread added: 0x000001cf61975470
Event: 7.310 Thread 0x000001cf19783270 Thread added: 0x000001cf19783270
Event: 7.310 Thread 0x000001cf609340f0 Thread added: 0x000001cf609340f0
Event: 7.311 Thread 0x000001cf604ee2c0 Thread added: 0x000001cf604ee2c0
Event: 7.311 Thread 0x000001cf604ebb60 Thread added: 0x000001cf604ebb60
Event: 7.311 Thread 0x000001cf604ee950 Thread added: 0x000001cf604ee950
Event: 7.311 Thread 0x000001cf604eefe0 Thread added: 0x000001cf604eefe0
Event: 7.312 Thread 0x000001cf604ed5a0 Thread added: 0x000001cf604ed5a0
Event: 7.312 Thread 0x000001cf604ec1f0 Thread added: 0x000001cf604ec1f0
Event: 11.287 Thread 0x000001cf61052f10 Thread exited: 0x000001cf61052f10
Event: 11.369 Thread 0x000001cf61bebbd0 Thread added: 0x000001cf61bebbd0


Dynamic libraries:
0x00007ff7f6a40000 - 0x00007ff7f6a50000 	C:\Program Files\Java\jdk-21\bin\java.exe
0x00007ffcf62a0000 - 0x00007ffcf6507000 	C:\WINDOWS\SYSTEM32\ntdll.dll
0x00007ffcf5910000 - 0x00007ffcf59d9000 	C:\WINDOWS\System32\KERNEL32.DLL
0x00007ffcf30f0000 - 0x00007ffcf34e4000 	C:\WINDOWS\System32\KERNELBASE.dll
0x00007ffcf2b70000 - 0x00007ffcf2cbb000 	C:\WINDOWS\System32\ucrtbase.dll
0x00007ffcce370000 - 0x00007ffcce38b000 	C:\Program Files\Java\jdk-21\bin\VCRUNTIME140.dll
0x00007ffcc4a10000 - 0x00007ffcc4a29000 	C:\Program Files\Java\jdk-21\bin\jli.dll
0x00007ffcf6160000 - 0x00007ffcf6216000 	C:\WINDOWS\System32\ADVAPI32.dll
0x00007ffcf5640000 - 0x00007ffcf56e9000 	C:\WINDOWS\System32\msvcrt.dll
0x00007ffcf5ff0000 - 0x00007ffcf6097000 	C:\WINDOWS\System32\sechost.dll
0x00007ffcf56f0000 - 0x00007ffcf5808000 	C:\WINDOWS\System32\RPCRT4.dll
0x00007ffcf5470000 - 0x00007ffcf5635000 	C:\WINDOWS\System32\USER32.dll
0x00007ffcf35a0000 - 0x00007ffcf35c7000 	C:\WINDOWS\System32\win32u.dll
0x00007ffcf5040000 - 0x00007ffcf506b000 	C:\WINDOWS\System32\GDI32.dll
0x00007ffcd0a70000 - 0x00007ffcd0d03000 	C:\WINDOWS\WinSxS\amd64_microsoft.windows.common-controls_6595b64144ccf1df_6.0.26100.8115_none_3e075c82e3354f9c\COMCTL32.dll
0x00007ffcf35d0000 - 0x00007ffcf36fb000 	C:\WINDOWS\System32\gdi32full.dll
0x00007ffcf34f0000 - 0x00007ffcf3593000 	C:\WINDOWS\System32\msvcp_win.dll
0x00007ffcded70000 - 0x00007ffcded7b000 	C:\WINDOWS\SYSTEM32\VERSION.dll
0x00007ffcf6220000 - 0x00007ffcf6252000 	C:\WINDOWS\System32\IMM32.DLL
0x00007ffcce360000 - 0x00007ffcce36c000 	C:\Program Files\Java\jdk-21\bin\vcruntime140_1.dll
0x00007ffc84f30000 - 0x00007ffc84fbe000 	C:\Program Files\Java\jdk-21\bin\msvcp140.dll
0x00007ffc46510000 - 0x00007ffc4722d000 	C:\Program Files\Java\jdk-21\bin\server\jvm.dll
0x00007ffcf5e70000 - 0x00007ffcf5ef0000 	C:\WINDOWS\System32\WS2_32.dll
0x00007ffcf29d0000 - 0x00007ffcf2a2e000 	C:\WINDOWS\SYSTEM32\POWRPROF.dll
0x00007ffcea320000 - 0x00007ffcea356000 	C:\WINDOWS\SYSTEM32\WINMM.dll
0x00007ffcf29b0000 - 0x00007ffcf29c4000 	C:\WINDOWS\SYSTEM32\UMPDC.dll
0x00007ffcf1840000 - 0x00007ffcf185b000 	C:\WINDOWS\SYSTEM32\kernel.appcore.dll
0x00007ffccc2a0000 - 0x00007ffccc2aa000 	C:\Program Files\Java\jdk-21\bin\jimage.dll
0x00007ffcf0a70000 - 0x00007ffcf0cb2000 	C:\WINDOWS\SYSTEM32\DBGHELP.DLL
0x00007ffcf47b0000 - 0x00007ffcf4b32000 	C:\WINDOWS\System32\combase.dll
0x00007ffcf5a00000 - 0x00007ffcf5ad8000 	C:\WINDOWS\System32\OLEAUT32.dll
0x00007ffccc2e0000 - 0x00007ffccc31b000 	C:\WINDOWS\SYSTEM32\dbgcore.DLL
0x00007ffcf2d50000 - 0x00007ffcf2df5000 	C:\WINDOWS\System32\bcryptPrimitives.dll
0x00007ffcc49f0000 - 0x00007ffcc4a0f000 	C:\Program Files\Java\jdk-21\bin\java.dll
0x00007ffcf4040000 - 0x00007ffcf47a7000 	C:\WINDOWS\System32\SHELL32.dll
0x00007ffcf2e00000 - 0x00007ffcf2f6a000 	C:\WINDOWS\System32\wintypes.dll
0x00007ffcf3700000 - 0x00007ffcf3f68000 	C:\WINDOWS\System32\windows.storage.dll
0x00007ffcf5810000 - 0x00007ffcf5908000 	C:\WINDOWS\System32\SHCORE.dll
0x00007ffcf4fd0000 - 0x00007ffcf5036000 	C:\WINDOWS\System32\shlwapi.dll
0x00007ffcf2a90000 - 0x00007ffcf2ab9000 	C:\WINDOWS\SYSTEM32\profapi.dll
0x00007ffc7f2f0000 - 0x00007ffc7f3c7000 	C:\Program Files\Java\jdk-21\bin\jsvml.dll
0x00007ffcc49e0000 - 0x00007ffcc49f0000 	C:\Program Files\Java\jdk-21\bin\net.dll
0x00007ffce6ac0000 - 0x00007ffce6bed000 	C:\WINDOWS\SYSTEM32\WINHTTP.dll
0x00007ffcf1e70000 - 0x00007ffcf1edc000 	C:\WINDOWS\system32\mswsock.dll
0x00007ffcbc880000 - 0x00007ffcbc896000 	C:\Program Files\Java\jdk-21\bin\nio.dll
0x00007ffcbc860000 - 0x00007ffcbc878000 	C:\Program Files\Java\jdk-21\bin\zip.dll
0x00007ffcb8680000 - 0x00007ffcb86a4000 	C:\ProgramData\chocolatey\lib\maven\apache-maven-3.9.15\lib\jansi-native\Windows\x86_64\jansi.dll
0x00007ffcc4910000 - 0x00007ffcc4920000 	C:\Program Files\Java\jdk-21\bin\verify.dll
0x00007ffcf1a20000 - 0x00007ffcf1a56000 	C:\WINDOWS\SYSTEM32\ntmarta.dll

dbghelp: loaded successfully - version: 4.0.5 - missing functions: none
symbol engine: initialized successfully - sym options: 0x614 - pdb path: .;C:\Program Files\Java\jdk-21\bin;C:\WINDOWS\SYSTEM32;C:\WINDOWS\WinSxS\amd64_microsoft.windows.common-controls_6595b64144ccf1df_6.0.26100.8115_none_3e075c82e3354f9c;C:\Program Files\Java\jdk-21\bin\server;C:\ProgramData\chocolatey\lib\maven\apache-maven-3.9.15\lib\jansi-native\Windows\x86_64

VM Arguments:
jvm_args: --enable-native-access=ALL-UNNAMED -Dclassworlds.conf=C:\ProgramData\chocolatey\lib\maven\apache-maven-3.9.15\bin\m2.conf -Dmaven.home=C:\ProgramData\chocolatey\lib\maven\apache-maven-3.9.15 -Dlibrary.jansi.path=C:\ProgramData\chocolatey\lib\maven\apache-maven-3.9.15\lib\jansi-native -Dmaven.multiModuleProjectDirectory=C:\Users\natha\OneDrive\Documents\engineering\learning\nasa\nasaApodJob 
java_command: org.codehaus.plexus.classworlds.launcher.Launcher clean install
java_class_path (initial): C:\ProgramData\chocolatey\lib\maven\apache-maven-3.9.15\boot\plexus-classworlds-2.9.0.jar
Launcher Type: SUN_STANDARD

[Global flags]
     intx CICompilerCount                          = 4                                         {product} {ergonomic}
     uint ConcGCThreads                            = 3                                         {product} {ergonomic}
     uint G1ConcRefinementThreads                  = 10                                        {product} {ergonomic}
   size_t G1HeapRegionSize                         = 1048576                                   {product} {ergonomic}
    uintx GCDrainStackTargetSize                   = 64                                        {product} {ergonomic}
   size_t InitialHeapSize                          = 130023424                                 {product} {ergonomic}
   size_t MarkStackSize                            = 4194304                                   {product} {ergonomic}
   size_t MaxHeapSize                              = 2061500416                                {product} {ergonomic}
   size_t MaxNewSize                               = 1236271104                                {product} {ergonomic}
   size_t MinHeapDeltaBytes                        = 1048576                                   {product} {ergonomic}
   size_t MinHeapSize                              = 8388608                                   {product} {ergonomic}
    uintx NonNMethodCodeHeapSize                   = 5839372                                {pd product} {ergonomic}
    uintx NonProfiledCodeHeapSize                  = 122909434                              {pd product} {ergonomic}
    uintx ProfiledCodeHeapSize                     = 122909434                              {pd product} {ergonomic}
    uintx ReservedCodeCacheSize                    = 251658240                              {pd product} {ergonomic}
     bool SegmentedCodeCache                       = true                                      {product} {ergonomic}
   size_t SoftMaxHeapSize                          = 2061500416                             {manageable} {ergonomic}
     bool UseCompressedOops                        = true                           {product lp64_product} {ergonomic}
     bool UseG1GC                                  = true                                      {product} {ergonomic}
     bool UseLargePagesIndividualAllocation        = false                                  {pd product} {ergonomic}

Logging:
Log output configuration:
 #0: stdout all=warning uptime,level,tags foldmultilines=false
 #1: stderr all=off uptime,level,tags foldmultilines=false

Environment Variables:
JAVA_HOME=C:\Program Files\Java\jdk-21
PATH=C:\Program Files\Common Files\Oracle\Java\javapath;C:\windows\system32;C:\windows;C:\windows\System32\Wbem;C:\windows\System32\WindowsPowerShell\v1.0\;C:\windows\System32\OpenSSH\;C:\Users\natha\AppData\Local\nvm;C:\nvm4w\nodejs;C:\Program Files\Git\cmd;C:\WINDOWS\system32;C:\WINDOWS;C:\WINDOWS\System32\Wbem;C:\WINDOWS\System32\WindowsPowerShell\v1.0\;C:\WINDOWS\System32\OpenSSH\;C:\Program Files\Docker\Docker\resources\bin;C:\Program Files\GitHub CLI\;C:\ProgramData\chocolatey\bin;C:\Users\natha\OneDrive\Desktop\Apps\apache-maven-3.9.11-bin\apache-maven-3.9.11\bin;C:\Program Files\Java\jdk-21\bin;C:\Users\natha\AppData\Local\Microsoft\WindowsApps;C:\Users\natha\AppData\Local\Programs\Microsoft VS Code\bin;C:\ProgramData\natha\GitHubDesktop\bin;C:\Users\natha\AppData\Local\GitHubDesktop\bin;C:\Users\natha\OneDrive\Desktop\Apps\terraform_1.12.0_windows_amd64;C:\Users\natha\AppData\Local\Google\Cloud SDK\google-cloud-sdk\bin;C:\ProgramData\chocolatey\lib\maven\apache-maven-3.9.15\bin
USERNAME=natha
OS=Windows_NT
PROCESSOR_IDENTIFIER=Intel64 Family 6 Model 154 Stepping 4, GenuineIntel
TMP=C:\Users\natha\AppData\Local\Temp
TEMP=C:\Users\natha\AppData\Local\Temp




Periodic native trim disabled

---------------  S Y S T E M  ---------------

OS:
 Windows 11 , 64 bit Build 26100 (10.0.26100.8246)
OS uptime: 8 days 17:05 hours
Hyper-V role detected

CPU: total 12 (initial active 12) (6 cores per cpu, 2 threads per core) family 6 model 154 stepping 4 microcode 0x434, cx8, cmov, fxsr, ht, mmx, 3dnowpref, sse, sse2, sse3, ssse3, sse4.1, sse4.2, popcnt, lzcnt, tsc, tscinvbit, avx, avx2, aes, erms, clmul, bmi1, bmi2, adx, sha, fma, vzeroupper, clflush, clflushopt, clwb, hv, serialize, rdtscp, rdpid, fsrm, f16c, cet_ibt, cet_ss
Processor Information for processor 0
  Max Mhz: 1700, Current Mhz: 1700, Mhz Limit: 1700
Processor Information for processor 1
  Max Mhz: 1700, Current Mhz: 1700, Mhz Limit: 1700
Processor Information for processor 2
  Max Mhz: 1700, Current Mhz: 1700, Mhz Limit: 1700
Processor Information for processor 3
  Max Mhz: 1700, Current Mhz: 1700, Mhz Limit: 1700
Processor Information for processor 4
  Max Mhz: 1700, Current Mhz: 1200, Mhz Limit: 1190
Processor Information for processor 5
  Max Mhz: 1700, Current Mhz: 1200, Mhz Limit: 1190
Processor Information for processor 6
  Max Mhz: 1700, Current Mhz: 1200, Mhz Limit: 1190
Processor Information for processor 7
  Max Mhz: 1700, Current Mhz: 1200, Mhz Limit: 1190
Processor Information for processor 8
  Max Mhz: 1700, Current Mhz: 1200, Mhz Limit: 1190
Processor Information for processor 9
  Max Mhz: 1700, Current Mhz: 1200, Mhz Limit: 1190
Processor Information for processor 10
  Max Mhz: 1700, Current Mhz: 1200, Mhz Limit: 1190
Processor Information for processor 11
  Max Mhz: 1700, Current Mhz: 1200, Mhz Limit: 1190

Memory: 4k page, system-wide physical 7863M (352M free)
TotalPageFile size 32439M (AvailPageFile size 30M)
current process WorkingSet (physical memory assigned to process): 294M, peak: 294M
current process commit charge ("private bytes"): 341M, peak: 374M

vm_info: Java HotSpot(TM) 64-Bit Server VM (21.0.8+12-LTS-250) for windows-amd64 JRE (21.0.8+12-LTS-250), built on 2025-06-27T08:11:22Z by "mach5one" with MS VC++ 17.6 (VS2022)

END.
