#
# There is insufficient memory for the Java Runtime Environment to continue.
# Native memory allocation (malloc) failed to allocate 1288688 bytes for Chunk::new
# Possible reasons:
#   The system is out of physical RAM or swap space
#   The process is running with CompressedOops enabled, and the Java Heap may be blocking the growth of the native heap
# Possible solutions:
#   Reduce memory load on the system
#   Increase physical memory or swap space
#   Check if swap backing store is full
#   Decrease Java heap size (-Xmx/-Xms)
#   Decrease number of Java threads
#   Decrease Java thread stack sizes (-Xss)
#   Set larger code cache with -XX:ReservedCodeCacheSize=
#   JVM is running with Unscaled Compressed Oops mode in which the Java heap is
#     placed in the first 4GB address space. The Java Heap base address is the
#     maximum limit for the native heap growth. Please use -XX:HeapBaseMinAddress
#     to set the Java Heap base and to place the Java Heap above 4GB virtual address.
# This output file may be truncated or incomplete.
#
#  Out of Memory Error (arena.cpp:168), pid=35516, tid=9944
#
# JRE version: Java(TM) SE Runtime Environment (21.0.8+12) (build 21.0.8+12-LTS-250)
# Java VM: Java HotSpot(TM) 64-Bit Server VM (21.0.8+12-LTS-250, mixed mode, sharing, tiered, compressed oops, compressed class ptrs, g1 gc, windows-amd64)
# No core dump will be written. Minidumps are not enabled by default on client versions of Windows
#

---------------  S U M M A R Y ------------

Command Line: --enable-native-access=ALL-UNNAMED -Dclassworlds.conf=C:\ProgramData\chocolatey\lib\maven\apache-maven-3.9.15\bin\m2.conf -Dmaven.home=C:\ProgramData\chocolatey\lib\maven\apache-maven-3.9.15 -Dlibrary.jansi.path=C:\ProgramData\chocolatey\lib\maven\apache-maven-3.9.15\lib\jansi-native -Dmaven.multiModuleProjectDirectory=C:\Users\natha\OneDrive\Documents\engineering\learning\nasa\nasaApodJob org.codehaus.plexus.classworlds.launcher.Launcher clean install

Host: 12th Gen Intel(R) Core(TM) i7-1255U, 12 cores, 7G,  Windows 11 , 64 bit Build 26100 (10.0.26100.8246)
Time: Thu May  7 22:41:25 2026 GMT Summer Time elapsed time: 22.576285 seconds (0d 0h 0m 22s)

---------------  T H R E A D  ---------------

Current thread (0x000001e3d07eef30):  JavaThread "C2 CompilerThread1" daemon [_thread_in_native, id=9944, stack(0x0000008eef800000,0x0000008eef900000) (1024K)]


Current CompileTask:
C2:  22576 7539   !   4       java.nio.file.FileTreeWalker::next (144 bytes)

Stack: [0x0000008eef800000,0x0000008eef900000]
Native frames: (J=compiled Java code, j=interpreted, Vv=VM code, C=native code)
V  [jvm.dll+0x6cc179]
V  [jvm.dll+0x8584c1]
V  [jvm.dll+0x85a9ee]
V  [jvm.dll+0x85b0c3]
V  [jvm.dll+0x27ebf6]
V  [jvm.dll+0xc4f4d]
V  [jvm.dll+0xc5483]
V  [jvm.dll+0x3b6abc]
V  [jvm.dll+0x382a35]
V  [jvm.dll+0x381eaa]
V  [jvm.dll+0x247670]
V  [jvm.dll+0x246c4f]
V  [jvm.dll+0x1c7a3e]
V  [jvm.dll+0x256359]
V  [jvm.dll+0x2548ea]
V  [jvm.dll+0x3efef6]
V  [jvm.dll+0x80279b]
V  [jvm.dll+0x6ca85d]
C  [ucrtbase.dll+0x37b0]
C  [KERNEL32.DLL+0x2e8d7]
C  [ntdll.dll+0x8c3fc]


---------------  P R O C E S S  ---------------

Threads class SMR info:
_java_thread_list=0x000001e3ff479840, length=24, elements={
0x000001e3e9b60be0, 0x000001e3f9a714a0, 0x000001e3f9a71ef0, 0x000001e3f9a77e00,
0x000001e3f9a78980, 0x000001e3f9a7a2d0, 0x000001e3f9a7d900, 0x000001e3f9aa08b0,
0x000001e3f9a7ed80, 0x000001e3f9d41a10, 0x000001e3f9d59ab0, 0x000001e3fea020e0,
0x000001e3d095d5b0, 0x000001e3d095dc10, 0x000001e3ff2e3950, 0x000001e3ff2e3fb0,
0x000001e3ff2e4610, 0x000001e3d0973020, 0x000001e3fe5423e0, 0x000001e3ff03eb00,
0x000001e3ff0418f0, 0x000001e3ff041f80, 0x000001e3ff040540, 0x000001e3d07eef30
}

Java Threads: ( => current thread )
  0x000001e3e9b60be0 JavaThread "main"                              [_thread_in_native, id=11836, stack(0x0000008eecf00000,0x0000008eed000000) (1024K)]
  0x000001e3f9a714a0 JavaThread "Reference Handler"          daemon [_thread_blocked, id=34204, stack(0x0000008eed700000,0x0000008eed800000) (1024K)]
  0x000001e3f9a71ef0 JavaThread "Finalizer"                  daemon [_thread_blocked, id=23932, stack(0x0000008eed800000,0x0000008eed900000) (1024K)]
  0x000001e3f9a77e00 JavaThread "Signal Dispatcher"          daemon [_thread_blocked, id=4388, stack(0x0000008eed900000,0x0000008eeda00000) (1024K)]
  0x000001e3f9a78980 JavaThread "Attach Listener"            daemon [_thread_blocked, id=16364, stack(0x0000008eeda00000,0x0000008eedb00000) (1024K)]
  0x000001e3f9a7a2d0 JavaThread "Service Thread"             daemon [_thread_blocked, id=24988, stack(0x0000008eedb00000,0x0000008eedc00000) (1024K)]
  0x000001e3f9a7d900 JavaThread "Monitor Deflation Thread"   daemon [_thread_blocked, id=9324, stack(0x0000008eedc00000,0x0000008eedd00000) (1024K)]
  0x000001e3f9aa08b0 JavaThread "C2 CompilerThread0"         daemon [_thread_in_native, id=35344, stack(0x0000008eedd00000,0x0000008eede00000) (1024K)]
  0x000001e3f9a7ed80 JavaThread "C1 CompilerThread0"         daemon [_thread_blocked, id=35836, stack(0x0000008eede00000,0x0000008eedf00000) (1024K)]
  0x000001e3f9d41a10 JavaThread "Notification Thread"        daemon [_thread_blocked, id=28620, stack(0x0000008eedf00000,0x0000008eee000000) (1024K)]
  0x000001e3f9d59ab0 JavaThread "Common-Cleaner"             daemon [_thread_blocked, id=23148, stack(0x0000008eee000000,0x0000008eee100000) (1024K)]
  0x000001e3fea020e0 JavaThread "Thread-1"                   daemon [_thread_blocked, id=11380, stack(0x0000008eeea00000,0x0000008eeeb00000) (1024K)]
  0x000001e3d095d5b0 JavaThread "ForkJoinPool.commonPool-worker-1" daemon [_thread_blocked, id=26064, stack(0x0000008eeeb00000,0x0000008eeec00000) (1024K)]
  0x000001e3d095dc10 JavaThread "ForkJoinPool.commonPool-worker-2" daemon [_thread_blocked, id=27748, stack(0x0000008eeec00000,0x0000008eeed00000) (1024K)]
  0x000001e3ff2e3950 JavaThread "ForkJoinPool.commonPool-worker-3" daemon [_thread_blocked, id=21168, stack(0x0000008eeed00000,0x0000008eeee00000) (1024K)]
  0x000001e3ff2e3fb0 JavaThread "ForkJoinPool.commonPool-worker-4" daemon [_thread_blocked, id=30936, stack(0x0000008eeee00000,0x0000008eeef00000) (1024K)]
  0x000001e3ff2e4610 JavaThread "ForkJoinPool.commonPool-worker-5" daemon [_thread_blocked, id=17056, stack(0x0000008eeef00000,0x0000008eef000000) (1024K)]
  0x000001e3d0973020 JavaThread "ForkJoinPool.commonPool-worker-6" daemon [_thread_blocked, id=12916, stack(0x0000008eef000000,0x0000008eef100000) (1024K)]
  0x000001e3fe5423e0 JavaThread "ForkJoinPool.commonPool-worker-7" daemon [_thread_blocked, id=37496, stack(0x0000008eef100000,0x0000008eef200000) (1024K)]
  0x000001e3ff03eb00 JavaThread "ForkJoinPool.commonPool-worker-8" daemon [_thread_blocked, id=39840, stack(0x0000008eef200000,0x0000008eef300000) (1024K)]
  0x000001e3ff0418f0 JavaThread "ForkJoinPool.commonPool-worker-9" daemon [_thread_blocked, id=19284, stack(0x0000008eef300000,0x0000008eef400000) (1024K)]
  0x000001e3ff041f80 JavaThread "ForkJoinPool.commonPool-worker-10" daemon [_thread_blocked, id=38692, stack(0x0000008eef400000,0x0000008eef500000) (1024K)]
  0x000001e3ff040540 JavaThread "ForkJoinPool.commonPool-worker-11" daemon [_thread_blocked, id=39320, stack(0x0000008eef500000,0x0000008eef600000) (1024K)]
=>0x000001e3d07eef30 JavaThread "C2 CompilerThread1"         daemon [_thread_in_native, id=9944, stack(0x0000008eef800000,0x0000008eef900000) (1024K)]
Total: 24

Other Threads:
  0x000001e3f9a54150 VMThread "VM Thread"                           [id=24912, stack(0x0000008eed600000,0x0000008eed700000) (1024K)]
  0x000001e3f9a41890 WatcherThread "VM Periodic Task Thread"        [id=22076, stack(0x0000008eed500000,0x0000008eed600000) (1024K)]
  0x000001e3ea06b6f0 WorkerThread "GC Thread#0"                     [id=30452, stack(0x0000008eed000000,0x0000008eed100000) (1024K)]
  0x000001e3fe74d740 WorkerThread "GC Thread#1"                     [id=4888, stack(0x0000008eee100000,0x0000008eee200000) (1024K)]
  0x000001e3fe7e6370 WorkerThread "GC Thread#2"                     [id=23004, stack(0x0000008eee200000,0x0000008eee300000) (1024K)]
  0x000001e3fe7e9010 WorkerThread "GC Thread#3"                     [id=37980, stack(0x0000008eee300000,0x0000008eee400000) (1024K)]
  0x000001e3fe712ad0 WorkerThread "GC Thread#4"                     [id=39796, stack(0x0000008eee400000,0x0000008eee500000) (1024K)]
  0x000001e3fe712e70 WorkerThread "GC Thread#5"                     [id=5888, stack(0x0000008eee500000,0x0000008eee600000) (1024K)]
  0x000001e3fe715220 WorkerThread "GC Thread#6"                     [id=25164, stack(0x0000008eee600000,0x0000008eee700000) (1024K)]
  0x000001e3fe7155c0 WorkerThread "GC Thread#7"                     [id=37344, stack(0x0000008eee700000,0x0000008eee800000) (1024K)]
  0x000001e3feaf92a0 WorkerThread "GC Thread#8"                     [id=27544, stack(0x0000008eee800000,0x0000008eee900000) (1024K)]
  0x000001e3feaf9ac0 WorkerThread "GC Thread#9"                     [id=22916, stack(0x0000008eee900000,0x0000008eeea00000) (1024K)]
  0x000001e3ea07d320 ConcurrentGCThread "G1 Main Marker"            [id=38880, stack(0x0000008eed100000,0x0000008eed200000) (1024K)]
  0x000001e3ea07de20 WorkerThread "G1 Conc#0"                       [id=37292, stack(0x0000008eed200000,0x0000008eed300000) (1024K)]
  0x000001e3fe614290 WorkerThread "G1 Conc#1"                       [id=34988, stack(0x0000008eef600000,0x0000008eef700000) (1024K)]
  0x000001e3fe613b50 WorkerThread "G1 Conc#2"                       [id=38032, stack(0x0000008eef700000,0x0000008eef800000) (1024K)]
  0x000001e3f990a130 ConcurrentGCThread "G1 Refine#0"               [id=30592, stack(0x0000008eed300000,0x0000008eed400000) (1024K)]
  0x000001e3f990c960 ConcurrentGCThread "G1 Service"                [id=34512, stack(0x0000008eed400000,0x0000008eed500000) (1024K)]
Total: 18

Threads with active compile tasks:
C2 CompilerThread0    25653 7536   !   4       java.nio.file.FileTreeWalker::visit (204 bytes)
C2 CompilerThread1    25653 7539   !   4       java.nio.file.FileTreeWalker::next (144 bytes)
Total: 2

VM state: not at safepoint (normal execution)

VM Mutex/Monitor currently owned by a thread: None

Heap address: 0x0000000085200000, size: 1966 MB, Compressed Oops mode: 32-bit

CDS archive(s) mapped at: [0x000001e38f000000-0x000001e38fc90000-0x000001e38fc90000), size 13172736, SharedBaseAddress: 0x000001e38f000000, ArchiveRelocationMode: 1.
Compressed class space mapped at: 0x000001e390000000-0x000001e3d0000000, reserved size: 1073741824
Narrow klass base: 0x000001e38f000000, Narrow klass shift: 0, Narrow klass range: 0x100000000

GC Precious Log:
 CardTable entry size: 512
 Card Set container configuration: InlinePtr #cards 5 size 8 Array Of Cards #cards 12 size 40 Howl #buckets 4 coarsen threshold 1843 Howl Bitmap #cards 512 size 80 coarsen threshold 460 Card regions per heap region 1 cards per card region 2048
 CPUs: 12 total, 12 available
 Memory: 7863M
 Large Page Support: Disabled
 NUMA Support: Disabled
 Compressed Oops: Enabled (32-bit)
 Heap Region Size: 1M
 Heap Min Capacity: 8M
 Heap Initial Capacity: 124M
 Heap Max Capacity: 1966M
 Pre-touch: Disabled
 Parallel Workers: 10
 Concurrent Workers: 3
 Concurrent Refinement Workers: 10
 Periodic GC: Disabled

Heap:
 garbage-first heap   total 195584K, used 80874K [0x0000000085200000, 0x0000000100000000)
  region size 1024K, 11 young (11264K), 9 survivors (9216K)
 Metaspace       used 29754K, committed 30144K, reserved 1114112K
  class space    used 3285K, committed 3456K, reserved 1048576K

Heap Regions: E=young(eden), S=young(survivor), O=old, HS=humongous(starts), HC=humongous(continues), CS=collection set, F=free, TAMS=top-at-mark-start, PB=parsable bottom
|   0|0x0000000085200000, 0x0000000085300000, 0x0000000085300000|100%| O|  |TAMS 0x0000000085200000| PB 0x0000000085200000| Untracked 
|   1|0x0000000085300000, 0x0000000085400000, 0x0000000085400000|100%| O|  |TAMS 0x0000000085300000| PB 0x0000000085300000| Untracked 
|   2|0x0000000085400000, 0x0000000085500000, 0x0000000085500000|100%| O|  |TAMS 0x0000000085400000| PB 0x0000000085400000| Untracked 
|   3|0x0000000085500000, 0x0000000085600000, 0x0000000085600000|100%| O|  |TAMS 0x0000000085500000| PB 0x0000000085500000| Untracked 
|   4|0x0000000085600000, 0x0000000085700000, 0x0000000085700000|100%| O|  |TAMS 0x0000000085600000| PB 0x0000000085600000| Untracked 
|   5|0x0000000085700000, 0x0000000085800000, 0x0000000085800000|100%| O|  |TAMS 0x0000000085700000| PB 0x0000000085700000| Untracked 
|   6|0x0000000085800000, 0x0000000085900000, 0x0000000085900000|100%| O|  |TAMS 0x0000000085800000| PB 0x0000000085800000| Untracked 
|   7|0x0000000085900000, 0x0000000085a00000, 0x0000000085a00000|100%| O|  |TAMS 0x0000000085900000| PB 0x0000000085900000| Untracked 
|   8|0x0000000085a00000, 0x0000000085b00000, 0x0000000085b00000|100%| O|  |TAMS 0x0000000085a00000| PB 0x0000000085a00000| Untracked 
|   9|0x0000000085b00000, 0x0000000085c00000, 0x0000000085c00000|100%| O|  |TAMS 0x0000000085b00000| PB 0x0000000085b00000| Untracked 
|  10|0x0000000085c00000, 0x0000000085d00000, 0x0000000085d00000|100%| O|  |TAMS 0x0000000085c00000| PB 0x0000000085c00000| Untracked 
|  11|0x0000000085d00000, 0x0000000085e00000, 0x0000000085e00000|100%| O|  |TAMS 0x0000000085d00000| PB 0x0000000085d00000| Untracked 
|  12|0x0000000085e00000, 0x0000000085f00000, 0x0000000085f00000|100%| O|  |TAMS 0x0000000085e00000| PB 0x0000000085e00000| Untracked 
|  13|0x0000000085f00000, 0x0000000086000000, 0x0000000086000000|100%| O|  |TAMS 0x0000000085f00000| PB 0x0000000085f00000| Untracked 
|  14|0x0000000086000000, 0x0000000086100000, 0x0000000086100000|100%| O|  |TAMS 0x0000000086000000| PB 0x0000000086000000| Untracked 
|  15|0x0000000086100000, 0x0000000086200000, 0x0000000086200000|100%| O|  |TAMS 0x0000000086100000| PB 0x0000000086100000| Untracked 
|  16|0x0000000086200000, 0x0000000086300000, 0x0000000086300000|100%| O|  |TAMS 0x0000000086200000| PB 0x0000000086200000| Untracked 
|  17|0x0000000086300000, 0x0000000086400000, 0x0000000086400000|100%| O|  |TAMS 0x0000000086300000| PB 0x0000000086300000| Untracked 
|  18|0x0000000086400000, 0x0000000086500000, 0x0000000086500000|100%| O|  |TAMS 0x0000000086400000| PB 0x0000000086400000| Untracked 
|  19|0x0000000086500000, 0x0000000086600000, 0x0000000086600000|100%| O|  |TAMS 0x0000000086500000| PB 0x0000000086500000| Untracked 
|  20|0x0000000086600000, 0x0000000086700000, 0x0000000086700000|100%| O|  |TAMS 0x0000000086600000| PB 0x0000000086600000| Untracked 
|  21|0x0000000086700000, 0x0000000086800000, 0x0000000086800000|100%| O|  |TAMS 0x0000000086700000| PB 0x0000000086700000| Untracked 
|  22|0x0000000086800000, 0x0000000086900000, 0x0000000086900000|100%|HS|  |TAMS 0x0000000086800000| PB 0x0000000086800000| Complete 
|  23|0x0000000086900000, 0x0000000086a00000, 0x0000000086a00000|100%|HS|  |TAMS 0x0000000086900000| PB 0x0000000086900000| Complete 
|  24|0x0000000086a00000, 0x0000000086b00000, 0x0000000086b00000|100%|HC|  |TAMS 0x0000000086a00000| PB 0x0000000086a00000| Complete 
|  25|0x0000000086b00000, 0x0000000086c00000, 0x0000000086c00000|100%| O|  |TAMS 0x0000000086b00000| PB 0x0000000086b00000| Untracked 
|  26|0x0000000086c00000, 0x0000000086d00000, 0x0000000086d00000|100%| O|  |TAMS 0x0000000086c00000| PB 0x0000000086c00000| Untracked 
|  27|0x0000000086d00000, 0x0000000086e00000, 0x0000000086e00000|100%| O|  |TAMS 0x0000000086d00000| PB 0x0000000086d00000| Untracked 
|  28|0x0000000086e00000, 0x0000000086f00000, 0x0000000086f00000|100%| O|  |TAMS 0x0000000086e00000| PB 0x0000000086e00000| Untracked 
|  29|0x0000000086f00000, 0x0000000087000000, 0x0000000087000000|100%| O|  |TAMS 0x0000000086f00000| PB 0x0000000086f00000| Untracked 
|  30|0x0000000087000000, 0x0000000087000000, 0x0000000087100000|  0%| F|  |TAMS 0x0000000087000000| PB 0x0000000087000000| Untracked 
|  31|0x0000000087100000, 0x0000000087100000, 0x0000000087200000|  0%| F|  |TAMS 0x0000000087100000| PB 0x0000000087100000| Untracked 
|  32|0x0000000087200000, 0x0000000087200000, 0x0000000087300000|  0%| F|  |TAMS 0x0000000087200000| PB 0x0000000087200000| Untracked 
|  33|0x0000000087300000, 0x0000000087300000, 0x0000000087400000|  0%| F|  |TAMS 0x0000000087300000| PB 0x0000000087300000| Untracked 
|  34|0x0000000087400000, 0x0000000087500000, 0x0000000087500000|100%|HS|  |TAMS 0x0000000087400000| PB 0x0000000087400000| Complete 
|  35|0x0000000087500000, 0x0000000087600000, 0x0000000087600000|100%|HC|  |TAMS 0x0000000087500000| PB 0x0000000087500000| Complete 
|  36|0x0000000087600000, 0x0000000087700000, 0x0000000087700000|100%|HC|  |TAMS 0x0000000087600000| PB 0x0000000087600000| Complete 
|  37|0x0000000087700000, 0x0000000087800000, 0x0000000087800000|100%|HS|  |TAMS 0x0000000087700000| PB 0x0000000087700000| Complete 
|  38|0x0000000087800000, 0x0000000087900000, 0x0000000087900000|100%|HC|  |TAMS 0x0000000087800000| PB 0x0000000087800000| Complete 
|  39|0x0000000087900000, 0x0000000087a00000, 0x0000000087a00000|100%|HC|  |TAMS 0x0000000087900000| PB 0x0000000087900000| Complete 
|  40|0x0000000087a00000, 0x0000000087b00000, 0x0000000087b00000|100%|HS|  |TAMS 0x0000000087a00000| PB 0x0000000087a00000| Complete 
|  41|0x0000000087b00000, 0x0000000087c00000, 0x0000000087c00000|100%|HC|  |TAMS 0x0000000087b00000| PB 0x0000000087b00000| Complete 
|  42|0x0000000087c00000, 0x0000000087d00000, 0x0000000087d00000|100%|HS|  |TAMS 0x0000000087c00000| PB 0x0000000087c00000| Complete 
|  43|0x0000000087d00000, 0x0000000087e00000, 0x0000000087e00000|100%|HS|  |TAMS 0x0000000087d00000| PB 0x0000000087d00000| Complete 
|  44|0x0000000087e00000, 0x0000000087f00000, 0x0000000087f00000|100%|HC|  |TAMS 0x0000000087e00000| PB 0x0000000087e00000| Complete 
|  45|0x0000000087f00000, 0x0000000088000000, 0x0000000088000000|100%| O|  |TAMS 0x0000000087f00000| PB 0x0000000087f00000| Untracked 
|  46|0x0000000088000000, 0x0000000088100000, 0x0000000088100000|100%| S|CS|TAMS 0x0000000088000000| PB 0x0000000088000000| Complete 
|  47|0x0000000088100000, 0x0000000088200000, 0x0000000088200000|100%| S|CS|TAMS 0x0000000088100000| PB 0x0000000088100000| Complete 
|  48|0x0000000088200000, 0x0000000088300000, 0x0000000088300000|100%| S|CS|TAMS 0x0000000088200000| PB 0x0000000088200000| Complete 
|  49|0x0000000088300000, 0x0000000088400000, 0x0000000088400000|100%| S|CS|TAMS 0x0000000088300000| PB 0x0000000088300000| Complete 
|  50|0x0000000088400000, 0x0000000088400000, 0x0000000088500000|  0%| F|  |TAMS 0x0000000088400000| PB 0x0000000088400000| Untracked 
|  51|0x0000000088500000, 0x0000000088500000, 0x0000000088600000|  0%| F|  |TAMS 0x0000000088500000| PB 0x0000000088500000| Untracked 
|  52|0x0000000088600000, 0x0000000088600000, 0x0000000088700000|  0%| F|  |TAMS 0x0000000088600000| PB 0x0000000088600000| Untracked 
|  53|0x0000000088700000, 0x0000000088700000, 0x0000000088800000|  0%| F|  |TAMS 0x0000000088700000| PB 0x0000000088700000| Untracked 
|  54|0x0000000088800000, 0x0000000088800000, 0x0000000088900000|  0%| F|  |TAMS 0x0000000088800000| PB 0x0000000088800000| Untracked 
|  55|0x0000000088900000, 0x0000000088900000, 0x0000000088a00000|  0%| F|  |TAMS 0x0000000088900000| PB 0x0000000088900000| Untracked 
|  56|0x0000000088a00000, 0x0000000088a00000, 0x0000000088b00000|  0%| F|  |TAMS 0x0000000088a00000| PB 0x0000000088a00000| Untracked 
|  57|0x0000000088b00000, 0x0000000088b00000, 0x0000000088c00000|  0%| F|  |TAMS 0x0000000088b00000| PB 0x0000000088b00000| Untracked 
|  58|0x0000000088c00000, 0x0000000088c00000, 0x0000000088d00000|  0%| F|  |TAMS 0x0000000088c00000| PB 0x0000000088c00000| Untracked 
|  59|0x0000000088d00000, 0x0000000088d00000, 0x0000000088e00000|  0%| F|  |TAMS 0x0000000088d00000| PB 0x0000000088d00000| Untracked 
|  60|0x0000000088e00000, 0x0000000088e00000, 0x0000000088f00000|  0%| F|  |TAMS 0x0000000088e00000| PB 0x0000000088e00000| Untracked 
|  61|0x0000000088f00000, 0x0000000088f00000, 0x0000000089000000|  0%| F|  |TAMS 0x0000000088f00000| PB 0x0000000088f00000| Untracked 
|  62|0x0000000089000000, 0x0000000089000000, 0x0000000089100000|  0%| F|  |TAMS 0x0000000089000000| PB 0x0000000089000000| Untracked 
|  63|0x0000000089100000, 0x0000000089100000, 0x0000000089200000|  0%| F|  |TAMS 0x0000000089100000| PB 0x0000000089100000| Untracked 
|  64|0x0000000089200000, 0x0000000089200000, 0x0000000089300000|  0%| F|  |TAMS 0x0000000089200000| PB 0x0000000089200000| Untracked 
|  65|0x0000000089300000, 0x0000000089300000, 0x0000000089400000|  0%| F|  |TAMS 0x0000000089300000| PB 0x0000000089300000| Untracked 
|  66|0x0000000089400000, 0x0000000089400000, 0x0000000089500000|  0%| F|  |TAMS 0x0000000089400000| PB 0x0000000089400000| Untracked 
|  67|0x0000000089500000, 0x0000000089500000, 0x0000000089600000|  0%| F|  |TAMS 0x0000000089500000| PB 0x0000000089500000| Untracked 
|  68|0x0000000089600000, 0x0000000089600000, 0x0000000089700000|  0%| F|  |TAMS 0x0000000089600000| PB 0x0000000089600000| Untracked 
|  69|0x0000000089700000, 0x0000000089700000, 0x0000000089800000|  0%| F|  |TAMS 0x0000000089700000| PB 0x0000000089700000| Untracked 
|  70|0x0000000089800000, 0x0000000089800000, 0x0000000089900000|  0%| F|  |TAMS 0x0000000089800000| PB 0x0000000089800000| Untracked 
|  71|0x0000000089900000, 0x0000000089900000, 0x0000000089a00000|  0%| F|  |TAMS 0x0000000089900000| PB 0x0000000089900000| Untracked 
|  72|0x0000000089a00000, 0x0000000089a00000, 0x0000000089b00000|  0%| F|  |TAMS 0x0000000089a00000| PB 0x0000000089a00000| Untracked 
|  73|0x0000000089b00000, 0x0000000089b00000, 0x0000000089c00000|  0%| F|  |TAMS 0x0000000089b00000| PB 0x0000000089b00000| Untracked 
|  74|0x0000000089c00000, 0x0000000089c00000, 0x0000000089d00000|  0%| F|  |TAMS 0x0000000089c00000| PB 0x0000000089c00000| Untracked 
|  75|0x0000000089d00000, 0x0000000089d00000, 0x0000000089e00000|  0%| F|  |TAMS 0x0000000089d00000| PB 0x0000000089d00000| Untracked 
|  76|0x0000000089e00000, 0x0000000089e00000, 0x0000000089f00000|  0%| F|  |TAMS 0x0000000089e00000| PB 0x0000000089e00000| Untracked 
|  77|0x0000000089f00000, 0x0000000089f00000, 0x000000008a000000|  0%| F|  |TAMS 0x0000000089f00000| PB 0x0000000089f00000| Untracked 
|  78|0x000000008a000000, 0x000000008a000000, 0x000000008a100000|  0%| F|  |TAMS 0x000000008a000000| PB 0x000000008a000000| Untracked 
|  79|0x000000008a100000, 0x000000008a100000, 0x000000008a200000|  0%| F|  |TAMS 0x000000008a100000| PB 0x000000008a100000| Untracked 
|  80|0x000000008a200000, 0x000000008a200000, 0x000000008a300000|  0%| F|  |TAMS 0x000000008a200000| PB 0x000000008a200000| Untracked 
|  81|0x000000008a300000, 0x000000008a300000, 0x000000008a400000|  0%| F|  |TAMS 0x000000008a300000| PB 0x000000008a300000| Untracked 
|  82|0x000000008a400000, 0x000000008a400000, 0x000000008a500000|  0%| F|  |TAMS 0x000000008a400000| PB 0x000000008a400000| Untracked 
|  83|0x000000008a500000, 0x000000008a500000, 0x000000008a600000|  0%| F|  |TAMS 0x000000008a500000| PB 0x000000008a500000| Untracked 
|  84|0x000000008a600000, 0x000000008a600000, 0x000000008a700000|  0%| F|  |TAMS 0x000000008a600000| PB 0x000000008a600000| Untracked 
|  85|0x000000008a700000, 0x000000008a700000, 0x000000008a800000|  0%| F|  |TAMS 0x000000008a700000| PB 0x000000008a700000| Untracked 
|  86|0x000000008a800000, 0x000000008a800000, 0x000000008a900000|  0%| F|  |TAMS 0x000000008a800000| PB 0x000000008a800000| Untracked 
|  87|0x000000008a900000, 0x000000008a900000, 0x000000008aa00000|  0%| F|  |TAMS 0x000000008a900000| PB 0x000000008a900000| Untracked 
|  88|0x000000008aa00000, 0x000000008aa00000, 0x000000008ab00000|  0%| F|  |TAMS 0x000000008aa00000| PB 0x000000008aa00000| Untracked 
|  89|0x000000008ab00000, 0x000000008ab00000, 0x000000008ac00000|  0%| F|  |TAMS 0x000000008ab00000| PB 0x000000008ab00000| Untracked 
|  90|0x000000008ac00000, 0x000000008ac00000, 0x000000008ad00000|  0%| F|  |TAMS 0x000000008ac00000| PB 0x000000008ac00000| Untracked 
|  91|0x000000008ad00000, 0x000000008ad00000, 0x000000008ae00000|  0%| F|  |TAMS 0x000000008ad00000| PB 0x000000008ad00000| Untracked 
|  92|0x000000008ae00000, 0x000000008ae00000, 0x000000008af00000|  0%| F|  |TAMS 0x000000008ae00000| PB 0x000000008ae00000| Untracked 
|  93|0x000000008af00000, 0x000000008af00000, 0x000000008b000000|  0%| F|  |TAMS 0x000000008af00000| PB 0x000000008af00000| Untracked 
|  94|0x000000008b000000, 0x000000008b000000, 0x000000008b100000|  0%| F|  |TAMS 0x000000008b000000| PB 0x000000008b000000| Untracked 
|  95|0x000000008b100000, 0x000000008b100000, 0x000000008b200000|  0%| F|  |TAMS 0x000000008b100000| PB 0x000000008b100000| Untracked 
|  96|0x000000008b200000, 0x000000008b200000, 0x000000008b300000|  0%| F|  |TAMS 0x000000008b200000| PB 0x000000008b200000| Untracked 
|  97|0x000000008b300000, 0x000000008b300000, 0x000000008b400000|  0%| F|  |TAMS 0x000000008b300000| PB 0x000000008b300000| Untracked 
|  98|0x000000008b400000, 0x000000008b400000, 0x000000008b500000|  0%| F|  |TAMS 0x000000008b400000| PB 0x000000008b400000| Untracked 
|  99|0x000000008b500000, 0x000000008b500000, 0x000000008b600000|  0%| F|  |TAMS 0x000000008b500000| PB 0x000000008b500000| Untracked 
| 100|0x000000008b600000, 0x000000008b600000, 0x000000008b700000|  0%| F|  |TAMS 0x000000008b600000| PB 0x000000008b600000| Untracked 
| 101|0x000000008b700000, 0x000000008b700000, 0x000000008b800000|  0%| F|  |TAMS 0x000000008b700000| PB 0x000000008b700000| Untracked 
| 102|0x000000008b800000, 0x000000008b800000, 0x000000008b900000|  0%| F|  |TAMS 0x000000008b800000| PB 0x000000008b800000| Untracked 
| 103|0x000000008b900000, 0x000000008b900000, 0x000000008ba00000|  0%| F|  |TAMS 0x000000008b900000| PB 0x000000008b900000| Untracked 
| 104|0x000000008ba00000, 0x000000008ba00000, 0x000000008bb00000|  0%| F|  |TAMS 0x000000008ba00000| PB 0x000000008ba00000| Untracked 
| 105|0x000000008bb00000, 0x000000008bb00000, 0x000000008bc00000|  0%| F|  |TAMS 0x000000008bb00000| PB 0x000000008bb00000| Untracked 
| 106|0x000000008bc00000, 0x000000008bc00000, 0x000000008bd00000|  0%| F|  |TAMS 0x000000008bc00000| PB 0x000000008bc00000| Untracked 
| 107|0x000000008bd00000, 0x000000008bd00000, 0x000000008be00000|  0%| F|  |TAMS 0x000000008bd00000| PB 0x000000008bd00000| Untracked 
| 108|0x000000008be00000, 0x000000008be00000, 0x000000008bf00000|  0%| F|  |TAMS 0x000000008be00000| PB 0x000000008be00000| Untracked 
| 109|0x000000008bf00000, 0x000000008bf00000, 0x000000008c000000|  0%| F|  |TAMS 0x000000008bf00000| PB 0x000000008bf00000| Untracked 
| 110|0x000000008c000000, 0x000000008c000000, 0x000000008c100000|  0%| F|  |TAMS 0x000000008c000000| PB 0x000000008c000000| Untracked 
| 111|0x000000008c100000, 0x000000008c100000, 0x000000008c200000|  0%| F|  |TAMS 0x000000008c100000| PB 0x000000008c100000| Untracked 
| 112|0x000000008c200000, 0x000000008c200000, 0x000000008c300000|  0%| F|  |TAMS 0x000000008c200000| PB 0x000000008c200000| Untracked 
| 113|0x000000008c300000, 0x000000008c300000, 0x000000008c400000|  0%| F|  |TAMS 0x000000008c300000| PB 0x000000008c300000| Untracked 
| 114|0x000000008c400000, 0x000000008c400000, 0x000000008c500000|  0%| F|  |TAMS 0x000000008c400000| PB 0x000000008c400000| Untracked 
| 115|0x000000008c500000, 0x000000008c600000, 0x000000008c600000|100%| S|CS|TAMS 0x000000008c500000| PB 0x000000008c500000| Complete 
| 116|0x000000008c600000, 0x000000008c700000, 0x000000008c700000|100%| S|CS|TAMS 0x000000008c600000| PB 0x000000008c600000| Complete 
| 117|0x000000008c700000, 0x000000008c800000, 0x000000008c800000|100%| S|CS|TAMS 0x000000008c700000| PB 0x000000008c700000| Complete 
| 118|0x000000008c800000, 0x000000008c900000, 0x000000008c900000|100%| S|CS|TAMS 0x000000008c800000| PB 0x000000008c800000| Complete 
| 119|0x000000008c900000, 0x000000008ca00000, 0x000000008ca00000|100%| S|CS|TAMS 0x000000008c900000| PB 0x000000008c900000| Complete 
| 120|0x000000008ca00000, 0x000000008ca00000, 0x000000008cb00000|  0%| F|  |TAMS 0x000000008ca00000| PB 0x000000008ca00000| Untracked 
| 121|0x000000008cb00000, 0x000000008cb00000, 0x000000008cc00000|  0%| F|  |TAMS 0x000000008cb00000| PB 0x000000008cb00000| Untracked 
| 122|0x000000008cc00000, 0x000000008cc00000, 0x000000008cd00000|  0%| F|  |TAMS 0x000000008cc00000| PB 0x000000008cc00000| Untracked 
| 123|0x000000008cd00000, 0x000000008cd00000, 0x000000008ce00000|  0%| F|  |TAMS 0x000000008cd00000| PB 0x000000008cd00000| Untracked 
| 124|0x000000008ce00000, 0x000000008ce00000, 0x000000008cf00000|  0%| F|  |TAMS 0x000000008ce00000| PB 0x000000008ce00000| Untracked 
| 125|0x000000008cf00000, 0x000000008cf00000, 0x000000008d000000|  0%| F|  |TAMS 0x000000008cf00000| PB 0x000000008cf00000| Untracked 
| 126|0x000000008d000000, 0x000000008d000000, 0x000000008d100000|  0%| F|  |TAMS 0x000000008d000000| PB 0x000000008d000000| Untracked 
| 127|0x000000008d100000, 0x000000008d100000, 0x000000008d200000|  0%| F|  |TAMS 0x000000008d100000| PB 0x000000008d100000| Untracked 
| 128|0x000000008d200000, 0x000000008d200000, 0x000000008d300000|  0%| F|  |TAMS 0x000000008d200000| PB 0x000000008d200000| Untracked 
| 129|0x000000008d300000, 0x000000008d300000, 0x000000008d400000|  0%| F|  |TAMS 0x000000008d300000| PB 0x000000008d300000| Untracked 
| 130|0x000000008d400000, 0x000000008d400000, 0x000000008d500000|  0%| F|  |TAMS 0x000000008d400000| PB 0x000000008d400000| Untracked 
| 131|0x000000008d500000, 0x000000008d500000, 0x000000008d600000|  0%| F|  |TAMS 0x000000008d500000| PB 0x000000008d500000| Untracked 
| 132|0x000000008d600000, 0x000000008d600000, 0x000000008d700000|  0%| F|  |TAMS 0x000000008d600000| PB 0x000000008d600000| Untracked 
| 133|0x000000008d700000, 0x000000008d700000, 0x000000008d800000|  0%| F|  |TAMS 0x000000008d700000| PB 0x000000008d700000| Untracked 
| 134|0x000000008d800000, 0x000000008d800000, 0x000000008d900000|  0%| F|  |TAMS 0x000000008d800000| PB 0x000000008d800000| Untracked 
| 135|0x000000008d900000, 0x000000008d900000, 0x000000008da00000|  0%| F|  |TAMS 0x000000008d900000| PB 0x000000008d900000| Untracked 
| 136|0x000000008da00000, 0x000000008da00000, 0x000000008db00000|  0%| F|  |TAMS 0x000000008da00000| PB 0x000000008da00000| Untracked 
| 137|0x000000008db00000, 0x000000008db00000, 0x000000008dc00000|  0%| F|  |TAMS 0x000000008db00000| PB 0x000000008db00000| Untracked 
| 138|0x000000008dc00000, 0x000000008dc00000, 0x000000008dd00000|  0%| F|  |TAMS 0x000000008dc00000| PB 0x000000008dc00000| Untracked 
| 139|0x000000008dd00000, 0x000000008dd00000, 0x000000008de00000|  0%| F|  |TAMS 0x000000008dd00000| PB 0x000000008dd00000| Untracked 
| 140|0x000000008de00000, 0x000000008de00000, 0x000000008df00000|  0%| F|  |TAMS 0x000000008de00000| PB 0x000000008de00000| Untracked 
| 141|0x000000008df00000, 0x000000008df00000, 0x000000008e000000|  0%| F|  |TAMS 0x000000008df00000| PB 0x000000008df00000| Untracked 
| 142|0x000000008e000000, 0x000000008e000000, 0x000000008e100000|  0%| F|  |TAMS 0x000000008e000000| PB 0x000000008e000000| Untracked 
| 143|0x000000008e100000, 0x000000008e100000, 0x000000008e200000|  0%| F|  |TAMS 0x000000008e100000| PB 0x000000008e100000| Untracked 
| 144|0x000000008e200000, 0x000000008e200000, 0x000000008e300000|  0%| F|  |TAMS 0x000000008e200000| PB 0x000000008e200000| Untracked 
| 145|0x000000008e300000, 0x000000008e300000, 0x000000008e400000|  0%| F|  |TAMS 0x000000008e300000| PB 0x000000008e300000| Untracked 
| 146|0x000000008e400000, 0x000000008e400000, 0x000000008e500000|  0%| F|  |TAMS 0x000000008e400000| PB 0x000000008e400000| Untracked 
| 147|0x000000008e500000, 0x000000008e500000, 0x000000008e600000|  0%| F|  |TAMS 0x000000008e500000| PB 0x000000008e500000| Untracked 
| 148|0x000000008e600000, 0x000000008e600000, 0x000000008e700000|  0%| F|  |TAMS 0x000000008e600000| PB 0x000000008e600000| Untracked 
| 149|0x000000008e700000, 0x000000008e700000, 0x000000008e800000|  0%| F|  |TAMS 0x000000008e700000| PB 0x000000008e700000| Untracked 
| 150|0x000000008e800000, 0x000000008e800000, 0x000000008e900000|  0%| F|  |TAMS 0x000000008e800000| PB 0x000000008e800000| Untracked 
| 151|0x000000008e900000, 0x000000008e900000, 0x000000008ea00000|  0%| F|  |TAMS 0x000000008e900000| PB 0x000000008e900000| Untracked 
| 152|0x000000008ea00000, 0x000000008ea00000, 0x000000008eb00000|  0%| F|  |TAMS 0x000000008ea00000| PB 0x000000008ea00000| Untracked 
| 153|0x000000008eb00000, 0x000000008eb00000, 0x000000008ec00000|  0%| F|  |TAMS 0x000000008eb00000| PB 0x000000008eb00000| Untracked 
| 154|0x000000008ec00000, 0x000000008ec00000, 0x000000008ed00000|  0%| F|  |TAMS 0x000000008ec00000| PB 0x000000008ec00000| Untracked 
| 155|0x000000008ed00000, 0x000000008ed00000, 0x000000008ee00000|  0%| F|  |TAMS 0x000000008ed00000| PB 0x000000008ed00000| Untracked 
| 156|0x000000008ee00000, 0x000000008ee00000, 0x000000008ef00000|  0%| F|  |TAMS 0x000000008ee00000| PB 0x000000008ee00000| Untracked 
| 157|0x000000008ef00000, 0x000000008ef00000, 0x000000008f000000|  0%| F|  |TAMS 0x000000008ef00000| PB 0x000000008ef00000| Untracked 
| 158|0x000000008f000000, 0x000000008f000000, 0x000000008f100000|  0%| F|  |TAMS 0x000000008f000000| PB 0x000000008f000000| Untracked 
| 159|0x000000008f100000, 0x000000008f100000, 0x000000008f200000|  0%| F|  |TAMS 0x000000008f100000| PB 0x000000008f100000| Untracked 
| 160|0x000000008f200000, 0x000000008f200000, 0x000000008f300000|  0%| F|  |TAMS 0x000000008f200000| PB 0x000000008f200000| Untracked 
| 161|0x000000008f300000, 0x000000008f300000, 0x000000008f400000|  0%| F|  |TAMS 0x000000008f300000| PB 0x000000008f300000| Untracked 
| 162|0x000000008f400000, 0x000000008f500000, 0x000000008f500000|100%| E|  |TAMS 0x000000008f400000| PB 0x000000008f400000| Complete 
| 163|0x000000008f500000, 0x000000008f600000, 0x000000008f600000|100%| E|CS|TAMS 0x000000008f500000| PB 0x000000008f500000| Complete 
|1939|0x00000000fe500000, 0x00000000fe5fa860, 0x00000000fe600000| 97%| O|  |TAMS 0x00000000fe500000| PB 0x00000000fe500000| Untracked 
|1940|0x00000000fe600000, 0x00000000fe700000, 0x00000000fe700000|100%| O|  |TAMS 0x00000000fe600000| PB 0x00000000fe600000| Untracked 
|1941|0x00000000fe700000, 0x00000000fe800000, 0x00000000fe800000|100%| O|  |TAMS 0x00000000fe700000| PB 0x00000000fe700000| Untracked 
|1942|0x00000000fe800000, 0x00000000fe900000, 0x00000000fe900000|100%| O|  |TAMS 0x00000000fe800000| PB 0x00000000fe800000| Untracked 
|1943|0x00000000fe900000, 0x00000000fea00000, 0x00000000fea00000|100%| O|  |TAMS 0x00000000fe900000| PB 0x00000000fe900000| Untracked 
|1944|0x00000000fea00000, 0x00000000feb00000, 0x00000000feb00000|100%| O|  |TAMS 0x00000000fea00000| PB 0x00000000fea00000| Untracked 
|1945|0x00000000feb00000, 0x00000000fec00000, 0x00000000fec00000|100%| O|  |TAMS 0x00000000feb00000| PB 0x00000000feb00000| Untracked 
|1946|0x00000000fec00000, 0x00000000fed00000, 0x00000000fed00000|100%| O|  |TAMS 0x00000000fec00000| PB 0x00000000fec00000| Untracked 
|1947|0x00000000fed00000, 0x00000000fee00000, 0x00000000fee00000|100%| O|  |TAMS 0x00000000fed00000| PB 0x00000000fed00000| Untracked 
|1948|0x00000000fee00000, 0x00000000fef00000, 0x00000000fef00000|100%| O|  |TAMS 0x00000000fee00000| PB 0x00000000fee00000| Untracked 
|1949|0x00000000fef00000, 0x00000000ff000000, 0x00000000ff000000|100%| O|  |TAMS 0x00000000fef00000| PB 0x00000000fef00000| Untracked 
|1950|0x00000000ff000000, 0x00000000ff100000, 0x00000000ff100000|100%| O|  |TAMS 0x00000000ff000000| PB 0x00000000ff000000| Untracked 
|1951|0x00000000ff100000, 0x00000000ff200000, 0x00000000ff200000|100%| O|  |TAMS 0x00000000ff100000| PB 0x00000000ff100000| Untracked 
|1952|0x00000000ff200000, 0x00000000ff300000, 0x00000000ff300000|100%| O|  |TAMS 0x00000000ff200000| PB 0x00000000ff200000| Untracked 
|1953|0x00000000ff300000, 0x00000000ff400000, 0x00000000ff400000|100%| O|  |TAMS 0x00000000ff300000| PB 0x00000000ff300000| Untracked 
|1954|0x00000000ff400000, 0x00000000ff500000, 0x00000000ff500000|100%| O|  |TAMS 0x00000000ff400000| PB 0x00000000ff400000| Untracked 
|1955|0x00000000ff500000, 0x00000000ff600000, 0x00000000ff600000|100%| O|  |TAMS 0x00000000ff500000| PB 0x00000000ff500000| Untracked 
|1956|0x00000000ff600000, 0x00000000ff700000, 0x00000000ff700000|100%| O|  |TAMS 0x00000000ff600000| PB 0x00000000ff600000| Untracked 
|1957|0x00000000ff700000, 0x00000000ff800000, 0x00000000ff800000|100%| O|  |TAMS 0x00000000ff700000| PB 0x00000000ff700000| Untracked 
|1958|0x00000000ff800000, 0x00000000ff900000, 0x00000000ff900000|100%| O|  |TAMS 0x00000000ff800000| PB 0x00000000ff800000| Untracked 
|1959|0x00000000ff900000, 0x00000000ffa00000, 0x00000000ffa00000|100%| O|  |TAMS 0x00000000ff900000| PB 0x00000000ff900000| Untracked 
|1960|0x00000000ffa00000, 0x00000000ffb00000, 0x00000000ffb00000|100%| O|  |TAMS 0x00000000ffa00000| PB 0x00000000ffa00000| Untracked 
|1961|0x00000000ffb00000, 0x00000000ffc00000, 0x00000000ffc00000|100%| O|  |TAMS 0x00000000ffb00000| PB 0x00000000ffb00000| Untracked 
|1962|0x00000000ffc00000, 0x00000000ffd00000, 0x00000000ffd00000|100%| O|  |TAMS 0x00000000ffc00000| PB 0x00000000ffc00000| Untracked 
|1963|0x00000000ffd00000, 0x00000000ffe00000, 0x00000000ffe00000|100%| O|  |TAMS 0x00000000ffd00000| PB 0x00000000ffd00000| Untracked 
|1964|0x00000000ffe00000, 0x00000000fff00000, 0x00000000fff00000|100%| O|  |TAMS 0x00000000ffe00000| PB 0x00000000ffe00000| Untracked 
|1965|0x00000000fff00000, 0x0000000100000000, 0x0000000100000000|100%| O|  |TAMS 0x00000000fff00000| PB 0x00000000fff00000| Untracked 

Card table byte_map: [0x000001e3f4b00000,0x000001e3f4ee0000] _byte_map_base: 0x000001e3f46d7000

Marking Bits: (CMBitMap*) 0x000001e3ea06c600
 Bits: [0x000001e3f4ee0000, 0x000001e3f6d98000)

Polling page: 0x000001e3ea0e0000

Metaspace:

Usage:
  Non-class:     25.85 MB used.
      Class:      3.21 MB used.
       Both:     29.06 MB used.

Virtual space:
  Non-class space:       64.00 MB reserved,      26.06 MB ( 41%) committed,  1 nodes.
      Class space:        1.00 GB reserved,       3.38 MB ( <1%) committed,  1 nodes.
             Both:        1.06 GB reserved,      29.44 MB (  3%) committed. 

Chunk freelists:
   Non-Class:  5.56 MB
       Class:  12.58 MB
        Both:  18.14 MB

MaxMetaspaceSize: unlimited
CompressedClassSpaceSize: 1.00 GB
Initial GC threshold: 21.00 MB
Current GC threshold: 35.25 MB
CDS: on
 - commit_granule_bytes: 65536.
 - commit_granule_words: 8192.
 - virtual_space_node_default_size: 8388608.
 - enlarge_chunks_in_place: 1.
 - use_allocation_guard: 0.


Internal statistics:

num_allocs_failed_limit: 3.
num_arena_births: 346.
num_arena_deaths: 0.
num_vsnodes_births: 2.
num_vsnodes_deaths: 0.
num_space_committed: 471.
num_space_uncommitted: 0.
num_chunks_returned_to_freelist: 3.
num_chunks_taken_from_freelist: 1428.
num_chunk_merges: 3.
num_chunk_splits: 990.
num_chunks_enlarged: 772.
num_inconsistent_stats: 0.

CodeHeap 'non-profiled nmethods': size=120000Kb used=4980Kb max_used=4980Kb free=115019Kb
 bounds [0x000001e387ad0000, 0x000001e387fb0000, 0x000001e38f000000]
CodeHeap 'profiled nmethods': size=120000Kb used=16323Kb max_used=16323Kb free=103676Kb
 bounds [0x000001e380000000, 0x000001e381000000, 0x000001e387530000]
CodeHeap 'non-nmethods': size=5760Kb used=1459Kb max_used=1542Kb free=4300Kb
 bounds [0x000001e387530000, 0x000001e3877a0000, 0x000001e387ad0000]
 total_blobs=8097 nmethods=7555 adapters=446
 compilation: enabled
              stopped_count=0, restarted_count=0
 full_count=0

Compilation events (20 events):
Event: 20.316 Thread 0x000001e3f9a7ed80 7568       3       jdk.nio.zipfs.ZipFileSystem::getEntry (62 bytes)
Event: 20.317 Thread 0x000001e3f9a7ed80 nmethod 7568 0x000001e380fe3910 code [0x000001e380fe3b20, 0x000001e380fe4178]
Event: 20.324 Thread 0x000001e3f9a7ed80 7569       3       jdk.nio.zipfs.ZipFileSystem$EntryInputStream::<init> (88 bytes)
Event: 20.325 Thread 0x000001e3f9a7ed80 nmethod 7569 0x000001e380fe4310 code [0x000001e380fe4520, 0x000001e380fe4ad0]
Event: 20.334 Thread 0x000001e3f9a7ed80 7570       3       jdk.nio.zipfs.ZipFileSystem$2::close (45 bytes)
Event: 20.334 Thread 0x000001e3f9a7ed80 nmethod 7570 0x000001e380fe4d90 code [0x000001e380fe4f60, 0x000001e380fe52a8]
Event: 20.335 Thread 0x000001e3d07eef30 nmethod 7534 0x000001e387fa7610 code [0x000001e387fa7a60, 0x000001e387fab4a8]
Event: 20.335 Thread 0x000001e3f9a7ed80 7571   !   3       jdk.nio.zipfs.ZipFileSystem::releaseInflater (54 bytes)
Event: 20.336 Thread 0x000001e3f9a7ed80 nmethod 7571 0x000001e380fe5410 code [0x000001e380fe5600, 0x000001e380fe5ab0]
Event: 20.336 Thread 0x000001e3d07eef30 7539   !   4       java.nio.file.FileTreeWalker::next (144 bytes)
Event: 20.386 Thread 0x000001e3f9a7ed80 7573   !   3       jdk.nio.zipfs.ZipFileSystem::newInputStream (76 bytes)
Event: 20.389 Thread 0x000001e3f9a7ed80 nmethod 7573 0x000001e380fe5d90 code [0x000001e380fe60c0, 0x000001e380fe74a0]
Event: 20.452 Thread 0x000001e3f9a7ed80 7575   !   3       java.lang.ref.ReferenceQueue::remove (61 bytes)
Event: 20.454 Thread 0x000001e3f9a7ed80 nmethod 7575 0x000001e380fe7e10 code [0x000001e380fe80a0, 0x000001e380fe8c58]
Event: 20.454 Thread 0x000001e3f9a7ed80 7576       3       java.lang.ref.ReferenceQueue::remove0 (64 bytes)
Event: 20.454 Thread 0x000001e3f9a7ed80 nmethod 7576 0x000001e380fe9010 code [0x000001e380fe9220, 0x000001e380fe96b8]
Event: 20.454 Thread 0x000001e3f9a7ed80 7577       3       java.lang.invoke.MethodHandleNatives$CallSiteContext::run (5 bytes)
Event: 20.454 Thread 0x000001e3f9a7ed80 nmethod 7577 0x000001e380fe9810 code [0x000001e380fe99c0, 0x000001e380fe9af8]
Event: 20.455 Thread 0x000001e3f9a7ed80 7578       3       sun.nio.fs.WindowsPath::equals (28 bytes)
Event: 20.456 Thread 0x000001e3f9a7ed80 nmethod 7578 0x000001e380fe9b90 code [0x000001e380fe9d60, 0x000001e380fea1c8]

GC Heap History (20 events):
Event: 4.946 GC heap before
{Heap before GC invocations=3 (full 0):
 garbage-first heap   total 126976K, used 79431K [0x0000000085200000, 0x0000000100000000)
  region size 1024K, 74 young (75776K), 8 survivors (8192K)
 Metaspace       used 15942K, committed 16256K, reserved 1114112K
  class space    used 1781K, committed 1920K, reserved 1048576K
}
Event: 4.966 GC heap after
{Heap after GC invocations=4 (full 0):
 garbage-first heap   total 126976K, used 15246K [0x0000000085200000, 0x0000000100000000)
  region size 1024K, 4 young (4096K), 4 survivors (4096K)
 Metaspace       used 15942K, committed 16256K, reserved 1114112K
  class space    used 1781K, committed 1920K, reserved 1048576K
}
Event: 7.926 GC heap before
{Heap before GC invocations=4 (full 0):
 garbage-first heap   total 126976K, used 86926K [0x0000000085200000, 0x0000000100000000)
  region size 1024K, 74 young (75776K), 4 survivors (4096K)
 Metaspace       used 18245K, committed 18496K, reserved 1114112K
  class space    used 2009K, committed 2112K, reserved 1048576K
}
Event: 7.944 GC heap after
{Heap after GC invocations=5 (full 0):
 garbage-first heap   total 126976K, used 21902K [0x0000000085200000, 0x0000000100000000)
  region size 1024K, 10 young (10240K), 10 survivors (10240K)
 Metaspace       used 18245K, committed 18496K, reserved 1114112K
  class space    used 2009K, committed 2112K, reserved 1048576K
}
Event: 9.590 GC heap before
{Heap before GC invocations=5 (full 0):
 garbage-first heap   total 126976K, used 87438K [0x0000000085200000, 0x0000000100000000)
  region size 1024K, 74 young (75776K), 10 survivors (10240K)
 Metaspace       used 18530K, committed 18880K, reserved 1114112K
  class space    used 2021K, committed 2176K, reserved 1048576K
}
Event: 9.613 GC heap after
{Heap after GC invocations=6 (full 0):
 garbage-first heap   total 126976K, used 25088K [0x0000000085200000, 0x0000000100000000)
  region size 1024K, 3 young (3072K), 3 survivors (3072K)
 Metaspace       used 18530K, committed 18880K, reserved 1114112K
  class space    used 2021K, committed 2176K, reserved 1048576K
}
Event: 10.782 GC heap before
{Heap before GC invocations=6 (full 0):
 garbage-first heap   total 126976K, used 97792K [0x0000000085200000, 0x0000000100000000)
  region size 1024K, 74 young (75776K), 3 survivors (3072K)
 Metaspace       used 18609K, committed 18944K, reserved 1114112K
  class space    used 2023K, committed 2176K, reserved 1048576K
}
Event: 10.790 GC heap after
{Heap after GC invocations=7 (full 0):
 garbage-first heap   total 152576K, used 26112K [0x0000000085200000, 0x0000000100000000)
  region size 1024K, 4 young (4096K), 4 survivors (4096K)
 Metaspace       used 18609K, committed 18944K, reserved 1114112K
  class space    used 2023K, committed 2176K, reserved 1048576K
}
Event: 14.498 GC heap before
{Heap before GC invocations=7 (full 0):
 garbage-first heap   total 152576K, used 116224K [0x0000000085200000, 0x0000000100000000)
  region size 1024K, 89 young (91136K), 4 survivors (4096K)
 Metaspace       used 21042K, committed 21376K, reserved 1114112K
  class space    used 2286K, committed 2432K, reserved 1048576K
}
Event: 14.510 GC heap after
{Heap after GC invocations=8 (full 0):
 garbage-first heap   total 152576K, used 37376K [0x0000000085200000, 0x0000000100000000)
  region size 1024K, 12 young (12288K), 12 survivors (12288K)
 Metaspace       used 21042K, committed 21376K, reserved 1114112K
  class space    used 2286K, committed 2432K, reserved 1048576K
}
Event: 14.672 GC heap before
{Heap before GC invocations=8 (full 0):
 garbage-first heap   total 152576K, used 116224K [0x0000000085200000, 0x0000000100000000)
  region size 1024K, 89 young (91136K), 12 survivors (12288K)
 Metaspace       used 21076K, committed 21440K, reserved 1114112K
  class space    used 2287K, committed 2432K, reserved 1048576K
}
Event: 14.686 GC heap after
{Heap after GC invocations=9 (full 0):
 garbage-first heap   total 152576K, used 30992K [0x0000000085200000, 0x0000000100000000)
  region size 1024K, 3 young (3072K), 3 survivors (3072K)
 Metaspace       used 21076K, committed 21440K, reserved 1114112K
  class space    used 2287K, committed 2432K, reserved 1048576K
}
Event: 14.905 GC heap before
{Heap before GC invocations=9 (full 0):
 garbage-first heap   total 152576K, used 119056K [0x0000000085200000, 0x0000000100000000)
  region size 1024K, 89 young (91136K), 3 survivors (3072K)
 Metaspace       used 21092K, committed 21440K, reserved 1114112K
  class space    used 2287K, committed 2432K, reserved 1048576K
}
Event: 14.909 GC heap after
{Heap after GC invocations=10 (full 0):
 garbage-first heap   total 152576K, used 31014K [0x0000000085200000, 0x0000000100000000)
  region size 1024K, 3 young (3072K), 3 survivors (3072K)
 Metaspace       used 21092K, committed 21440K, reserved 1114112K
  class space    used 2287K, committed 2432K, reserved 1048576K
}
Event: 15.149 GC heap before
{Heap before GC invocations=10 (full 0):
 garbage-first heap   total 152576K, used 64806K [0x0000000085200000, 0x0000000100000000)
  region size 1024K, 37 young (37888K), 3 survivors (3072K)
 Metaspace       used 21204K, committed 21504K, reserved 1114112K
  class space    used 2295K, committed 2432K, reserved 1048576K
}
Event: 15.153 GC heap after
{Heap after GC invocations=11 (full 0):
 garbage-first heap   total 152576K, used 29787K [0x0000000085200000, 0x0000000100000000)
  region size 1024K, 2 young (2048K), 2 survivors (2048K)
 Metaspace       used 21204K, committed 21504K, reserved 1114112K
  class space    used 2295K, committed 2432K, reserved 1048576K
}
Event: 17.066 GC heap before
{Heap before GC invocations=12 (full 0):
 garbage-first heap   total 106496K, used 104539K [0x0000000085200000, 0x0000000100000000)
  region size 1024K, 73 young (74752K), 2 survivors (2048K)
 Metaspace       used 21807K, committed 22144K, reserved 1114112K
  class space    used 2352K, committed 2496K, reserved 1048576K
}
Event: 17.111 GC heap after
{Heap after GC invocations=13 (full 0):
 garbage-first heap   total 130048K, used 54506K [0x0000000085200000, 0x0000000100000000)
  region size 1024K, 12 young (12288K), 12 survivors (12288K)
 Metaspace       used 21807K, committed 22144K, reserved 1114112K
  class space    used 2352K, committed 2496K, reserved 1048576K
}
Event: 20.413 GC heap before
{Heap before GC invocations=13 (full 0):
 garbage-first heap   total 130048K, used 123114K [0x0000000085200000, 0x0000000100000000)
  region size 1024K, 66 young (67584K), 12 survivors (12288K)
 Metaspace       used 29747K, committed 30144K, reserved 1114112K
  class space    used 3285K, committed 3456K, reserved 1048576K
}
Event: 20.452 GC heap after
{Heap after GC invocations=14 (full 0):
 garbage-first heap   total 195584K, used 79850K [0x0000000085200000, 0x0000000100000000)
  region size 1024K, 9 young (9216K), 9 survivors (9216K)
 Metaspace       used 29747K, committed 30144K, reserved 1114112K
  class space    used 3285K, committed 3456K, reserved 1048576K
}

Dll operation events (8 events):
Event: 0.008 Loaded shared library C:\Program Files\Java\jdk-21\bin\java.dll
Event: 0.039 Loaded shared library C:\Program Files\Java\jdk-21\bin\jsvml.dll
Event: 0.058 Loaded shared library C:\Program Files\Java\jdk-21\bin\net.dll
Event: 0.060 Loaded shared library C:\Program Files\Java\jdk-21\bin\nio.dll
Event: 0.067 Loaded shared library C:\Program Files\Java\jdk-21\bin\zip.dll
Event: 0.256 Loaded shared library C:\Program Files\Java\jdk-21\bin\jimage.dll
Event: 0.260 Loaded shared library C:\ProgramData\chocolatey\lib\maven\apache-maven-3.9.15\lib\jansi-native\Windows\x86_64\jansi.dll
Event: 0.286 Loaded shared library C:\Program Files\Java\jdk-21\bin\verify.dll

Deoptimization events (20 events):
Event: 20.121 Thread 0x000001e3e9b60be0 Uncommon trap: trap_request=0xffffffde fr.pc=0x000001e387ee62f8 relative=0x0000000000000618
Event: 20.121 Thread 0x000001e3e9b60be0 Uncommon trap: reason=class_check action=maybe_recompile pc=0x000001e387ee62f8 method=jdk.nio.zipfs.ZipFileSystem.getInode([B)Ljdk/nio/zipfs/ZipFileSystem$IndexNode; @ 9 c2
Event: 20.121 Thread 0x000001e3e9b60be0 DEOPT PACKING pc=0x000001e387ee62f8 sp=0x0000008eecffccd0
Event: 20.121 Thread 0x000001e3e9b60be0 DEOPT UNPACKING pc=0x000001e3875846a2 sp=0x0000008eecffcc80 mode 2
Event: 20.121 Thread 0x000001e3e9b60be0 Uncommon trap: trap_request=0xffffffde fr.pc=0x000001e387f042f8 relative=0x0000000000004c58
Event: 20.121 Thread 0x000001e3e9b60be0 Uncommon trap: reason=class_check action=maybe_recompile pc=0x000001e387f042f8 method=jdk.nio.zipfs.ZipFileSystem.getInode([B)Ljdk/nio/zipfs/ZipFileSystem$IndexNode; @ 9 c2
Event: 20.121 Thread 0x000001e3e9b60be0 DEOPT PACKING pc=0x000001e387f042f8 sp=0x0000008eecffcf50
Event: 20.121 Thread 0x000001e3e9b60be0 DEOPT UNPACKING pc=0x000001e3875846a2 sp=0x0000008eecffcbf0 mode 2
Event: 20.121 Thread 0x000001e3e9b60be0 Uncommon trap: trap_request=0xffffffde fr.pc=0x000001e387f30da0 relative=0x0000000000002060
Event: 20.121 Thread 0x000001e3e9b60be0 Uncommon trap: reason=class_check action=maybe_recompile pc=0x000001e387f30da0 method=jdk.nio.zipfs.ZipFileSystem.getInode([B)Ljdk/nio/zipfs/ZipFileSystem$IndexNode; @ 9 c2
Event: 20.121 Thread 0x000001e3e9b60be0 DEOPT PACKING pc=0x000001e387f30da0 sp=0x0000008eecffcd70
Event: 20.121 Thread 0x000001e3e9b60be0 DEOPT UNPACKING pc=0x000001e3875846a2 sp=0x0000008eecffcd28 mode 2
Event: 20.121 Thread 0x000001e3e9b60be0 Uncommon trap: trap_request=0xffffffde fr.pc=0x000001e387f50808 relative=0x00000000000042e8
Event: 20.121 Thread 0x000001e3e9b60be0 Uncommon trap: reason=class_check action=maybe_recompile pc=0x000001e387f50808 method=jdk.nio.zipfs.ZipFileSystem.getInode([B)Ljdk/nio/zipfs/ZipFileSystem$IndexNode; @ 9 c2
Event: 20.121 Thread 0x000001e3e9b60be0 DEOPT PACKING pc=0x000001e387f50808 sp=0x0000008eecffced0
Event: 20.121 Thread 0x000001e3e9b60be0 DEOPT UNPACKING pc=0x000001e3875846a2 sp=0x0000008eecffcc78 mode 2
Event: 20.121 Thread 0x000001e3e9b60be0 Uncommon trap: trap_request=0xffffffde fr.pc=0x000001e387ee62f8 relative=0x0000000000000618
Event: 20.121 Thread 0x000001e3e9b60be0 Uncommon trap: reason=class_check action=maybe_recompile pc=0x000001e387ee62f8 method=jdk.nio.zipfs.ZipFileSystem.getInode([B)Ljdk/nio/zipfs/ZipFileSystem$IndexNode; @ 9 c2
Event: 20.121 Thread 0x000001e3e9b60be0 DEOPT PACKING pc=0x000001e387ee62f8 sp=0x0000008eecffcca0
Event: 20.121 Thread 0x000001e3e9b60be0 DEOPT UNPACKING pc=0x000001e3875846a2 sp=0x0000008eecffcc50 mode 2

Classes loaded (20 events):
Event: 19.657 Loading class java/lang/UnsupportedClassVersionError
Event: 19.657 Loading class java/lang/UnsupportedClassVersionError done
Event: 19.659 Loading class java/util/ImmutableCollections$Access
Event: 19.659 Loading class java/util/ImmutableCollections$Access done
Event: 19.659 Loading class java/util/ImmutableCollections$Access$1
Event: 19.659 Loading class jdk/internal/access/JavaUtilCollectionAccess
Event: 19.660 Loading class jdk/internal/access/JavaUtilCollectionAccess done
Event: 19.660 Loading class java/util/ImmutableCollections$Access$1 done
Event: 19.706 Loading class java/util/BitSet
Event: 19.707 Loading class java/util/BitSet done
Event: 19.812 Loading class java/util/regex/Pattern$Bound
Event: 19.813 Loading class java/util/regex/Pattern$Bound done
Event: 19.924 Loading class java/util/RegularEnumSet$EnumSetIterator
Event: 19.924 Loading class java/util/RegularEnumSet$EnumSetIterator done
Event: 19.935 Loading class java/nio/file/SimpleFileVisitor
Event: 19.936 Loading class java/nio/file/SimpleFileVisitor done
Event: 19.936 Loading class java/nio/file/Files$3
Event: 19.937 Loading class java/nio/file/Files$3 done
Event: 19.937 Loading class java/nio/file/FileVisitResult
Event: 19.937 Loading class java/nio/file/FileVisitResult done

Classes unloaded (0 events):
No events

Classes redefined (0 events):
No events

Internal exceptions (20 events):
Event: 14.553 Thread 0x000001e3fe5423e0 Implicit null exception at 0x000001e387e5c057 to 0x000001e387e5cf3c
Event: 15.222 Thread 0x000001e3e9b60be0 Exception <a 'java/lang/NoSuchMethodError'{0x000000008e6b1068}: 'java.lang.ClassLoader java.lang.ClassLoader.getPlatformClassLoader(java.lang.Class)'> (0x000000008e6b1068) 
thrown [s\open\src\hotspot\share\interpreter\linkResolver.cpp, line 773]
Event: 15.223 Thread 0x000001e3e9b60be0 Exception <a 'java/lang/NoSuchMethodError'{0x000000008e6b6270}: 'java.lang.Object java.lang.invoke.DirectMethodHandle$Holder.invokeStatic(java.lang.Object, java.lang.Object, int)'> (0x000000008e6b6270) 
thrown [s\open\src\hotspot\share\interpreter\linkResolver.cpp, line 773]
Event: 15.223 Thread 0x000001e3e9b60be0 Exception <a 'java/lang/NoSuchMethodError'{0x000000008e6ba878}: 'void java.lang.invoke.DirectMethodHandle$Holder.invokeStatic(java.lang.Object, java.lang.Object, int, java.lang.Object)'> (0x000000008e6ba878) 
thrown [s\open\src\hotspot\share\interpreter\linkResolver.cpp, line 773]
Event: 15.224 Thread 0x000001e3e9b60be0 Exception <a 'java/lang/NoSuchMethodError'{0x000000008e6c1978}: 'void java.lang.invoke.DelegatingMethodHandle$Holder.delegate(java.lang.Object, java.lang.Object, int, java.lang.Object)'> (0x000000008e6c1978) 
thrown [s\open\src\hotspot\share\interpreter\linkResolver.cpp, line 773]
Event: 15.705 Thread 0x000001e3e9b60be0 Implicit null exception at 0x000001e387e54596 to 0x000001e387e54fb4
Event: 16.123 Thread 0x000001e3e9b60be0 Exception <a 'java/lang/NoSuchMethodError'{0x000000008a508480}: 'void java.lang.invoke.DirectMethodHandle$Holder.invokeVirtual(java.lang.Object, java.lang.Object, java.lang.Object, java.lang.Object)'> (0x000000008a508480) 
thrown [s\open\src\hotspot\share\interpreter\linkResolver.cpp, line 773]
Event: 17.197 Thread 0x000001e3e9b60be0 Exception <a 'java/lang/NoSuchMethodError'{0x000000008b3a9180}: 'void java.lang.invoke.DelegatingMethodHandle$Holder.reinvoke_L(java.lang.Object, java.lang.Object, java.lang.Object, java.lang.Object, java.lang.Object, java.lang.Object, java.lang.Object, java.lang.Object, java.lang.Object, int)'> (0x000000008b3a9180) 
thrown [s\open\src\hotspot\share\interpreter\linkResolver.cpp, line 773]
Event: 17.210 Thread 0x000001e3e9b60be0 Exception <a 'java/lang/NoSuchMethodError'{0x000000008b3f1898}: 'java.lang.Object java.lang.invoke.DirectMethodHandle$Holder.newInvokeSpecial(java.lang.Object, java.lang.Object, java.lang.Object, java.lang.Object, java.lang.Object, java.lang.Object, java.lang.Object, java.lang.Object)'> (0x000000008b3f1898) 
thrown [s\open\src\hotspot\share\interpreter\linkResolver.cpp, line 773]
Event: 17.871 Thread 0x000001e3e9b60be0 Exception <a 'sun/nio/fs/WindowsException'{0x000000008a78b3f0}> (0x000000008a78b3f0) 
thrown [s\open\src\hotspot\share\prims\jni.cpp, line 520]
Event: 17.904 Thread 0x000001e3e9b60be0 Exception <a 'java/lang/IncompatibleClassChangeError'{0x000000008a7dd8d0}: Found class java.lang.Object, but interface was expected> (0x000000008a7dd8d0) 
thrown [s\open\src\hotspot\share\interpreter\linkResolver.cpp, line 840]
Event: 18.121 Thread 0x000001e3e9b60be0 Exception <a 'java/lang/NoSuchMethodError'{0x000000008a5310b0}: 'int java.lang.invoke.DirectMethodHandle$Holder.invokeInterface(java.lang.Object, java.lang.Object)'> (0x000000008a5310b0) 
thrown [s\open\src\hotspot\share\interpreter\linkResolver.cpp, line 773]
Event: 18.748 Thread 0x000001e3e9b60be0 Exception <a 'java/lang/NoSuchMethodError'{0x0000000089e7a2d8}: 'int java.lang.invoke.DirectMethodHandle$Holder.invokeVirtual(java.lang.Object, java.lang.Object, java.lang.Object)'> (0x0000000089e7a2d8) 
thrown [s\open\src\hotspot\share\interpreter\linkResolver.cpp, line 773]
Event: 18.756 Thread 0x000001e3e9b60be0 Exception <a 'java/lang/NoSuchMethodError'{0x0000000089e87298}: 'int java.lang.invoke.DirectMethodHandle$Holder.invokeStaticInit(java.lang.Object, java.lang.Object, java.lang.Object)'> (0x0000000089e87298) 
thrown [s\open\src\hotspot\share\interpreter\linkResolver.cpp, line 773]
Event: 18.934 Thread 0x000001e3e9b60be0 Exception <a 'sun/nio/fs/WindowsException'{0x0000000089430448}> (0x0000000089430448) 
thrown [s\open\src\hotspot\share\prims\jni.cpp, line 520]
Event: 19.372 Thread 0x000001e3e9b60be0 Exception <a 'sun/nio/fs/WindowsException'{0x000000008922fd88}> (0x000000008922fd88) 
thrown [s\open\src\hotspot\share\prims\jni.cpp, line 520]
Event: 19.811 Thread 0x000001e3e9b60be0 Exception <a 'sun/nio/fs/WindowsException'{0x0000000088edd638}> (0x0000000088edd638) 
thrown [s\open\src\hotspot\share\prims\jni.cpp, line 520]
Event: 19.812 Thread 0x000001e3e9b60be0 Exception <a 'sun/nio/fs/WindowsException'{0x0000000088ede2c8}> (0x0000000088ede2c8) 
thrown [s\open\src\hotspot\share\prims\jni.cpp, line 520]
Event: 19.845 Thread 0x000001e3e9b60be0 Exception <a 'java/lang/NoSuchMethodError'{0x0000000088d6ad60}: 'java.lang.Object java.lang.invoke.DirectMethodHandle$Holder.invokeSpecial(java.lang.Object, java.lang.Object, java.lang.Object, int, int)'> (0x0000000088d6ad60) 
thrown [s\open\src\hotspot\share\interpreter\linkResolver.cpp, line 773]
Event: 19.847 Thread 0x000001e3e9b60be0 Exception <a 'java/lang/NoSuchMethodError'{0x0000000088d711a8}: 'java.lang.Object java.lang.invoke.DirectMethodHandle$Holder.invokeVirtual(java.lang.Object, java.lang.Object, int)'> (0x0000000088d711a8) 
thrown [s\open\src\hotspot\share\interpreter\linkResolver.cpp, line 773]

ZGC Phase Switch (0 events):
No events

VM Operations (20 events):
Event: 16.147 Executing VM operation: HandshakeAllThreads (Deoptimize)
Event: 16.147 Executing VM operation: HandshakeAllThreads (Deoptimize) done
Event: 17.065 Executing VM operation: G1CollectForAllocation (G1 Evacuation Pause)
Event: 17.111 Executing VM operation: G1CollectForAllocation (G1 Evacuation Pause) done
Event: 17.179 Executing VM operation: HandshakeAllThreads (Deoptimize)
Event: 17.179 Executing VM operation: HandshakeAllThreads (Deoptimize) done
Event: 17.991 Executing VM operation: HandshakeAllThreads (Deoptimize)
Event: 17.991 Executing VM operation: HandshakeAllThreads (Deoptimize) done
Event: 18.115 Executing VM operation: HandshakeAllThreads (Deoptimize)
Event: 18.115 Executing VM operation: HandshakeAllThreads (Deoptimize) done
Event: 18.115 Executing VM operation: Cleanup
Event: 18.115 Executing VM operation: Cleanup done
Event: 18.897 Executing VM operation: HandshakeAllThreads (Deoptimize)
Event: 18.897 Executing VM operation: HandshakeAllThreads (Deoptimize) done
Event: 18.899 Executing VM operation: HandshakeAllThreads (Deoptimize)
Event: 18.899 Executing VM operation: HandshakeAllThreads (Deoptimize) done
Event: 19.904 Executing VM operation: Cleanup
Event: 19.904 Executing VM operation: Cleanup done
Event: 20.413 Executing VM operation: G1CollectForAllocation (G1 Evacuation Pause)
Event: 20.452 Executing VM operation: G1CollectForAllocation (G1 Evacuation Pause) done

Events (20 events):
Event: 0.037 Thread 0x000001e3f9a7d900 Thread added: 0x000001e3f9a7d900
Event: 0.037 Thread 0x000001e3f9aa08b0 Thread added: 0x000001e3f9aa08b0
Event: 0.037 Thread 0x000001e3f9a7ed80 Thread added: 0x000001e3f9a7ed80
Event: 0.051 Thread 0x000001e3f9d41a10 Thread added: 0x000001e3f9d41a10
Event: 0.053 Thread 0x000001e3f9d59ab0 Thread added: 0x000001e3f9d59ab0
Event: 0.255 Thread 0x000001e3fe0eb340 Thread added: 0x000001e3fe0eb340
Event: 0.417 Thread 0x000001e3fe0eb340 Thread exited: 0x000001e3fe0eb340
Event: 2.478 Thread 0x000001e3fea020e0 Thread added: 0x000001e3fea020e0
Event: 14.079 Thread 0x000001e3d095d5b0 Thread added: 0x000001e3d095d5b0
Event: 14.081 Thread 0x000001e3d095dc10 Thread added: 0x000001e3d095dc10
Event: 14.085 Thread 0x000001e3ff2e3950 Thread added: 0x000001e3ff2e3950
Event: 14.085 Thread 0x000001e3ff2e3fb0 Thread added: 0x000001e3ff2e3fb0
Event: 14.086 Thread 0x000001e3ff2e4610 Thread added: 0x000001e3ff2e4610
Event: 14.086 Thread 0x000001e3d0973020 Thread added: 0x000001e3d0973020
Event: 14.086 Thread 0x000001e3fe5423e0 Thread added: 0x000001e3fe5423e0
Event: 14.087 Thread 0x000001e3ff03eb00 Thread added: 0x000001e3ff03eb00
Event: 14.087 Thread 0x000001e3ff0418f0 Thread added: 0x000001e3ff0418f0
Event: 14.087 Thread 0x000001e3ff041f80 Thread added: 0x000001e3ff041f80
Event: 14.088 Thread 0x000001e3ff040540 Thread added: 0x000001e3ff040540
Event: 15.477 Thread 0x000001e3d07eef30 Thread added: 0x000001e3d07eef30


Dynamic libraries:
0x00007ff7d2100000 - 0x00007ff7d2110000 	C:\Program Files\Java\jdk-21\bin\java.exe
0x00007ffcf62a0000 - 0x00007ffcf6507000 	C:\WINDOWS\SYSTEM32\ntdll.dll
0x00007ffcf5910000 - 0x00007ffcf59d9000 	C:\WINDOWS\System32\KERNEL32.DLL
0x00007ffcf30f0000 - 0x00007ffcf34e4000 	C:\WINDOWS\System32\KERNELBASE.dll
0x00007ffcf2b70000 - 0x00007ffcf2cbb000 	C:\WINDOWS\System32\ucrtbase.dll
0x00007ffcc4a10000 - 0x00007ffcc4a29000 	C:\Program Files\Java\jdk-21\bin\jli.dll
0x00007ffcf6160000 - 0x00007ffcf6216000 	C:\WINDOWS\System32\ADVAPI32.dll
0x00007ffcce370000 - 0x00007ffcce38b000 	C:\Program Files\Java\jdk-21\bin\VCRUNTIME140.dll
0x00007ffcf5640000 - 0x00007ffcf56e9000 	C:\WINDOWS\System32\msvcrt.dll
0x00007ffcf5ff0000 - 0x00007ffcf6097000 	C:\WINDOWS\System32\sechost.dll
0x00007ffcf56f0000 - 0x00007ffcf5808000 	C:\WINDOWS\System32\RPCRT4.dll
0x00007ffcf5470000 - 0x00007ffcf5635000 	C:\WINDOWS\System32\USER32.dll
0x00007ffcf35a0000 - 0x00007ffcf35c7000 	C:\WINDOWS\System32\win32u.dll
0x00007ffcd0a70000 - 0x00007ffcd0d03000 	C:\WINDOWS\WinSxS\amd64_microsoft.windows.common-controls_6595b64144ccf1df_6.0.26100.8115_none_3e075c82e3354f9c\COMCTL32.dll
0x00007ffcf5040000 - 0x00007ffcf506b000 	C:\WINDOWS\System32\GDI32.dll
0x00007ffcf35d0000 - 0x00007ffcf36fb000 	C:\WINDOWS\System32\gdi32full.dll
0x00007ffcf34f0000 - 0x00007ffcf3593000 	C:\WINDOWS\System32\msvcp_win.dll
0x00007ffcded70000 - 0x00007ffcded7b000 	C:\WINDOWS\SYSTEM32\VERSION.dll
0x00007ffcf6220000 - 0x00007ffcf6252000 	C:\WINDOWS\System32\IMM32.DLL
0x00007ffcce360000 - 0x00007ffcce36c000 	C:\Program Files\Java\jdk-21\bin\vcruntime140_1.dll
0x00007ffc84f30000 - 0x00007ffc84fbe000 	C:\Program Files\Java\jdk-21\bin\msvcp140.dll
0x00007ffc46510000 - 0x00007ffc4722d000 	C:\Program Files\Java\jdk-21\bin\server\jvm.dll
0x00007ffcf5e70000 - 0x00007ffcf5ef0000 	C:\WINDOWS\System32\WS2_32.dll
0x00007ffcf29d0000 - 0x00007ffcf2a2e000 	C:\WINDOWS\SYSTEM32\POWRPROF.dll
0x00007ffcea320000 - 0x00007ffcea356000 	C:\WINDOWS\SYSTEM32\WINMM.dll
0x00007ffcf29b0000 - 0x00007ffcf29c4000 	C:\WINDOWS\SYSTEM32\UMPDC.dll
0x00007ffcf1840000 - 0x00007ffcf185b000 	C:\WINDOWS\SYSTEM32\kernel.appcore.dll
0x00007ffccc2a0000 - 0x00007ffccc2aa000 	C:\Program Files\Java\jdk-21\bin\jimage.dll
0x00007ffcf0a70000 - 0x00007ffcf0cb2000 	C:\WINDOWS\SYSTEM32\DBGHELP.DLL
0x00007ffcf47b0000 - 0x00007ffcf4b32000 	C:\WINDOWS\System32\combase.dll
0x00007ffcf5a00000 - 0x00007ffcf5ad8000 	C:\WINDOWS\System32\OLEAUT32.dll
0x00007ffccc2e0000 - 0x00007ffccc31b000 	C:\WINDOWS\SYSTEM32\dbgcore.DLL
0x00007ffcf2d50000 - 0x00007ffcf2df5000 	C:\WINDOWS\System32\bcryptPrimitives.dll
0x00007ffcc49f0000 - 0x00007ffcc4a0f000 	C:\Program Files\Java\jdk-21\bin\java.dll
0x00007ffcf4040000 - 0x00007ffcf47a7000 	C:\WINDOWS\System32\SHELL32.dll
0x00007ffcf2e00000 - 0x00007ffcf2f6a000 	C:\WINDOWS\System32\wintypes.dll
0x00007ffcf3700000 - 0x00007ffcf3f68000 	C:\WINDOWS\System32\windows.storage.dll
0x00007ffcf5810000 - 0x00007ffcf5908000 	C:\WINDOWS\System32\SHCORE.dll
0x00007ffcf4fd0000 - 0x00007ffcf5036000 	C:\WINDOWS\System32\shlwapi.dll
0x00007ffcf2a90000 - 0x00007ffcf2ab9000 	C:\WINDOWS\SYSTEM32\profapi.dll
0x00007ffc76370000 - 0x00007ffc76447000 	C:\Program Files\Java\jdk-21\bin\jsvml.dll
0x00007ffcc49e0000 - 0x00007ffcc49f0000 	C:\Program Files\Java\jdk-21\bin\net.dll
0x00007ffce6ac0000 - 0x00007ffce6bed000 	C:\WINDOWS\SYSTEM32\WINHTTP.dll
0x00007ffcf1e70000 - 0x00007ffcf1edc000 	C:\WINDOWS\system32\mswsock.dll
0x00007ffcbc880000 - 0x00007ffcbc896000 	C:\Program Files\Java\jdk-21\bin\nio.dll
0x00007ffcbc860000 - 0x00007ffcbc878000 	C:\Program Files\Java\jdk-21\bin\zip.dll
0x00007ffcb8680000 - 0x00007ffcb86a4000 	C:\ProgramData\chocolatey\lib\maven\apache-maven-3.9.15\lib\jansi-native\Windows\x86_64\jansi.dll
0x00007ffcc4910000 - 0x00007ffcc4920000 	C:\Program Files\Java\jdk-21\bin\verify.dll
0x00007ffcf1a20000 - 0x00007ffcf1a56000 	C:\WINDOWS\SYSTEM32\ntmarta.dll

dbghelp: loaded successfully - version: 4.0.5 - missing functions: none
symbol engine: initialized successfully - sym options: 0x614 - pdb path: .;C:\Program Files\Java\jdk-21\bin;C:\WINDOWS\SYSTEM32;C:\WINDOWS\WinSxS\amd64_microsoft.windows.common-controls_6595b64144ccf1df_6.0.26100.8115_none_3e075c82e3354f9c;C:\Program Files\Java\jdk-21\bin\server;C:\ProgramData\chocolatey\lib\maven\apache-maven-3.9.15\lib\jansi-native\Windows\x86_64

VM Arguments:
jvm_args: --enable-native-access=ALL-UNNAMED -Dclassworlds.conf=C:\ProgramData\chocolatey\lib\maven\apache-maven-3.9.15\bin\m2.conf -Dmaven.home=C:\ProgramData\chocolatey\lib\maven\apache-maven-3.9.15 -Dlibrary.jansi.path=C:\ProgramData\chocolatey\lib\maven\apache-maven-3.9.15\lib\jansi-native -Dmaven.multiModuleProjectDirectory=C:\Users\natha\OneDrive\Documents\engineering\learning\nasa\nasaApodJob 
java_command: org.codehaus.plexus.classworlds.launcher.Launcher clean install
java_class_path (initial): C:\ProgramData\chocolatey\lib\maven\apache-maven-3.9.15\boot\plexus-classworlds-2.9.0.jar
Launcher Type: SUN_STANDARD

[Global flags]
     intx CICompilerCount                          = 4                                         {product} {ergonomic}
     uint ConcGCThreads                            = 3                                         {product} {ergonomic}
     uint G1ConcRefinementThreads                  = 10                                        {product} {ergonomic}
   size_t G1HeapRegionSize                         = 1048576                                   {product} {ergonomic}
    uintx GCDrainStackTargetSize                   = 64                                        {product} {ergonomic}
   size_t InitialHeapSize                          = 130023424                                 {product} {ergonomic}
   size_t MarkStackSize                            = 4194304                                   {product} {ergonomic}
   size_t MaxHeapSize                              = 2061500416                                {product} {ergonomic}
   size_t MaxNewSize                               = 1236271104                                {product} {ergonomic}
   size_t MinHeapDeltaBytes                        = 1048576                                   {product} {ergonomic}
   size_t MinHeapSize                              = 8388608                                   {product} {ergonomic}
    uintx NonNMethodCodeHeapSize                   = 5839372                                {pd product} {ergonomic}
    uintx NonProfiledCodeHeapSize                  = 122909434                              {pd product} {ergonomic}
    uintx ProfiledCodeHeapSize                     = 122909434                              {pd product} {ergonomic}
    uintx ReservedCodeCacheSize                    = 251658240                              {pd product} {ergonomic}
     bool SegmentedCodeCache                       = true                                      {product} {ergonomic}
   size_t SoftMaxHeapSize                          = 2061500416                             {manageable} {ergonomic}
     bool UseCompressedOops                        = true                           {product lp64_product} {ergonomic}
     bool UseG1GC                                  = true                                      {product} {ergonomic}
     bool UseLargePagesIndividualAllocation        = false                                  {pd product} {ergonomic}

Logging:
Log output configuration:
 #0: stdout all=warning uptime,level,tags foldmultilines=false
 #1: stderr all=off uptime,level,tags foldmultilines=false

Environment Variables:
JAVA_HOME=C:\Program Files\Java\jdk-21
PATH=C:\Program Files\Common Files\Oracle\Java\javapath;C:\windows\system32;C:\windows;C:\windows\System32\Wbem;C:\windows\System32\WindowsPowerShell\v1.0\;C:\windows\System32\OpenSSH\;C:\Users\natha\AppData\Local\nvm;C:\nvm4w\nodejs;C:\Program Files\Git\cmd;C:\WINDOWS\system32;C:\WINDOWS;C:\WINDOWS\System32\Wbem;C:\WINDOWS\System32\WindowsPowerShell\v1.0\;C:\WINDOWS\System32\OpenSSH\;C:\Program Files\Docker\Docker\resources\bin;C:\Program Files\GitHub CLI\;C:\ProgramData\chocolatey\bin;C:\Users\natha\OneDrive\Desktop\Apps\apache-maven-3.9.11-bin\apache-maven-3.9.11\bin;C:\Program Files\Java\jdk-21\bin;C:\Users\natha\AppData\Local\Microsoft\WindowsApps;C:\Users\natha\AppData\Local\Programs\Microsoft VS Code\bin;C:\ProgramData\natha\GitHubDesktop\bin;C:\Users\natha\AppData\Local\GitHubDesktop\bin;C:\Users\natha\OneDrive\Desktop\Apps\terraform_1.12.0_windows_amd64;C:\Users\natha\AppData\Local\Google\Cloud SDK\google-cloud-sdk\bin;C:\ProgramData\chocolatey\lib\maven\apache-maven-3.9.15\bin
USERNAME=natha
OS=Windows_NT
PROCESSOR_IDENTIFIER=Intel64 Family 6 Model 154 Stepping 4, GenuineIntel
TMP=C:\Users\natha\AppData\Local\Temp
TEMP=C:\Users\natha\AppData\Local\Temp




Periodic native trim disabled

---------------  S Y S T E M  ---------------

OS:
 Windows 11 , 64 bit Build 26100 (10.0.26100.8246)
OS uptime: 8 days 17:07 hours
Hyper-V role detected

CPU: total 12 (initial active 12) (6 cores per cpu, 2 threads per core) family 6 model 154 stepping 4 microcode 0x434, cx8, cmov, fxsr, ht, mmx, 3dnowpref, sse, sse2, sse3, ssse3, sse4.1, sse4.2, popcnt, lzcnt, tsc, tscinvbit, avx, avx2, aes, erms, clmul, bmi1, bmi2, adx, sha, fma, vzeroupper, clflush, clflushopt, clwb, hv, serialize, rdtscp, rdpid, fsrm, f16c, cet_ibt, cet_ss
Processor Information for processor 0
  Max Mhz: 1700, Current Mhz: 1700, Mhz Limit: 1700
Processor Information for processor 1
  Max Mhz: 1700, Current Mhz: 1700, Mhz Limit: 1700
Processor Information for processor 2
  Max Mhz: 1700, Current Mhz: 1700, Mhz Limit: 1700
Processor Information for processor 3
  Max Mhz: 1700, Current Mhz: 1700, Mhz Limit: 1700
Processor Information for processor 4
  Max Mhz: 1700, Current Mhz: 1200, Mhz Limit: 1190
Processor Information for processor 5
  Max Mhz: 1700, Current Mhz: 1200, Mhz Limit: 1190
Processor Information for processor 6
  Max Mhz: 1700, Current Mhz: 1200, Mhz Limit: 1190
Processor Information for processor 7
  Max Mhz: 1700, Current Mhz: 1200, Mhz Limit: 1190
Processor Information for processor 8
  Max Mhz: 1700, Current Mhz: 1200, Mhz Limit: 1190
Processor Information for processor 9
  Max Mhz: 1700, Current Mhz: 1200, Mhz Limit: 1190
Processor Information for processor 10
  Max Mhz: 1700, Current Mhz: 1200, Mhz Limit: 1190
Processor Information for processor 11
  Max Mhz: 1700, Current Mhz: 1200, Mhz Limit: 1190

Memory: 4k page, system-wide physical 7863M (226M free)
TotalPageFile size 32439M (AvailPageFile size 9M)
current process WorkingSet (physical memory assigned to process): 235M, peak: 288M
current process commit charge ("private bytes"): 404M, peak: 404M

vm_info: Java HotSpot(TM) 64-Bit Server VM (21.0.8+12-LTS-250) for windows-amd64 JRE (21.0.8+12-LTS-250), built on 2025-06-27T08:11:22Z by "mach5one" with MS VC++ 17.6 (VS2022)

END.
